<?xml version="1.0" encoding="UTF-8"?>
<TestRun id="61c7f03c-525b-41b0-b80a-0310f175fc3d" name="mert.sakarya@MERTSAKARYA 2012-03-05 20:47:41" runUser="SAHIBINDEN\mert.sakarya" xmlns="http://microsoft.com/schemas/VisualStudio/TeamTest/2010">
  <TestSettings name="Local" id="68342950-b16e-4d12-b71a-95a7036c6fb6">
    <Description>These are default test settings for a local test run.</Description>
    <Deployment enabled="false" runDeploymentRoot="mert.sakarya_MERTSAKARYA 2012-03-05 20_47_41">
      <DeploymentItem filename="C:\Users\mert.sakarya\documents\visual studio 2010\Projects\CodeFirst\packages\EntityFramework.4.3.1\lib\net40\EntityFramework.dll" />
      <DeploymentItem filename="C:\Users\mert.sakarya\documents\visual studio 2010\Projects\CodeFirst\packages\SqlServerCompact.4.0.8852.1\lib\net40\System.Data.SqlServerCe.dll" />
      <DeploymentItem filename="C:\Users\mert.sakarya\documents\visual studio 2010\Projects\CodeFirst\MS.Katusha.Repository\bin\Debug\MS.Katusha.Repository.dll" />
      <DeploymentItem filename="C:\Users\mert.sakarya\documents\visual studio 2010\Projects\CodeFirst\packages\SqlServerCompact.4.0.8852.1\lib\net40\System.Data.SqlServerCe.Entity.dll" />
      <DeploymentItem filename="C:\Users\mert.sakarya\documents\visual studio 2010\Projects\CodeFirst\MS.Katusha.Domain\bin\Debug\MS.Katusha.Domain.dll" />
    </Deployment>
    <Execution>
      <TestTypeSpecific />
      <AgentRule name="Execution Agents">
      </AgentRule>
    </Execution>
  </TestSettings>
  <Times creation="2012-03-05T20:47:41.7338958+02:00" queuing="2012-03-05T20:47:43.1050329+02:00" start="2012-03-05T20:47:43.3530577+02:00" finish="2012-03-05T20:48:23.9571177+02:00" />
  <ResultSummary outcome="Completed">
    <Counters total="10" executed="10" passed="10" error="0" failed="0" timeout="0" aborted="0" inconclusive="0" passedButRunAborted="0" notRunnable="0" notExecuted="0" disconnected="0" warning="0" completed="0" inProgress="0" pending="0" />
    <Output>
      <DebugTrace>Assembly Init
ClassCleanup
AssemblyCleanup
</DebugTrace>
    </Output>
  </ResultSummary>
  <TestDefinitions>
    <UnitTest name="ShouldBeAbleToFindBoy" storage="c:\users\mert.sakarya\documents\visual studio 2010\projects\codefirst\ms.katusha.test\bin\debug\ms.katusha.test.dll" id="c110fe79-5d51-7c14-01d1-711d00a6e64f">
      <Execution id="b8f16643-2465-40f1-a871-40051fdcd551" />
      <TestMethod codeBase="C:/Users/mert.sakarya/documents/visual studio 2010/Projects/CodeFirst/MS.Katusha.Test/bin/Debug/MS.Katusha.Test.DLL" adapterTypeName="Microsoft.VisualStudio.TestTools.TestTypes.Unit.UnitTestAdapter, Microsoft.VisualStudio.QualityTools.Tips.UnitTest.Adapter, Version=10.0.0.0, Culture=neutral, PublicKeyToken=b03f5f7f11d50a3a" className="MS.Katusha.Test.BoyRepositoryTest, MS.Katusha.Test, Version=1.0.0.0, Culture=neutral, PublicKeyToken=null" name="ShouldBeAbleToFindBoy" />
    </UnitTest>
    <UnitTest name="TestVisitAndConversation" storage="c:\users\mert.sakarya\documents\visual studio 2010\projects\codefirst\ms.katusha.test\bin\debug\ms.katusha.test.dll" id="612255e6-ac16-66c6-627d-e06d4332ae15">
      <Execution id="87fc55b1-fe48-4dcf-aa02-0d6304c2441c" />
      <TestMethod codeBase="C:/Users/mert.sakarya/documents/visual studio 2010/Projects/CodeFirst/MS.Katusha.Test/bin/Debug/MS.Katusha.Test.DLL" adapterTypeName="Microsoft.VisualStudio.TestTools.TestTypes.Unit.UnitTestAdapter, Microsoft.VisualStudio.QualityTools.Tips.UnitTest.Adapter, Version=10.0.0.0, Culture=neutral, PublicKeyToken=b03f5f7f11d50a3a" className="MS.Katusha.Test.BoyRepositoryTest, MS.Katusha.Test, Version=1.0.0.0, Culture=neutral, PublicKeyToken=null" name="TestVisitAndConversation" />
    </UnitTest>
    <UnitTest name="CreateNewPhoto" storage="c:\users\mert.sakarya\documents\visual studio 2010\projects\codefirst\ms.katusha.test\bin\debug\ms.katusha.test.dll" id="c7c8a49b-11c0-a7a1-93dd-80aee5255f3d">
      <Execution id="c0b39de3-b7fc-4007-ac98-a9693d0db90d" />
      <TestMethod codeBase="C:/Users/mert.sakarya/documents/visual studio 2010/Projects/CodeFirst/MS.Katusha.Test/bin/Debug/MS.Katusha.Test.DLL" adapterTypeName="Microsoft.VisualStudio.TestTools.TestTypes.Unit.UnitTestAdapter, Microsoft.VisualStudio.QualityTools.Tips.UnitTest.Adapter, Version=10.0.0.0, Culture=neutral, PublicKeyToken=b03f5f7f11d50a3a" className="MS.Katusha.Test.BoyRepositoryTest, MS.Katusha.Test, Version=1.0.0.0, Culture=neutral, PublicKeyToken=null" name="CreateNewPhoto" />
    </UnitTest>
    <UnitTest name="UpdatePhoto2" storage="c:\users\mert.sakarya\documents\visual studio 2010\projects\codefirst\ms.katusha.test\bin\debug\ms.katusha.test.dll" id="df98b7f1-a98d-d3aa-c04e-2ea97bebaf3d">
      <Execution id="30e13f14-151c-4ae5-9679-000038cc190a" />
      <TestMethod codeBase="C:/Users/mert.sakarya/documents/visual studio 2010/Projects/CodeFirst/MS.Katusha.Test/bin/Debug/MS.Katusha.Test.DLL" adapterTypeName="Microsoft.VisualStudio.TestTools.TestTypes.Unit.UnitTestAdapter, Microsoft.VisualStudio.QualityTools.Tips.UnitTest.Adapter, Version=10.0.0.0, Culture=neutral, PublicKeyToken=b03f5f7f11d50a3a" className="MS.Katusha.Test.BoyRepositoryTest, MS.Katusha.Test, Version=1.0.0.0, Culture=neutral, PublicKeyToken=null" name="UpdatePhoto2" />
    </UnitTest>
    <UnitTest name="UpdatePhoto" storage="c:\users\mert.sakarya\documents\visual studio 2010\projects\codefirst\ms.katusha.test\bin\debug\ms.katusha.test.dll" id="1ca39a1b-1f74-feca-cc96-b7aff9a9f07e">
      <Execution id="55c7cff3-5dd8-420d-ba1e-dfc0d98d11cc" />
      <TestMethod codeBase="C:/Users/mert.sakarya/documents/visual studio 2010/Projects/CodeFirst/MS.Katusha.Test/bin/Debug/MS.Katusha.Test.DLL" adapterTypeName="Microsoft.VisualStudio.TestTools.TestTypes.Unit.UnitTestAdapter, Microsoft.VisualStudio.QualityTools.Tips.UnitTest.Adapter, Version=10.0.0.0, Culture=neutral, PublicKeyToken=b03f5f7f11d50a3a" className="MS.Katusha.Test.BoyRepositoryTest, MS.Katusha.Test, Version=1.0.0.0, Culture=neutral, PublicKeyToken=null" name="UpdatePhoto" />
    </UnitTest>
    <UnitTest name="ShouldBeAbleToFindBoy" storage="c:\users\mert.sakarya\documents\visual studio 2010\projects\codefirst\ms.katusha.test\bin\debug\ms.katusha.test.dll" id="2c3b54dd-eda2-8575-6b29-4aef6babadf6">
      <Execution id="ab4d6d0b-50da-4bfe-8b9b-3e08e26748aa" />
      <TestMethod codeBase="C:/Users/mert.sakarya/documents/visual studio 2010/Projects/CodeFirst/MS.Katusha.Test/bin/Debug/MS.Katusha.Test.DLL" adapterTypeName="Microsoft.VisualStudio.TestTools.TestTypes.Unit.UnitTestAdapter, Microsoft.VisualStudio.QualityTools.Tips.UnitTest.Adapter, Version=10.0.0.0, Culture=neutral, PublicKeyToken=b03f5f7f11d50a3a" className="MS.Katusha.Test.KatushaRepositoryTest, MS.Katusha.Test, Version=1.0.0.0, Culture=neutral, PublicKeyToken=null" name="ShouldBeAbleToFindBoy" />
    </UnitTest>
    <UnitTest name="ShouldFindUser" storage="c:\users\mert.sakarya\documents\visual studio 2010\projects\codefirst\ms.katusha.test\bin\debug\ms.katusha.test.dll" id="15676237-f968-2375-d914-bdbeba90e511">
      <Execution id="a401664d-0b45-42c5-9d26-dc3cc12fed97" />
      <TestMethod codeBase="C:/Users/mert.sakarya/documents/visual studio 2010/Projects/CodeFirst/MS.Katusha.Test/bin/Debug/MS.Katusha.Test.DLL" adapterTypeName="Microsoft.VisualStudio.TestTools.TestTypes.Unit.UnitTestAdapter, Microsoft.VisualStudio.QualityTools.Tips.UnitTest.Adapter, Version=10.0.0.0, Culture=neutral, PublicKeyToken=b03f5f7f11d50a3a" className="MS.Katusha.Test.BoyRepositoryTest, MS.Katusha.Test, Version=1.0.0.0, Culture=neutral, PublicKeyToken=null" name="ShouldFindUser" />
    </UnitTest>
    <UnitTest name="ShouldBeAbleToFindBoy2" storage="c:\users\mert.sakarya\documents\visual studio 2010\projects\codefirst\ms.katusha.test\bin\debug\ms.katusha.test.dll" id="329007e2-3baa-f261-caae-3580f430a309">
      <Execution id="babde56e-594e-4f2d-9db8-0fd58441d4e0" />
      <TestMethod codeBase="C:/Users/mert.sakarya/documents/visual studio 2010/Projects/CodeFirst/MS.Katusha.Test/bin/Debug/MS.Katusha.Test.DLL" adapterTypeName="Microsoft.VisualStudio.TestTools.TestTypes.Unit.UnitTestAdapter, Microsoft.VisualStudio.QualityTools.Tips.UnitTest.Adapter, Version=10.0.0.0, Culture=neutral, PublicKeyToken=b03f5f7f11d50a3a" className="MS.Katusha.Test.BoyRepositoryTest, MS.Katusha.Test, Version=1.0.0.0, Culture=neutral, PublicKeyToken=null" name="ShouldBeAbleToFindBoy2" />
    </UnitTest>
    <UnitTest name="ShouldBeAbleToFindAUser" storage="c:\users\mert.sakarya\documents\visual studio 2010\projects\codefirst\ms.katusha.test\bin\debug\ms.katusha.test.dll" id="877536f0-aab5-dc3d-50d4-130ded0dfe18">
      <Execution id="ab2c6c09-0c45-4991-a6bb-29a2ff38a346" />
      <TestMethod codeBase="C:/Users/mert.sakarya/documents/visual studio 2010/Projects/CodeFirst/MS.Katusha.Test/bin/Debug/MS.Katusha.Test.DLL" adapterTypeName="Microsoft.VisualStudio.TestTools.TestTypes.Unit.UnitTestAdapter, Microsoft.VisualStudio.QualityTools.Tips.UnitTest.Adapter, Version=10.0.0.0, Culture=neutral, PublicKeyToken=b03f5f7f11d50a3a" className="MS.Katusha.Test.KatushaRepositoryTest, MS.Katusha.Test, Version=1.0.0.0, Culture=neutral, PublicKeyToken=null" name="ShouldBeAbleToFindAUser" />
    </UnitTest>
    <UnitTest name="TestVisits" storage="c:\users\mert.sakarya\documents\visual studio 2010\projects\codefirst\ms.katusha.test\bin\debug\ms.katusha.test.dll" id="d22554e5-525e-5d9c-f2ee-f7ad962ac07f">
      <Execution id="6b734517-c86c-4c6d-9ced-1b45dbb8696c" />
      <TestMethod codeBase="C:/Users/mert.sakarya/documents/visual studio 2010/Projects/CodeFirst/MS.Katusha.Test/bin/Debug/MS.Katusha.Test.DLL" adapterTypeName="Microsoft.VisualStudio.TestTools.TestTypes.Unit.UnitTestAdapter, Microsoft.VisualStudio.QualityTools.Tips.UnitTest.Adapter, Version=10.0.0.0, Culture=neutral, PublicKeyToken=b03f5f7f11d50a3a" className="MS.Katusha.Test.BoyRepositoryTest, MS.Katusha.Test, Version=1.0.0.0, Culture=neutral, PublicKeyToken=null" name="TestVisits" />
    </UnitTest>
  </TestDefinitions>
  <TestLists>
    <TestList name="Results Not in a List" id="8c84fa94-04c1-424b-9868-57a2d4851a1d" />
    <TestList name="All Loaded Results" id="19431567-8539-422a-85d7-44ee4e166bda" />
  </TestLists>
  <TestEntries>
    <TestEntry testId="2c3b54dd-eda2-8575-6b29-4aef6babadf6" executionId="ab4d6d0b-50da-4bfe-8b9b-3e08e26748aa" testListId="8c84fa94-04c1-424b-9868-57a2d4851a1d" />
    <TestEntry testId="877536f0-aab5-dc3d-50d4-130ded0dfe18" executionId="ab2c6c09-0c45-4991-a6bb-29a2ff38a346" testListId="8c84fa94-04c1-424b-9868-57a2d4851a1d" />
    <TestEntry testId="329007e2-3baa-f261-caae-3580f430a309" executionId="babde56e-594e-4f2d-9db8-0fd58441d4e0" testListId="8c84fa94-04c1-424b-9868-57a2d4851a1d" />
    <TestEntry testId="c110fe79-5d51-7c14-01d1-711d00a6e64f" executionId="b8f16643-2465-40f1-a871-40051fdcd551" testListId="8c84fa94-04c1-424b-9868-57a2d4851a1d" />
    <TestEntry testId="612255e6-ac16-66c6-627d-e06d4332ae15" executionId="87fc55b1-fe48-4dcf-aa02-0d6304c2441c" testListId="8c84fa94-04c1-424b-9868-57a2d4851a1d" />
    <TestEntry testId="d22554e5-525e-5d9c-f2ee-f7ad962ac07f" executionId="6b734517-c86c-4c6d-9ced-1b45dbb8696c" testListId="8c84fa94-04c1-424b-9868-57a2d4851a1d" />
    <TestEntry testId="15676237-f968-2375-d914-bdbeba90e511" executionId="a401664d-0b45-42c5-9d26-dc3cc12fed97" testListId="8c84fa94-04c1-424b-9868-57a2d4851a1d" />
    <TestEntry testId="c7c8a49b-11c0-a7a1-93dd-80aee5255f3d" executionId="c0b39de3-b7fc-4007-ac98-a9693d0db90d" testListId="8c84fa94-04c1-424b-9868-57a2d4851a1d" />
    <TestEntry testId="1ca39a1b-1f74-feca-cc96-b7aff9a9f07e" executionId="55c7cff3-5dd8-420d-ba1e-dfc0d98d11cc" testListId="8c84fa94-04c1-424b-9868-57a2d4851a1d" />
    <TestEntry testId="df98b7f1-a98d-d3aa-c04e-2ea97bebaf3d" executionId="30e13f14-151c-4ae5-9679-000038cc190a" testListId="8c84fa94-04c1-424b-9868-57a2d4851a1d" />
  </TestEntries>
  <Results>
    <UnitTestResult executionId="ab4d6d0b-50da-4bfe-8b9b-3e08e26748aa" testId="2c3b54dd-eda2-8575-6b29-4aef6babadf6" testName="ShouldBeAbleToFindBoy" computerName="MERTSAKARYA" duration="00:00:01.6691617" startTime="2012-03-05T20:47:43.5220746+02:00" endTime="2012-03-05T20:47:46.7463970+02:00" testType="13cdc9d9-ddb5-4fa4-a97d-d965ccfc6d4b" outcome="Passed" testListId="8c84fa94-04c1-424b-9868-57a2d4851a1d" relativeResultsDirectory="ab4d6d0b-50da-4bfe-8b9b-3e08e26748aa">
      <Output>
        <DebugTrace>Found 1 boy and 2 photos, out of 3 boys and 3 girls.
</DebugTrace>
      </Output>
    </UnitTestResult>
    <UnitTestResult executionId="ab2c6c09-0c45-4991-a6bb-29a2ff38a346" testId="877536f0-aab5-dc3d-50d4-130ded0dfe18" testName="ShouldBeAbleToFindAUser" computerName="MERTSAKARYA" duration="00:00:00.4062349" startTime="2012-03-05T20:47:46.7533977+02:00" endTime="2012-03-05T20:47:47.1664390+02:00" testType="13cdc9d9-ddb5-4fa4-a97d-d965ccfc6d4b" outcome="Passed" testListId="8c84fa94-04c1-424b-9868-57a2d4851a1d" relativeResultsDirectory="ab2c6c09-0c45-4991-a6bb-29a2ff38a346">
      <Output>
        <DebugTrace>Result 05.03.2013 18:34:53
</DebugTrace>
      </Output>
    </UnitTestResult>
    <UnitTestResult executionId="babde56e-594e-4f2d-9db8-0fd58441d4e0" testId="329007e2-3baa-f261-caae-3580f430a309" testName="ShouldBeAbleToFindBoy2" computerName="MERTSAKARYA" duration="00:00:00.1855823" startTime="2012-03-05T20:47:47.1764400+02:00" endTime="2012-03-05T20:47:47.3684592+02:00" testType="13cdc9d9-ddb5-4fa4-a97d-d965ccfc6d4b" outcome="Passed" testListId="8c84fa94-04c1-424b-9868-57a2d4851a1d" relativeResultsDirectory="babde56e-594e-4f2d-9db8-0fd58441d4e0">
      <Output>
        <DebugTrace>Found User:
 Id: 2 | ts: System.Byte[] | ModifiedDate: 05.03.2012 18:34:53 | CreationsDate: 05.03.2012 18:34:53 | Guid: f7097724-1960-454d-bf41-d6659980d46d | Profile: Id: 2 | ts: System.Byte[] | ModifiedDate: 05.03.2012 18:34:53 | CreationsDate: 05.03.2012 18:34:53 | Guid: f7097724-1960-454d-bf41-d6659980d46d | FriendlyName: mertiko2 | UserId: 2 | State:  | Name:  | From: Turkey | City: Istanbul2 | BodyBuild:  | EyeColor:  | HairColor:  | Smokes:  | Alcohol:  | Religion:  | Height: 170 | BirthYear: 0 | DickSize: Medium | DickThickness: Thick | Gender: Male | UserName: mertsakarya2 | Email: mertsakarya@gmail.com | Phone:  | Password: 690514
Found boy with 2 photos.
Found boy with 2 photos.
Found boy with 2 photos.
</DebugTrace>
      </Output>
    </UnitTestResult>
    <UnitTestResult executionId="b8f16643-2465-40f1-a871-40051fdcd551" testId="c110fe79-5d51-7c14-01d1-711d00a6e64f" testName="ShouldBeAbleToFindBoy" computerName="MERTSAKARYA" duration="00:00:00.0345178" startTime="2012-03-05T20:47:47.3804604+02:00" endTime="2012-03-05T20:47:47.4224646+02:00" testType="13cdc9d9-ddb5-4fa4-a97d-d965ccfc6d4b" outcome="Passed" testListId="8c84fa94-04c1-424b-9868-57a2d4851a1d" relativeResultsDirectory="b8f16643-2465-40f1-a871-40051fdcd551">
      <Output>
        <DebugTrace>Found 3 boys and 3 boys
</DebugTrace>
      </Output>
    </UnitTestResult>
    <UnitTestResult executionId="87fc55b1-fe48-4dcf-aa02-0d6304c2441c" testId="612255e6-ac16-66c6-627d-e06d4332ae15" testName="TestVisitAndConversation" computerName="MERTSAKARYA" duration="00:00:00.3769663" startTime="2012-03-05T20:47:47.4294653+02:00" endTime="2012-03-05T20:47:47.8135037+02:00" testType="13cdc9d9-ddb5-4fa4-a97d-d965ccfc6d4b" outcome="Passed" testListId="8c84fa94-04c1-424b-9868-57a2d4851a1d" relativeResultsDirectory="87fc55b1-fe48-4dcf-aa02-0d6304c2441c">
      <Output>
        <DebugTrace>Id: 71 | ts: System.Byte[] | ModifiedDate: 05.03.2012 18:47:47 | CreationsDate: 05.03.2012 18:47:47 | Guid: 2c862274-f816-4bdb-9c8e-abe501da40e8 | ProfileId: 1 | VisitorProfileId: 4
Id: 6 | ts: System.Byte[] | ModifiedDate: 05.03.2012 18:47:47 | CreationsDate: 05.03.2012 18:47:47 | Guid: d3a8fd1b-faa2-48c6-8e26-500d33fd4ee9 | From: 1 | To: 4 | ReadDate:  | Subject: Hi
MESSAGE: [

I would 
Like to meet you

]
Id: 6 | ts: System.Byte[] | ModifiedDate: 05.03.2012 18:47:47 | CreationsDate: 05.03.2012 18:47:47 | Guid: d3a8fd1b-faa2-48c6-8e26-500d33fd4ee9 | From: 1 | To: 4 | ReadDate:  | Subject: Hi
MESSAGE: [

I would 
Like to meet you

]
</DebugTrace>
      </Output>
    </UnitTestResult>
    <UnitTestResult executionId="6b734517-c86c-4c6d-9ced-1b45dbb8696c" testId="d22554e5-525e-5d9c-f2ee-f7ad962ac07f" testName="TestVisits" computerName="MERTSAKARYA" duration="00:00:00.3792311" startTime="2012-03-05T20:47:47.8235047+02:00" endTime="2012-03-05T20:47:48.2075431+02:00" testType="13cdc9d9-ddb5-4fa4-a97d-d965ccfc6d4b" outcome="Passed" testListId="8c84fa94-04c1-424b-9868-57a2d4851a1d" relativeResultsDirectory="6b734517-c86c-4c6d-9ced-1b45dbb8696c">
      <Output>
        <DebugTrace>Id: 72 | ts: System.Byte[] | ModifiedDate: 05.03.2012 18:47:47 | CreationsDate: 05.03.2012 18:47:47 | Guid: 8aa55c95-d4ac-4787-9e4f-f71b7a3fc86d | ProfileId: 1 | VisitorProfileId: 6
Id: 73 | ts: System.Byte[] | ModifiedDate: 05.03.2012 18:47:47 | CreationsDate: 05.03.2012 18:47:47 | Guid: 39a5e6fc-9f98-48c7-9367-ae0a2566d77f | ProfileId: 3 | VisitorProfileId: 5
Id: 74 | ts: System.Byte[] | ModifiedDate: 05.03.2012 18:47:47 | CreationsDate: 05.03.2012 18:47:47 | Guid: 7e7c0226-ff28-4307-8a5c-4456b1d3f63e | ProfileId: 1 | VisitorProfileId: 5
Id: 75 | ts: System.Byte[] | ModifiedDate: 05.03.2012 18:47:47 | CreationsDate: 05.03.2012 18:47:47 | Guid: e9f1353c-08e9-4ff5-938c-f9f82c0940b1 | ProfileId: 1 | VisitorProfileId: 5
Id: 76 | ts: System.Byte[] | ModifiedDate: 05.03.2012 18:47:47 | CreationsDate: 05.03.2012 18:47:47 | Guid: 9b061a35-2558-4852-8b29-6bfcd3bdb3dd | ProfileId: 2 | VisitorProfileId: 4
Id: 77 | ts: System.Byte[] | ModifiedDate: 05.03.2012 18:47:47 | CreationsDate: 05.03.2012 18:47:47 | Guid: b8022e46-adb4-4c6e-bc34-1bf1d4bdd5ed | ProfileId: 3 | VisitorProfileId: 4
Id: 78 | ts: System.Byte[] | ModifiedDate: 05.03.2012 18:47:47 | CreationsDate: 05.03.2012 18:47:47 | Guid: 70f66103-a215-48ea-97f8-b02050aeb002 | ProfileId: 1 | VisitorProfileId: 4
Id: 79 | ts: System.Byte[] | ModifiedDate: 05.03.2012 18:47:47 | CreationsDate: 05.03.2012 18:47:47 | Guid: c373d3ec-dc01-4723-83a6-c28afdd3b450 | ProfileId: 4 | VisitorProfileId: 5
Id: 4 | ts: System.Byte[] | ModifiedDate: 05.03.2012 18:34:53 | CreationsDate: 05.03.2012 18:34:53 | Guid: 409ed41c-134e-4eb9-bbfb-16b3b1811dcd | FriendlyName: girl_mertiko4 | UserId: 4 | State:  | Name:  | From: Turkey | City: Ankara4 | BodyBuild:  | EyeColor:  | HairColor:  | Smokes:  | Alcohol:  | Religion:  | Height: 170 | BirthYear: 0
Photos: [
	Id: 7 | ts: System.Byte[] | ModifiedDate: 05.03.2012 18:34:53 | CreationsDate: 05.03.2012 18:34:53 | Guid: fe90615a-ba2f-45dc-9d11-f78aebab823e | ProfileId: 4 | Description: [
Açıklama4
]
	Id: 8 | ts: System.Byte[] | ModifiedDate: 05.03.2012 18:47:29 | CreationsDate: 05.03.2012 18:34:53 | Guid: 7aa234cb-798d-48b3-ae8d-98991eb2c8de | ProfileId: 4 | Description: [
Deneme2
]
	Id: 13 | ts: System.Byte[] | ModifiedDate: 05.03.2012 18:34:55 | CreationsDate: 05.03.2012 18:34:55 | Guid: 8406f21d-5442-4c3b-8309-7600826fa6a0 | ProfileId: 4 | Description: [
Ali
]
	Id: 14 | ts: System.Byte[] | ModifiedDate: 05.03.2012 18:35:50 | CreationsDate: 05.03.2012 18:35:50 | Guid: a43e8730-703a-43ed-8022-ff33a6afc301 | ProfileId: 4 | Description: [
Veli
]
	Id: 15 | ts: System.Byte[] | ModifiedDate: 05.03.2012 18:42:49 | CreationsDate: 05.03.2012 18:42:49 | Guid: cc4cbfe8-94cc-44fb-94c2-11ec558938b7 | ProfileId: 4 | Description: [
Veli
]
	Id: 16 | ts: System.Byte[] | ModifiedDate: 05.03.2012 18:43:08 | CreationsDate: 05.03.2012 18:43:08 | Guid: 795efef2-4aa7-4e45-a0b7-535e4e5f2a3d | ProfileId: 4 | Description: [
Veli
]
	Id: 17 | ts: System.Byte[] | ModifiedDate: 05.03.2012 18:47:20 | CreationsDate: 05.03.2012 18:47:20 | Guid: 10662e94-f982-4544-98f5-6fd9af2a7a7d | ProfileId: 4 | Description: [
Veli
]
] | BreastSize: Large
</DebugTrace>
      </Output>
    </UnitTestResult>
    <UnitTestResult executionId="a401664d-0b45-42c5-9d26-dc3cc12fed97" testId="15676237-f968-2375-d914-bdbeba90e511" testName="ShouldFindUser" computerName="MERTSAKARYA" duration="00:00:00.1338968" startTime="2012-03-05T20:47:48.2125436+02:00" endTime="2012-03-05T20:47:48.3515575+02:00" testType="13cdc9d9-ddb5-4fa4-a97d-d965ccfc6d4b" outcome="Passed" testListId="8c84fa94-04c1-424b-9868-57a2d4851a1d" relativeResultsDirectory="a401664d-0b45-42c5-9d26-dc3cc12fed97">
      <Output>
        <DebugTrace>Found User:
 Id: 4 | ts: System.Byte[] | ModifiedDate: 05.03.2012 18:34:53 | CreationsDate: 05.03.2012 18:34:53 | Guid: 409ed41c-134e-4eb9-bbfb-16b3b1811dcd | Profile: Id: 4 | ts: System.Byte[] | ModifiedDate: 05.03.2012 18:34:53 | CreationsDate: 05.03.2012 18:34:53 | Guid: 409ed41c-134e-4eb9-bbfb-16b3b1811dcd | FriendlyName: girl_mertiko4 | UserId: 4 | State:  | Name:  | From: Turkey | City: Ankara4 | BodyBuild:  | EyeColor:  | HairColor:  | Smokes:  | Alcohol:  | Religion:  | Height: 170 | BirthYear: 0 | BreastSize: Large | Gender: Female | UserName: mertsakarya4 | Email: mertsakarya@gmail.com | Phone:  | Password: 690514
</DebugTrace>
      </Output>
    </UnitTestResult>
    <UnitTestResult executionId="c0b39de3-b7fc-4007-ac98-a9693d0db90d" testId="c7c8a49b-11c0-a7a1-93dd-80aee5255f3d" testName="CreateNewPhoto" computerName="MERTSAKARYA" duration="00:00:00.0358553" startTime="2012-03-05T20:47:48.3605584+02:00" endTime="2012-03-05T20:47:48.4015625+02:00" testType="13cdc9d9-ddb5-4fa4-a97d-d965ccfc6d4b" outcome="Passed" testListId="8c84fa94-04c1-424b-9868-57a2d4851a1d" relativeResultsDirectory="c0b39de3-b7fc-4007-ac98-a9693d0db90d">
      <Output>
        <DebugTrace>Id: 18 | ts: System.Byte[] | ModifiedDate: 05.03.2012 18:47:48 | CreationsDate: 05.03.2012 18:47:48 | Guid: dc9c77e9-e5d4-4c03-a62f-6640820e1ef5 | ProfileId: 4 | Description: [
Veli
]
</DebugTrace>
      </Output>
    </UnitTestResult>
    <UnitTestResult executionId="55c7cff3-5dd8-420d-ba1e-dfc0d98d11cc" testId="1ca39a1b-1f74-feca-cc96-b7aff9a9f07e" testName="UpdatePhoto" computerName="MERTSAKARYA" duration="00:00:28.6779289" startTime="2012-03-05T20:47:48.4075631+02:00" endTime="2012-03-05T20:48:17.0924313+02:00" testType="13cdc9d9-ddb5-4fa4-a97d-d965ccfc6d4b" outcome="Passed" testListId="8c84fa94-04c1-424b-9868-57a2d4851a1d" relativeResultsDirectory="55c7cff3-5dd8-420d-ba1e-dfc0d98d11cc">
      <Output>
        <DebugTrace>Id: 8 | ts: System.Byte[] | ModifiedDate: 05.03.2012 18:48:17 | CreationsDate: 05.03.2012 18:34:53 | Guid: 7aa234cb-798d-48b3-ae8d-98991eb2c8de | ProfileId: 4 | Description: [
Deneme
]
</DebugTrace>
      </Output>
    </UnitTestResult>
    <UnitTestResult executionId="30e13f14-151c-4ae5-9679-000038cc190a" testId="df98b7f1-a98d-d3aa-c04e-2ea97bebaf3d" testName="UpdatePhoto2" computerName="MERTSAKARYA" duration="00:00:06.7599655" startTime="2012-03-05T20:48:17.1064327+02:00" endTime="2012-03-05T20:48:23.8731093+02:00" testType="13cdc9d9-ddb5-4fa4-a97d-d965ccfc6d4b" outcome="Passed" testListId="8c84fa94-04c1-424b-9868-57a2d4851a1d" relativeResultsDirectory="30e13f14-151c-4ae5-9679-000038cc190a">
      <Output>
        <DebugTrace>Id: 8 | ts: System.Byte[] | ModifiedDate: 05.03.2012 18:48:23 | CreationsDate: 05.03.2012 18:34:53 | Guid: 7aa234cb-798d-48b3-ae8d-98991eb2c8de | ProfileId: 4 | Description: [
Deneme2
]
</DebugTrace>
      </Output>
    </UnitTestResult>
  </Results>
</TestRun>