<?xml version="1.0" encoding="UTF-8"?>
<TestRun id="609b6ca1-4afd-49ae-9591-53200353e333" name="mert.sakarya@MERTSAKARYA 2012-03-05 19:32:24" runUser="SAHIBINDEN\mert.sakarya" xmlns="http://microsoft.com/schemas/VisualStudio/TeamTest/2010">
  <TestSettings name="Local" id="68342950-b16e-4d12-b71a-95a7036c6fb6">
    <Description>These are default test settings for a local test run.</Description>
    <Deployment enabled="false" runDeploymentRoot="mert.sakarya_MERTSAKARYA 2012-03-05 19_32_24">
      <DeploymentItem filename="C:\Users\mert.sakarya\documents\visual studio 2010\Projects\CodeFirst\packages\EntityFramework.4.3.1\lib\net40\EntityFramework.dll" />
      <DeploymentItem filename="C:\Users\mert.sakarya\documents\visual studio 2010\Projects\CodeFirst\packages\SqlServerCompact.4.0.8852.1\lib\net40\System.Data.SqlServerCe.dll" />
      <DeploymentItem filename="C:\Users\mert.sakarya\documents\visual studio 2010\Projects\CodeFirst\MS.Katusha.Repository\bin\Debug\MS.Katusha.Repository.dll" />
      <DeploymentItem filename="C:\Users\mert.sakarya\documents\visual studio 2010\Projects\CodeFirst\packages\SqlServerCompact.4.0.8852.1\lib\net40\System.Data.SqlServerCe.Entity.dll" />
      <DeploymentItem filename="C:\Users\mert.sakarya\documents\visual studio 2010\Projects\CodeFirst\MS.Katusha.Domain\bin\Debug\MS.Katusha.Domain.dll" />
    </Deployment>
    <Execution>
      <TestTypeSpecific />
      <AgentRule name="Execution Agents">
      </AgentRule>
    </Execution>
  </TestSettings>
  <Times creation="2012-03-05T19:32:24.4770647+02:00" queuing="2012-03-05T19:32:26.3490647+02:00" start="2012-03-05T19:32:26.5920647+02:00" finish="2012-03-05T19:33:13.0030647+02:00" />
  <ResultSummary outcome="Error">
    <Counters total="5" executed="5" passed="4" error="0" failed="0" timeout="0" aborted="1" inconclusive="0" passedButRunAborted="0" notRunnable="0" notExecuted="0" disconnected="0" warning="0" completed="0" inProgress="0" pending="0" />
    <Output>
      <DebugTrace>Assembly Init
</DebugTrace>
    </Output>
    <RunInfos>
      <RunInfo computerName="MERTSAKARYA" outcome="Error" timestamp="2012-03-05T19:33:13.0020647+02:00">
        <Text>Test host process exited unexpectedly.</Text>
      </RunInfo>
    </RunInfos>
  </ResultSummary>
  <TestDefinitions>
    <UnitTest name="ShouldBeAbleToFindAUser" storage="c:\users\mert.sakarya\documents\visual studio 2010\projects\codefirst\ms.katusha.test\bin\debug\ms.katusha.test.dll" id="877536f0-aab5-dc3d-50d4-130ded0dfe18">
      <Execution id="6e9e7b25-6af1-4d8d-b429-d3320aab19a3" />
      <TestMethod codeBase="C:/Users/mert.sakarya/documents/visual studio 2010/Projects/CodeFirst/MS.Katusha.Test/bin/Debug/MS.Katusha.Test.DLL" adapterTypeName="Microsoft.VisualStudio.TestTools.TestTypes.Unit.UnitTestAdapter, Microsoft.VisualStudio.QualityTools.Tips.UnitTest.Adapter, Version=10.0.0.0, Culture=neutral, PublicKeyToken=b03f5f7f11d50a3a" className="MS.Katusha.Test.KatushaRepositoryTest, MS.Katusha.Test, Version=1.0.0.0, Culture=neutral, PublicKeyToken=null" name="ShouldBeAbleToFindAUser" />
    </UnitTest>
    <UnitTest name="ShouldBeAbleToFindBoy2" storage="c:\users\mert.sakarya\documents\visual studio 2010\projects\codefirst\ms.katusha.test\bin\debug\ms.katusha.test.dll" id="329007e2-3baa-f261-caae-3580f430a309">
      <Execution id="eacb9c92-a6ff-4733-b18e-4a23fb046a99" />
      <TestMethod codeBase="C:/Users/mert.sakarya/documents/visual studio 2010/Projects/CodeFirst/MS.Katusha.Test/bin/Debug/MS.Katusha.Test.DLL" adapterTypeName="Microsoft.VisualStudio.TestTools.TestTypes.Unit.UnitTestAdapter, Microsoft.VisualStudio.QualityTools.Tips.UnitTest.Adapter, Version=10.0.0.0, Culture=neutral, PublicKeyToken=b03f5f7f11d50a3a" className="MS.Katusha.Test.BoyRepositoryTest, MS.Katusha.Test, Version=1.0.0.0, Culture=neutral, PublicKeyToken=null" name="ShouldBeAbleToFindBoy2" />
    </UnitTest>
    <UnitTest name="ShouldBeAbleToFindBoy" storage="c:\users\mert.sakarya\documents\visual studio 2010\projects\codefirst\ms.katusha.test\bin\debug\ms.katusha.test.dll" id="c110fe79-5d51-7c14-01d1-711d00a6e64f">
      <Execution id="75796c12-3e0a-4edd-b25d-78458d7f3270" />
      <TestMethod codeBase="C:/Users/mert.sakarya/documents/visual studio 2010/Projects/CodeFirst/MS.Katusha.Test/bin/Debug/MS.Katusha.Test.DLL" adapterTypeName="Microsoft.VisualStudio.TestTools.TestTypes.Unit.UnitTestAdapter, Microsoft.VisualStudio.QualityTools.Tips.UnitTest.Adapter, Version=10.0.0.0, Culture=neutral, PublicKeyToken=b03f5f7f11d50a3a" className="MS.Katusha.Test.BoyRepositoryTest, MS.Katusha.Test, Version=1.0.0.0, Culture=neutral, PublicKeyToken=null" name="ShouldBeAbleToFindBoy" />
    </UnitTest>
    <UnitTest name="ShouldBeAbleToFindBoy" storage="c:\users\mert.sakarya\documents\visual studio 2010\projects\codefirst\ms.katusha.test\bin\debug\ms.katusha.test.dll" id="2c3b54dd-eda2-8575-6b29-4aef6babadf6">
      <Execution id="74a29104-8d24-44c1-8bf8-7989de199c5d" />
      <TestMethod codeBase="C:/Users/mert.sakarya/documents/visual studio 2010/Projects/CodeFirst/MS.Katusha.Test/bin/Debug/MS.Katusha.Test.DLL" adapterTypeName="Microsoft.VisualStudio.TestTools.TestTypes.Unit.UnitTestAdapter, Microsoft.VisualStudio.QualityTools.Tips.UnitTest.Adapter, Version=10.0.0.0, Culture=neutral, PublicKeyToken=b03f5f7f11d50a3a" className="MS.Katusha.Test.KatushaRepositoryTest, MS.Katusha.Test, Version=1.0.0.0, Culture=neutral, PublicKeyToken=null" name="ShouldBeAbleToFindBoy" />
    </UnitTest>
    <UnitTest name="TestVisitAndConversation" storage="c:\users\mert.sakarya\documents\visual studio 2010\projects\codefirst\ms.katusha.test\bin\debug\ms.katusha.test.dll" id="612255e6-ac16-66c6-627d-e06d4332ae15">
      <Execution id="328c90a8-5e40-4ccf-8f40-9f63507fbce1" />
      <TestMethod codeBase="C:/Users/mert.sakarya/documents/visual studio 2010/Projects/CodeFirst/MS.Katusha.Test/bin/Debug/MS.Katusha.Test.DLL" adapterTypeName="Microsoft.VisualStudio.TestTools.TestTypes.Unit.UnitTestAdapter, Microsoft.VisualStudio.QualityTools.Tips.UnitTest.Adapter, Version=10.0.0.0, Culture=neutral, PublicKeyToken=b03f5f7f11d50a3a" className="MS.Katusha.Test.BoyRepositoryTest, MS.Katusha.Test, Version=1.0.0.0, Culture=neutral, PublicKeyToken=null" name="TestVisitAndConversation" />
    </UnitTest>
  </TestDefinitions>
  <TestLists>
    <TestList name="Results Not in a List" id="8c84fa94-04c1-424b-9868-57a2d4851a1d" />
    <TestList name="All Loaded Results" id="19431567-8539-422a-85d7-44ee4e166bda" />
  </TestLists>
  <TestEntries>
    <TestEntry testId="2c3b54dd-eda2-8575-6b29-4aef6babadf6" executionId="74a29104-8d24-44c1-8bf8-7989de199c5d" testListId="8c84fa94-04c1-424b-9868-57a2d4851a1d" />
    <TestEntry testId="877536f0-aab5-dc3d-50d4-130ded0dfe18" executionId="6e9e7b25-6af1-4d8d-b429-d3320aab19a3" testListId="8c84fa94-04c1-424b-9868-57a2d4851a1d" />
    <TestEntry testId="329007e2-3baa-f261-caae-3580f430a309" executionId="eacb9c92-a6ff-4733-b18e-4a23fb046a99" testListId="8c84fa94-04c1-424b-9868-57a2d4851a1d" />
    <TestEntry testId="c110fe79-5d51-7c14-01d1-711d00a6e64f" executionId="75796c12-3e0a-4edd-b25d-78458d7f3270" testListId="8c84fa94-04c1-424b-9868-57a2d4851a1d" />
    <TestEntry testId="612255e6-ac16-66c6-627d-e06d4332ae15" executionId="328c90a8-5e40-4ccf-8f40-9f63507fbce1" testListId="8c84fa94-04c1-424b-9868-57a2d4851a1d" />
  </TestEntries>
  <Results>
    <UnitTestResult executionId="74a29104-8d24-44c1-8bf8-7989de199c5d" testId="2c3b54dd-eda2-8575-6b29-4aef6babadf6" testName="ShouldBeAbleToFindBoy" computerName="MERTSAKARYA" duration="00:00:12.3651197" startTime="2012-03-05T19:32:26.8080647+02:00" endTime="2012-03-05T19:32:41.3550647+02:00" testType="13cdc9d9-ddb5-4fa4-a97d-d965ccfc6d4b" outcome="Passed" testListId="8c84fa94-04c1-424b-9868-57a2d4851a1d" relativeResultsDirectory="74a29104-8d24-44c1-8bf8-7989de199c5d">
      <Output>
        <DebugTrace>Id: 1 | ts: System.Byte[] | ModifiedDate: 05.03.2012 17:32:32 | CreationsDate: 05.03.2012 17:32:32 | Guid: 22d9ac0f-d2a4-4d88-8705-24b909895f1c | Profile: Id: 1 | ts: System.Byte[] | ModifiedDate: 05.03.2012 17:32:32 | CreationsDate: 05.03.2012 17:32:32 | Guid: 22d9ac0f-d2a4-4d88-8705-24b909895f1c | FriendlyName: mertiko1 | UserId: 1 | State: Id: 1 | ts: System.Byte[] | ModifiedDate: 05.03.2012 17:32:33 | CreationsDate: 05.03.2012 17:32:33[ProfileId: 1 | MembershipType: Normal | Status: Online | Existance: Active | LastOnline: 05.03.2012 17:31:32 | Expires: 05.03.2013 17:32:32] | Name:  | From: Turkey | City: Istanbul1 | BodyBuild:  | EyeColor:  | HairColor:  | Smokes:  | Alcohol:  | Religion:  | Height: 170 | BirthYear: 0
Searches: [
	Id: 1 | ts: System.Byte[] | ModifiedDate: 05.03.2012 17:32:32 | CreationsDate: 05.03.2012 17:32:32 | ProfileId: 1 | Search: LongTimeRelationship
	Id: 2 | ts: System.Byte[] | ModifiedDate: 05.03.2012 17:32:32 | CreationsDate: 05.03.2012 17:32:32 | ProfileId: 1 | Search: Friend
	Id: 3 | ts: System.Byte[] | ModifiedDate: 05.03.2012 17:32:32 | CreationsDate: 05.03.2012 17:32:32 | ProfileId: 1 | Search: OneNight
	Id: 4 | ts: System.Byte[] | ModifiedDate: 05.03.2012 17:32:32 | CreationsDate: 05.03.2012 17:32:32 | ProfileId: 1 | Search: Sex
]
Photos: [
	Id: 1 | ts: System.Byte[] | ModifiedDate: 05.03.2012 17:32:32 | CreationsDate: 05.03.2012 17:32:32 | Guid: 6d78bc24-1314-473f-b5c4-1749646e7598 | ProfileId: 1 | Description: [
Açıklama1
]
	Id: 2 | ts: System.Byte[] | ModifiedDate: 05.03.2012 17:32:32 | CreationsDate: 05.03.2012 17:32:32 | Guid: 503bef20-63b8-4eeb-a07a-a79883586e1b | ProfileId: 1 | Description: [
Açıklama21
]
]
CountriesToVisit: [
	Id: 1 | ts: System.Byte[] | ModifiedDate: 05.03.2012 17:32:32 | CreationsDate: 05.03.2012 17:32:32 | ProfileId: 1 | Country: Turkey
	Id: 2 | ts: System.Byte[] | ModifiedDate: 05.03.2012 17:32:32 | CreationsDate: 05.03.2012 17:32:32 | ProfileId: 1 | Country: Ukraine
]
LanguagesSpoken: [
	Id: 1 | ts: System.Byte[] | ModifiedDate: 05.03.2012 17:32:32 | CreationsDate: 05.03.2012 17:32:32 | ProfileId: 1 | Language: English
	Id: 2 | ts: System.Byte[] | ModifiedDate: 05.03.2012 17:32:32 | CreationsDate: 05.03.2012 17:32:32 | ProfileId: 1 | Language: Russian
	Id: 3 | ts: System.Byte[] | ModifiedDate: 05.03.2012 17:32:32 | CreationsDate: 05.03.2012 17:32:32 | ProfileId: 1 | Language: Turkish
] | DickSize: Medium | DickThickness: Thick | Gender: Male | UserName: mertsakarya1 | Email: mertsakarya@gmail.com | Phone:  | Password: 690514
Id: 2 | ts: System.Byte[] | ModifiedDate: 05.03.2012 17:32:33 | CreationsDate: 05.03.2012 17:32:33 | Guid: 62ebe56f-1b2d-493d-8a0b-adcff4b64d31 | Profile: Id: 2 | ts: System.Byte[] | ModifiedDate: 05.03.2012 17:32:33 | CreationsDate: 05.03.2012 17:32:33 | Guid: 62ebe56f-1b2d-493d-8a0b-adcff4b64d31 | FriendlyName: mertiko2 | UserId: 2 | State: Id: 2 | ts: System.Byte[] | ModifiedDate: 05.03.2012 17:32:33 | CreationsDate: 05.03.2012 17:32:33[ProfileId: 2 | MembershipType: Normal | Status: Online | Existance: Active | LastOnline: 05.03.2012 17:31:33 | Expires: 05.03.2013 17:32:33] | Name:  | From: Turkey | City: Istanbul2 | BodyBuild:  | EyeColor:  | HairColor:  | Smokes:  | Alcohol:  | Religion:  | Height: 170 | BirthYear: 0
Searches: [
	Id: 5 | ts: System.Byte[] | ModifiedDate: 05.03.2012 17:32:33 | CreationsDate: 05.03.2012 17:32:33 | ProfileId: 2 | Search: LongTimeRelationship
	Id: 6 | ts: System.Byte[] | ModifiedDate: 05.03.2012 17:32:33 | CreationsDate: 05.03.2012 17:32:33 | ProfileId: 2 | Search: Friend
	Id: 7 | ts: System.Byte[] | ModifiedDate: 05.03.2012 17:32:33 | CreationsDate: 05.03.2012 17:32:33 | ProfileId: 2 | Search: OneNight
	Id: 8 | ts: System.Byte[] | ModifiedDate: 05.03.2012 17:32:33 | CreationsDate: 05.03.2012 17:32:33 | ProfileId: 2 | Search: Sex
]
Photos: [
	Id: 3 | ts: System.Byte[] | ModifiedDate: 05.03.2012 17:32:33 | CreationsDate: 05.03.2012 17:32:33 | Guid: 2feacb8e-8e70-4313-8c0a-8ed03b8a25f7 | ProfileId: 2 | Description: [
Açıklama2
]
	Id: 4 | ts: System.Byte[] | ModifiedDate: 05.03.2012 17:32:33 | CreationsDate: 05.03.2012 17:32:33 | Guid: d125f604-f761-4b49-8b15-21f87c8430e8 | ProfileId: 2 | Description: [
Açıklama22
]
]
CountriesToVisit: [
	Id: 3 | ts: System.Byte[] | ModifiedDate: 05.03.2012 17:32:33 | CreationsDate: 05.03.2012 17:32:33 | ProfileId: 2 | Country: Turkey
	Id: 4 | ts: System.Byte[] | ModifiedDate: 05.03.2012 17:32:33 | CreationsDate: 05.03.2012 17:32:33 | ProfileId: 2 | Country: Ukraine
]
LanguagesSpoken: [
	Id: 4 | ts: System.Byte[] | ModifiedDate: 05.03.2012 17:32:33 | CreationsDate: 05.03.2012 17:32:33 | ProfileId: 2 | Language: English
	Id: 5 | ts: System.Byte[] | ModifiedDate: 05.03.2012 17:32:33 | CreationsDate: 05.03.2012 17:32:33 | ProfileId: 2 | Language: Russian
	Id: 6 | ts: System.Byte[] | ModifiedDate: 05.03.2012 17:32:33 | CreationsDate: 05.03.2012 17:32:33 | ProfileId: 2 | Language: Turkish
] | DickSize: Medium | DickThickness: Thick | Gender: Male | UserName: mertsakarya2 | Email: mertsakarya@gmail.com | Phone:  | Password: 690514
Id: 3 | ts: System.Byte[] | ModifiedDate: 05.03.2012 17:32:33 | CreationsDate: 05.03.2012 17:32:33 | Guid: 9dd35ca0-e99c-4a03-9257-10807f9be3b6 | Profile: Id: 3 | ts: System.Byte[] | ModifiedDate: 05.03.2012 17:32:33 | CreationsDate: 05.03.2012 17:32:33 | Guid: 9dd35ca0-e99c-4a03-9257-10807f9be3b6 | FriendlyName: mertiko3 | UserId: 3 | State: Id: 3 | ts: System.Byte[] | ModifiedDate: 05.03.2012 17:32:33 | CreationsDate: 05.03.2012 17:32:33[ProfileId: 3 | MembershipType: Normal | Status: Online | Existance: Active | LastOnline: 05.03.2012 17:31:33 | Expires: 05.03.2013 17:32:33] | Name:  | From: Turkey | City: Istanbul3 | BodyBuild:  | EyeColor:  | HairColor:  | Smokes:  | Alcohol:  | Religion:  | Height: 170 | BirthYear: 0
Searches: [
	Id: 9 | ts: System.Byte[] | ModifiedDate: 05.03.2012 17:32:33 | CreationsDate: 05.03.2012 17:32:33 | ProfileId: 3 | Search: LongTimeRelationship
	Id: 10 | ts: System.Byte[] | ModifiedDate: 05.03.2012 17:32:33 | CreationsDate: 05.03.2012 17:32:33 | ProfileId: 3 | Search: Friend
	Id: 11 | ts: System.Byte[] | ModifiedDate: 05.03.2012 17:32:33 | CreationsDate: 05.03.2012 17:32:33 | ProfileId: 3 | Search: OneNight
	Id: 12 | ts: System.Byte[] | ModifiedDate: 05.03.2012 17:32:33 | CreationsDate: 05.03.2012 17:32:33 | ProfileId: 3 | Search: Sex
]
Photos: [
	Id: 5 | ts: System.Byte[] | ModifiedDate: 05.03.2012 17:32:33 | CreationsDate: 05.03.2012 17:32:33 | Guid: 519544c3-ca73-4ded-a8c7-d0140ac04611 | ProfileId: 3 | Description: [
Açıklama3
]
	Id: 6 | ts: System.Byte[] | ModifiedDate: 05.03.2012 17:32:33 | CreationsDate: 05.03.2012 17:32:33 | Guid: 91cac5bc-aee4-4ff7-b8f3-a3c73b1f7ceb | ProfileId: 3 | Description: [
Açıklama23
]
]
CountriesToVisit: [
	Id: 5 | ts: System.Byte[] | ModifiedDate: 05.03.2012 17:32:33 | CreationsDate: 05.03.2012 17:32:33 | ProfileId: 3 | Country: Turkey
	Id: 6 | ts: System.Byte[] | ModifiedDate: 05.03.2012 17:32:33 | CreationsDate: 05.03.2012 17:32:33 | ProfileId: 3 | Country: Ukraine
]
LanguagesSpoken: [
	Id: 7 | ts: System.Byte[] | ModifiedDate: 05.03.2012 17:32:33 | CreationsDate: 05.03.2012 17:32:33 | ProfileId: 3 | Language: English
	Id: 8 | ts: System.Byte[] | ModifiedDate: 05.03.2012 17:32:33 | CreationsDate: 05.03.2012 17:32:33 | ProfileId: 3 | Language: Russian
	Id: 9 | ts: System.Byte[] | ModifiedDate: 05.03.2012 17:32:33 | CreationsDate: 05.03.2012 17:32:33 | ProfileId: 3 | Language: Turkish
] | DickSize: Medium | DickThickness: Thick | Gender: Male | UserName: mertsakarya3 | Email: mertsakarya@gmail.com | Phone:  | Password: 690514
Id: 4 | ts: System.Byte[] | ModifiedDate: 05.03.2012 17:32:33 | CreationsDate: 05.03.2012 17:32:33 | Guid: 0e5250ce-1eb4-435e-9013-7d2f4e7e3b3c | Profile: Id: 4 | ts: System.Byte[] | ModifiedDate: 05.03.2012 17:32:33 | CreationsDate: 05.03.2012 17:32:33 | Guid: 0e5250ce-1eb4-435e-9013-7d2f4e7e3b3c | FriendlyName: girl_mertiko4 | UserId: 4 | State: Id: 4 | ts: System.Byte[] | ModifiedDate: 05.03.2012 17:32:33 | CreationsDate: 05.03.2012 17:32:33[ProfileId: 4 | MembershipType: Normal | Status: Online | Existance: Active | LastOnline: 05.03.2012 17:31:33 | Expires: 05.03.2013 17:32:33] | Name:  | From: Turkey | City: Ankara4 | BodyBuild:  | EyeColor:  | HairColor:  | Smokes:  | Alcohol:  | Religion:  | Height: 170 | BirthYear: 0
Photos: [
	Id: 7 | ts: System.Byte[] | ModifiedDate: 05.03.2012 17:32:33 | CreationsDate: 05.03.2012 17:32:33 | Guid: 92c9c340-b20c-4de4-a352-3949027f0342 | ProfileId: 4 | Description: [
Açıklama4
]
	Id: 8 | ts: System.Byte[] | ModifiedDate: 05.03.2012 17:32:33 | CreationsDate: 05.03.2012 17:32:33 | Guid: 891b51e9-dd5c-47b1-a72d-4690fb857ad0 | ProfileId: 4 | Description: [
Açıklama24
]
]
CountriesToVisit: [
	Id: 7 | ts: System.Byte[] | ModifiedDate: 05.03.2012 17:32:33 | CreationsDate: 05.03.2012 17:32:33 | ProfileId: 4 | Country: Turkey
	Id: 8 | ts: System.Byte[] | ModifiedDate: 05.03.2012 17:32:33 | CreationsDate: 05.03.2012 17:32:33 | ProfileId: 4 | Country: Ukraine
]
LanguagesSpoken: [
	Id: 10 | ts: System.Byte[] | ModifiedDate: 05.03.2012 17:32:33 | CreationsDate: 05.03.2012 17:32:33 | ProfileId: 4 | Language: English
	Id: 11 | ts: System.Byte[] | ModifiedDate: 05.03.2012 17:32:33 | CreationsDate: 05.03.2012 17:32:33 | ProfileId: 4 | Language: Russian
	Id: 12 | ts: System.Byte[] | ModifiedDate: 05.03.2012 17:32:33 | CreationsDate: 05.03.2012 17:32:33 | ProfileId: 4 | Language: Turkish
] | BreastSize: Large | Gender: Female | UserName: mertsakarya4 | Email: mertsakarya@gmail.com | Phone:  | Password: 690514
Id: 5 | ts: System.Byte[] | ModifiedDate: 05.03.2012 17:32:33 | CreationsDate: 05.03.2012 17:32:33 | Guid: 8fbcfc5a-1745-4340-ab0b-56e98e6e93b4 | Profile: Id: 5 | ts: System.Byte[] | ModifiedDate: 05.03.2012 17:32:33 | CreationsDate: 05.03.2012 17:32:33 | Guid: 8fbcfc5a-1745-4340-ab0b-56e98e6e93b4 | FriendlyName: girl_mertiko5 | UserId: 5 | State: Id: 5 | ts: System.Byte[] | ModifiedDate: 05.03.2012 17:32:33 | CreationsDate: 05.03.2012 17:32:33[ProfileId: 5 | MembershipType: Normal | Status: Online | Existance: Active | LastOnline: 05.03.2012 17:31:33 | Expires: 05.03.2013 17:32:33] | Name:  | From: Turkey | City: Ankara5 | BodyBuild:  | EyeColor:  | HairColor:  | Smokes:  | Alcohol:  | Religion:  | Height: 170 | BirthYear: 0
Photos: [
	Id: 9 | ts: System.Byte[] | ModifiedDate: 05.03.2012 17:32:33 | CreationsDate: 05.03.2012 17:32:33 | Guid: cb876a13-909e-4ab0-b011-e767223baaef | ProfileId: 5 | Description: [
Açıklama5
]
	Id: 10 | ts: System.Byte[] | ModifiedDate: 05.03.2012 17:32:33 | CreationsDate: 05.03.2012 17:32:33 | Guid: 763cf797-f9ea-43e9-a246-34201cfd69b8 | ProfileId: 5 | Description: [
Açıklama25
]
]
CountriesToVisit: [
	Id: 9 | ts: System.Byte[] | ModifiedDate: 05.03.2012 17:32:33 | CreationsDate: 05.03.2012 17:32:33 | ProfileId: 5 | Country: Turkey
	Id: 10 | ts: System.Byte[] | ModifiedDate: 05.03.2012 17:32:33 | CreationsDate: 05.03.2012 17:32:33 | ProfileId: 5 | Country: Ukraine
]
LanguagesSpoken: [
	Id: 13 | ts: System.Byte[] | ModifiedDate: 05.03.2012 17:32:33 | CreationsDate: 05.03.2012 17:32:33 | ProfileId: 5 | Language: English
	Id: 14 | ts: System.Byte[] | ModifiedDate: 05.03.2012 17:32:33 | CreationsDate: 05.03.2012 17:32:33 | ProfileId: 5 | Language: Russian
	Id: 15 | ts: System.Byte[] | ModifiedDate: 05.03.2012 17:32:33 | CreationsDate: 05.03.2012 17:32:33 | ProfileId: 5 | Language: Turkish
] | BreastSize: Large | Gender: Female | UserName: mertsakarya5 | Email: mertsakarya@gmail.com | Phone:  | Password: 690514
Id: 6 | ts: System.Byte[] | ModifiedDate: 05.03.2012 17:32:33 | CreationsDate: 05.03.2012 17:32:33 | Guid: 456b2eb7-f760-41ee-a7ae-6d09a3f40583 | Profile: Id: 6 | ts: System.Byte[] | ModifiedDate: 05.03.2012 17:32:33 | CreationsDate: 05.03.2012 17:32:33 | Guid: 456b2eb7-f760-41ee-a7ae-6d09a3f40583 | FriendlyName: girl_mertiko6 | UserId: 6 | State: Id: 6 | ts: System.Byte[] | ModifiedDate: 05.03.2012 17:32:33 | CreationsDate: 05.03.2012 17:32:33[ProfileId: 6 | MembershipType: Normal | Status: Online | Existance: Active | LastOnline: 05.03.2012 17:31:33 | Expires: 05.03.2013 17:32:33] | Name:  | From: Turkey | City: Ankara6 | BodyBuild:  | EyeColor:  | HairColor:  | Smokes:  | Alcohol:  | Religion:  | Height: 170 | BirthYear: 0
Photos: [
	Id: 11 | ts: System.Byte[] | ModifiedDate: 05.03.2012 17:32:33 | CreationsDate: 05.03.2012 17:32:33 | Guid: 2516fa6c-f53e-4d18-82d0-64c6a1c33ac9 | ProfileId: 6 | Description: [
Açıklama6
]
	Id: 12 | ts: System.Byte[] | ModifiedDate: 05.03.2012 17:32:33 | CreationsDate: 05.03.2012 17:32:33 | Guid: 9f079cdc-3ccc-475a-b1c1-2bafdfad360b | ProfileId: 6 | Description: [
Açıklama26
]
]
CountriesToVisit: [
	Id: 11 | ts: System.Byte[] | ModifiedDate: 05.03.2012 17:32:33 | CreationsDate: 05.03.2012 17:32:33 | ProfileId: 6 | Country: Turkey
	Id: 12 | ts: System.Byte[] | ModifiedDate: 05.03.2012 17:32:33 | CreationsDate: 05.03.2012 17:32:33 | ProfileId: 6 | Country: Ukraine
]
LanguagesSpoken: [
	Id: 16 | ts: System.Byte[] | ModifiedDate: 05.03.2012 17:32:33 | CreationsDate: 05.03.2012 17:32:33 | ProfileId: 6 | Language: English
	Id: 17 | ts: System.Byte[] | ModifiedDate: 05.03.2012 17:32:33 | CreationsDate: 05.03.2012 17:32:33 | ProfileId: 6 | Language: Russian
	Id: 18 | ts: System.Byte[] | ModifiedDate: 05.03.2012 17:32:33 | CreationsDate: 05.03.2012 17:32:33 | ProfileId: 6 | Language: Turkish
] | BreastSize: Large | Gender: Female | UserName: mertsakarya6 | Email: mertsakarya@gmail.com | Phone:  | Password: 690514
Created Sample Data
Found 1 boy and 2 photos, out of 3 boys and 3 girls.
</DebugTrace>
      </Output>
    </UnitTestResult>
    <UnitTestResult executionId="6e9e7b25-6af1-4d8d-b429-d3320aab19a3" testId="877536f0-aab5-dc3d-50d4-130ded0dfe18" testName="ShouldBeAbleToFindAUser" computerName="MERTSAKARYA" duration="00:00:00.1196113" startTime="2012-03-05T19:32:41.3640647+02:00" endTime="2012-03-05T19:32:41.4920647+02:00" testType="13cdc9d9-ddb5-4fa4-a97d-d965ccfc6d4b" outcome="Passed" testListId="8c84fa94-04c1-424b-9868-57a2d4851a1d" relativeResultsDirectory="6e9e7b25-6af1-4d8d-b429-d3320aab19a3">
      <Output>
        <DebugTrace>Result 05.03.2013 17:32:33
</DebugTrace>
      </Output>
    </UnitTestResult>
    <UnitTestResult executionId="eacb9c92-a6ff-4733-b18e-4a23fb046a99" testId="329007e2-3baa-f261-caae-3580f430a309" testName="ShouldBeAbleToFindBoy2" computerName="MERTSAKARYA" duration="00:00:00.1838020" startTime="2012-03-05T19:32:41.5000647+02:00" endTime="2012-03-05T19:32:41.6910647+02:00" testType="13cdc9d9-ddb5-4fa4-a97d-d965ccfc6d4b" outcome="Passed" testListId="8c84fa94-04c1-424b-9868-57a2d4851a1d" relativeResultsDirectory="eacb9c92-a6ff-4733-b18e-4a23fb046a99">
      <Output>
        <DebugTrace>Found User:
 Id: 2 | ts: System.Byte[] | ModifiedDate: 05.03.2012 17:32:33 | CreationsDate: 05.03.2012 17:32:33 | Guid: 62ebe56f-1b2d-493d-8a0b-adcff4b64d31 | Profile: Id: 2 | ts: System.Byte[] | ModifiedDate: 05.03.2012 17:32:33 | CreationsDate: 05.03.2012 17:32:33 | Guid: 62ebe56f-1b2d-493d-8a0b-adcff4b64d31 | FriendlyName: mertiko2 | UserId: 2 | State:  | Name:  | From: Turkey | City: Istanbul2 | BodyBuild:  | EyeColor:  | HairColor:  | Smokes:  | Alcohol:  | Religion:  | Height: 170 | BirthYear: 0 | DickSize: Medium | DickThickness: Thick | Gender: Male | UserName: mertsakarya2 | Email: mertsakarya@gmail.com | Phone:  | Password: 690514
Found boy with 2 photos.
Found boy with 2 photos.
Found boy with 2 photos.
</DebugTrace>
      </Output>
    </UnitTestResult>
    <UnitTestResult executionId="75796c12-3e0a-4edd-b25d-78458d7f3270" testId="c110fe79-5d51-7c14-01d1-711d00a6e64f" testName="ShouldBeAbleToFindBoy" computerName="MERTSAKARYA" duration="00:00:00.0385505" startTime="2012-03-05T19:32:41.7020647+02:00" endTime="2012-03-05T19:32:41.7490647+02:00" testType="13cdc9d9-ddb5-4fa4-a97d-d965ccfc6d4b" outcome="Passed" testListId="8c84fa94-04c1-424b-9868-57a2d4851a1d" relativeResultsDirectory="75796c12-3e0a-4edd-b25d-78458d7f3270">
      <Output>
        <DebugTrace>Found 3 boys and 3 boys
</DebugTrace>
      </Output>
    </UnitTestResult>
    <UnitTestResult executionId="328c90a8-5e40-4ccf-8f40-9f63507fbce1" testId="612255e6-ac16-66c6-627d-e06d4332ae15" testName="TestVisitAndConversation" computerName="MERTSAKARYA" duration="00:00:31.2440000" startTime="2012-03-05T19:32:41.7590647+02:00" endTime="2012-03-05T19:33:13.0030647+02:00" testType="13cdc9d9-ddb5-4fa4-a97d-d965ccfc6d4b" outcome="Aborted" testListId="8c84fa94-04c1-424b-9868-57a2d4851a1d" relativeResultsDirectory="328c90a8-5e40-4ccf-8f40-9f63507fbce1">
    </UnitTestResult>
  </Results>
</TestRun>