<?xml version="1.0" encoding="UTF-8"?>
<TestRun id="09e8a05a-a748-4603-bed7-15def9790f7f" name="mert.sakarya@MERTSAKARYA 2012-03-05 20:35:43" runUser="SAHIBINDEN\mert.sakarya" xmlns="http://microsoft.com/schemas/VisualStudio/TeamTest/2010">
  <TestSettings name="Local" id="68342950-b16e-4d12-b71a-95a7036c6fb6">
    <Description>These are default test settings for a local test run.</Description>
    <Deployment enabled="false" runDeploymentRoot="mert.sakarya_MERTSAKARYA 2012-03-05 20_35_43">
      <DeploymentItem filename="C:\Users\mert.sakarya\documents\visual studio 2010\Projects\CodeFirst\packages\EntityFramework.4.3.1\lib\net40\EntityFramework.dll" />
      <DeploymentItem filename="C:\Users\mert.sakarya\documents\visual studio 2010\Projects\CodeFirst\packages\SqlServerCompact.4.0.8852.1\lib\net40\System.Data.SqlServerCe.dll" />
      <DeploymentItem filename="C:\Users\mert.sakarya\documents\visual studio 2010\Projects\CodeFirst\MS.Katusha.Repository\bin\Debug\MS.Katusha.Repository.dll" />
      <DeploymentItem filename="C:\Users\mert.sakarya\documents\visual studio 2010\Projects\CodeFirst\packages\SqlServerCompact.4.0.8852.1\lib\net40\System.Data.SqlServerCe.Entity.dll" />
      <DeploymentItem filename="C:\Users\mert.sakarya\documents\visual studio 2010\Projects\CodeFirst\MS.Katusha.Domain\bin\Debug\MS.Katusha.Domain.dll" />
    </Deployment>
    <Execution>
      <TestTypeSpecific />
      <AgentRule name="Execution Agents">
      </AgentRule>
    </Execution>
  </TestSettings>
  <Times creation="2012-03-05T20:35:43.4182904+02:00" queuing="2012-03-05T20:35:45.0251007+02:00" start="2012-03-05T20:35:45.2435021+02:00" finish="2012-03-05T20:35:53.3705775+02:00" />
  <ResultSummary outcome="Completed">
    <Counters total="8" executed="8" passed="8" error="0" failed="0" timeout="0" aborted="0" inconclusive="0" passedButRunAborted="0" notRunnable="0" notExecuted="0" disconnected="0" warning="0" completed="0" inProgress="0" pending="0" />
    <Output>
      <DebugTrace>Assembly Init
ClassCleanup
AssemblyCleanup
</DebugTrace>
    </Output>
  </ResultSummary>
  <TestDefinitions>
    <UnitTest name="ShouldBeAbleToFindBoy" storage="c:\users\mert.sakarya\documents\visual studio 2010\projects\codefirst\ms.katusha.test\bin\debug\ms.katusha.test.dll" id="c110fe79-5d51-7c14-01d1-711d00a6e64f">
      <Execution id="8871f857-3baa-443b-ab79-c905e68cc968" />
      <TestMethod codeBase="C:/Users/mert.sakarya/documents/visual studio 2010/Projects/CodeFirst/MS.Katusha.Test/bin/Debug/MS.Katusha.Test.DLL" adapterTypeName="Microsoft.VisualStudio.TestTools.TestTypes.Unit.UnitTestAdapter, Microsoft.VisualStudio.QualityTools.Tips.UnitTest.Adapter, Version=10.0.0.0, Culture=neutral, PublicKeyToken=b03f5f7f11d50a3a" className="MS.Katusha.Test.BoyRepositoryTest, MS.Katusha.Test, Version=1.0.0.0, Culture=neutral, PublicKeyToken=null" name="ShouldBeAbleToFindBoy" />
    </UnitTest>
    <UnitTest name="TestVisitAndConversation" storage="c:\users\mert.sakarya\documents\visual studio 2010\projects\codefirst\ms.katusha.test\bin\debug\ms.katusha.test.dll" id="612255e6-ac16-66c6-627d-e06d4332ae15">
      <Execution id="0dd9a182-1a6b-4fdd-a45c-e9a8a5b1fafc" />
      <TestMethod codeBase="C:/Users/mert.sakarya/documents/visual studio 2010/Projects/CodeFirst/MS.Katusha.Test/bin/Debug/MS.Katusha.Test.DLL" adapterTypeName="Microsoft.VisualStudio.TestTools.TestTypes.Unit.UnitTestAdapter, Microsoft.VisualStudio.QualityTools.Tips.UnitTest.Adapter, Version=10.0.0.0, Culture=neutral, PublicKeyToken=b03f5f7f11d50a3a" className="MS.Katusha.Test.BoyRepositoryTest, MS.Katusha.Test, Version=1.0.0.0, Culture=neutral, PublicKeyToken=null" name="TestVisitAndConversation" />
    </UnitTest>
    <UnitTest name="CreateNewPhoto" storage="c:\users\mert.sakarya\documents\visual studio 2010\projects\codefirst\ms.katusha.test\bin\debug\ms.katusha.test.dll" id="c7c8a49b-11c0-a7a1-93dd-80aee5255f3d">
      <Execution id="eea66169-29de-49be-8e4f-e7c6df74cc8b" />
      <TestMethod codeBase="C:/Users/mert.sakarya/documents/visual studio 2010/Projects/CodeFirst/MS.Katusha.Test/bin/Debug/MS.Katusha.Test.DLL" adapterTypeName="Microsoft.VisualStudio.TestTools.TestTypes.Unit.UnitTestAdapter, Microsoft.VisualStudio.QualityTools.Tips.UnitTest.Adapter, Version=10.0.0.0, Culture=neutral, PublicKeyToken=b03f5f7f11d50a3a" className="MS.Katusha.Test.BoyRepositoryTest, MS.Katusha.Test, Version=1.0.0.0, Culture=neutral, PublicKeyToken=null" name="CreateNewPhoto" />
    </UnitTest>
    <UnitTest name="ShouldBeAbleToFindBoy" storage="c:\users\mert.sakarya\documents\visual studio 2010\projects\codefirst\ms.katusha.test\bin\debug\ms.katusha.test.dll" id="2c3b54dd-eda2-8575-6b29-4aef6babadf6">
      <Execution id="c7f070e9-e192-4578-a348-b921d5df98d8" />
      <TestMethod codeBase="C:/Users/mert.sakarya/documents/visual studio 2010/Projects/CodeFirst/MS.Katusha.Test/bin/Debug/MS.Katusha.Test.DLL" adapterTypeName="Microsoft.VisualStudio.TestTools.TestTypes.Unit.UnitTestAdapter, Microsoft.VisualStudio.QualityTools.Tips.UnitTest.Adapter, Version=10.0.0.0, Culture=neutral, PublicKeyToken=b03f5f7f11d50a3a" className="MS.Katusha.Test.KatushaRepositoryTest, MS.Katusha.Test, Version=1.0.0.0, Culture=neutral, PublicKeyToken=null" name="ShouldBeAbleToFindBoy" />
    </UnitTest>
    <UnitTest name="ShouldFindUser" storage="c:\users\mert.sakarya\documents\visual studio 2010\projects\codefirst\ms.katusha.test\bin\debug\ms.katusha.test.dll" id="15676237-f968-2375-d914-bdbeba90e511">
      <Execution id="c50a5fa6-fa12-4095-8a76-31c42e91bb64" />
      <TestMethod codeBase="C:/Users/mert.sakarya/documents/visual studio 2010/Projects/CodeFirst/MS.Katusha.Test/bin/Debug/MS.Katusha.Test.DLL" adapterTypeName="Microsoft.VisualStudio.TestTools.TestTypes.Unit.UnitTestAdapter, Microsoft.VisualStudio.QualityTools.Tips.UnitTest.Adapter, Version=10.0.0.0, Culture=neutral, PublicKeyToken=b03f5f7f11d50a3a" className="MS.Katusha.Test.BoyRepositoryTest, MS.Katusha.Test, Version=1.0.0.0, Culture=neutral, PublicKeyToken=null" name="ShouldFindUser" />
    </UnitTest>
    <UnitTest name="ShouldBeAbleToFindBoy2" storage="c:\users\mert.sakarya\documents\visual studio 2010\projects\codefirst\ms.katusha.test\bin\debug\ms.katusha.test.dll" id="329007e2-3baa-f261-caae-3580f430a309">
      <Execution id="5973e078-649b-42b8-8d27-8d131585af8e" />
      <TestMethod codeBase="C:/Users/mert.sakarya/documents/visual studio 2010/Projects/CodeFirst/MS.Katusha.Test/bin/Debug/MS.Katusha.Test.DLL" adapterTypeName="Microsoft.VisualStudio.TestTools.TestTypes.Unit.UnitTestAdapter, Microsoft.VisualStudio.QualityTools.Tips.UnitTest.Adapter, Version=10.0.0.0, Culture=neutral, PublicKeyToken=b03f5f7f11d50a3a" className="MS.Katusha.Test.BoyRepositoryTest, MS.Katusha.Test, Version=1.0.0.0, Culture=neutral, PublicKeyToken=null" name="ShouldBeAbleToFindBoy2" />
    </UnitTest>
    <UnitTest name="ShouldBeAbleToFindAUser" storage="c:\users\mert.sakarya\documents\visual studio 2010\projects\codefirst\ms.katusha.test\bin\debug\ms.katusha.test.dll" id="877536f0-aab5-dc3d-50d4-130ded0dfe18">
      <Execution id="5d1200ed-f591-4c77-9e8c-ee5025fc1b38" />
      <TestMethod codeBase="C:/Users/mert.sakarya/documents/visual studio 2010/Projects/CodeFirst/MS.Katusha.Test/bin/Debug/MS.Katusha.Test.DLL" adapterTypeName="Microsoft.VisualStudio.TestTools.TestTypes.Unit.UnitTestAdapter, Microsoft.VisualStudio.QualityTools.Tips.UnitTest.Adapter, Version=10.0.0.0, Culture=neutral, PublicKeyToken=b03f5f7f11d50a3a" className="MS.Katusha.Test.KatushaRepositoryTest, MS.Katusha.Test, Version=1.0.0.0, Culture=neutral, PublicKeyToken=null" name="ShouldBeAbleToFindAUser" />
    </UnitTest>
    <UnitTest name="TestVisits" storage="c:\users\mert.sakarya\documents\visual studio 2010\projects\codefirst\ms.katusha.test\bin\debug\ms.katusha.test.dll" id="d22554e5-525e-5d9c-f2ee-f7ad962ac07f">
      <Execution id="a1f3656e-f7b4-4e72-a559-fdccf77c5183" />
      <TestMethod codeBase="C:/Users/mert.sakarya/documents/visual studio 2010/Projects/CodeFirst/MS.Katusha.Test/bin/Debug/MS.Katusha.Test.DLL" adapterTypeName="Microsoft.VisualStudio.TestTools.TestTypes.Unit.UnitTestAdapter, Microsoft.VisualStudio.QualityTools.Tips.UnitTest.Adapter, Version=10.0.0.0, Culture=neutral, PublicKeyToken=b03f5f7f11d50a3a" className="MS.Katusha.Test.BoyRepositoryTest, MS.Katusha.Test, Version=1.0.0.0, Culture=neutral, PublicKeyToken=null" name="TestVisits" />
    </UnitTest>
  </TestDefinitions>
  <TestLists>
    <TestList name="Results Not in a List" id="8c84fa94-04c1-424b-9868-57a2d4851a1d" />
    <TestList name="All Loaded Results" id="19431567-8539-422a-85d7-44ee4e166bda" />
  </TestLists>
  <TestEntries>
    <TestEntry testId="2c3b54dd-eda2-8575-6b29-4aef6babadf6" executionId="c7f070e9-e192-4578-a348-b921d5df98d8" testListId="8c84fa94-04c1-424b-9868-57a2d4851a1d" />
    <TestEntry testId="877536f0-aab5-dc3d-50d4-130ded0dfe18" executionId="5d1200ed-f591-4c77-9e8c-ee5025fc1b38" testListId="8c84fa94-04c1-424b-9868-57a2d4851a1d" />
    <TestEntry testId="329007e2-3baa-f261-caae-3580f430a309" executionId="5973e078-649b-42b8-8d27-8d131585af8e" testListId="8c84fa94-04c1-424b-9868-57a2d4851a1d" />
    <TestEntry testId="c110fe79-5d51-7c14-01d1-711d00a6e64f" executionId="8871f857-3baa-443b-ab79-c905e68cc968" testListId="8c84fa94-04c1-424b-9868-57a2d4851a1d" />
    <TestEntry testId="612255e6-ac16-66c6-627d-e06d4332ae15" executionId="0dd9a182-1a6b-4fdd-a45c-e9a8a5b1fafc" testListId="8c84fa94-04c1-424b-9868-57a2d4851a1d" />
    <TestEntry testId="d22554e5-525e-5d9c-f2ee-f7ad962ac07f" executionId="a1f3656e-f7b4-4e72-a559-fdccf77c5183" testListId="8c84fa94-04c1-424b-9868-57a2d4851a1d" />
    <TestEntry testId="15676237-f968-2375-d914-bdbeba90e511" executionId="c50a5fa6-fa12-4095-8a76-31c42e91bb64" testListId="8c84fa94-04c1-424b-9868-57a2d4851a1d" />
    <TestEntry testId="c7c8a49b-11c0-a7a1-93dd-80aee5255f3d" executionId="eea66169-29de-49be-8e4f-e7c6df74cc8b" testListId="8c84fa94-04c1-424b-9868-57a2d4851a1d" />
  </TestEntries>
  <Results>
    <UnitTestResult executionId="c7f070e9-e192-4578-a348-b921d5df98d8" testId="2c3b54dd-eda2-8575-6b29-4aef6babadf6" testName="ShouldBeAbleToFindBoy" computerName="MERTSAKARYA" duration="00:00:01.9556093" startTime="2012-03-05T20:35:45.4151032+02:00" endTime="2012-03-05T20:35:49.0197264+02:00" testType="13cdc9d9-ddb5-4fa4-a97d-d965ccfc6d4b" outcome="Passed" testListId="8c84fa94-04c1-424b-9868-57a2d4851a1d" relativeResultsDirectory="c7f070e9-e192-4578-a348-b921d5df98d8">
      <Output>
        <DebugTrace>Found 1 boy and 2 photos, out of 3 boys and 3 girls.
</DebugTrace>
      </Output>
    </UnitTestResult>
    <UnitTestResult executionId="5d1200ed-f591-4c77-9e8c-ee5025fc1b38" testId="877536f0-aab5-dc3d-50d4-130ded0dfe18" testName="ShouldBeAbleToFindAUser" computerName="MERTSAKARYA" duration="00:00:00.2824505" startTime="2012-03-05T20:35:49.0353265+02:00" endTime="2012-03-05T20:35:49.3317284+02:00" testType="13cdc9d9-ddb5-4fa4-a97d-d965ccfc6d4b" outcome="Passed" testListId="8c84fa94-04c1-424b-9868-57a2d4851a1d" relativeResultsDirectory="5d1200ed-f591-4c77-9e8c-ee5025fc1b38">
      <Output>
        <DebugTrace>Result 05.03.2013 18:34:53
</DebugTrace>
      </Output>
    </UnitTestResult>
    <UnitTestResult executionId="5973e078-649b-42b8-8d27-8d131585af8e" testId="329007e2-3baa-f261-caae-3580f430a309" testName="ShouldBeAbleToFindBoy2" computerName="MERTSAKARYA" duration="00:00:00.2153417" startTime="2012-03-05T20:35:49.3317284+02:00" endTime="2012-03-05T20:35:49.5657299+02:00" testType="13cdc9d9-ddb5-4fa4-a97d-d965ccfc6d4b" outcome="Passed" testListId="8c84fa94-04c1-424b-9868-57a2d4851a1d" relativeResultsDirectory="5973e078-649b-42b8-8d27-8d131585af8e">
      <Output>
        <DebugTrace>Found User:
 Id: 2 | ts: System.Byte[] | ModifiedDate: 05.03.2012 18:34:53 | CreationsDate: 05.03.2012 18:34:53 | Guid: f7097724-1960-454d-bf41-d6659980d46d | Profile: Id: 2 | ts: System.Byte[] | ModifiedDate: 05.03.2012 18:34:53 | CreationsDate: 05.03.2012 18:34:53 | Guid: f7097724-1960-454d-bf41-d6659980d46d | FriendlyName: mertiko2 | UserId: 2 | State:  | Name:  | From: Turkey | City: Istanbul2 | BodyBuild:  | EyeColor:  | HairColor:  | Smokes:  | Alcohol:  | Religion:  | Height: 170 | BirthYear: 0 | DickSize: Medium | DickThickness: Thick | Gender: Male | UserName: mertsakarya2 | Email: mertsakarya@gmail.com | Phone:  | Password: 690514
Found boy with 2 photos.
Found boy with 2 photos.
Found boy with 2 photos.
</DebugTrace>
      </Output>
    </UnitTestResult>
    <UnitTestResult executionId="8871f857-3baa-443b-ab79-c905e68cc968" testId="c110fe79-5d51-7c14-01d1-711d00a6e64f" testName="ShouldBeAbleToFindBoy" computerName="MERTSAKARYA" duration="00:00:00.0231400" startTime="2012-03-05T20:35:49.5657299+02:00" endTime="2012-03-05T20:35:49.5969301+02:00" testType="13cdc9d9-ddb5-4fa4-a97d-d965ccfc6d4b" outcome="Passed" testListId="8c84fa94-04c1-424b-9868-57a2d4851a1d" relativeResultsDirectory="8871f857-3baa-443b-ab79-c905e68cc968">
      <Output>
        <DebugTrace>Found 3 boys and 3 boys
</DebugTrace>
      </Output>
    </UnitTestResult>
    <UnitTestResult executionId="0dd9a182-1a6b-4fdd-a45c-e9a8a5b1fafc" testId="612255e6-ac16-66c6-627d-e06d4332ae15" testName="TestVisitAndConversation" computerName="MERTSAKARYA" duration="00:00:00.3072448" startTime="2012-03-05T20:35:49.6125302+02:00" endTime="2012-03-05T20:35:49.9245322+02:00" testType="13cdc9d9-ddb5-4fa4-a97d-d965ccfc6d4b" outcome="Passed" testListId="8c84fa94-04c1-424b-9868-57a2d4851a1d" relativeResultsDirectory="0dd9a182-1a6b-4fdd-a45c-e9a8a5b1fafc">
      <Output>
        <DebugTrace>Id: 15 | ts: System.Byte[] | ModifiedDate: 05.03.2012 18:35:49 | CreationsDate: 05.03.2012 18:35:49 | Guid: 152dbfcd-cae2-44b4-9cfa-51cec28d72a9 | ProfileId: 1 | VisitorProfileId: 4
Id: 2 | ts: System.Byte[] | ModifiedDate: 05.03.2012 18:35:49 | CreationsDate: 05.03.2012 18:35:49 | Guid: 1572c1a4-c696-4189-a0ea-8e4c2a3cd17a | From: 1 | To: 4 | ReadDate:  | Subject: Hi
MESSAGE: [

I would 
Like to meet you

]
Id: 2 | ts: System.Byte[] | ModifiedDate: 05.03.2012 18:35:49 | CreationsDate: 05.03.2012 18:35:49 | Guid: 1572c1a4-c696-4189-a0ea-8e4c2a3cd17a | From: 1 | To: 4 | ReadDate:  | Subject: Hi
MESSAGE: [

I would 
Like to meet you

]
</DebugTrace>
      </Output>
    </UnitTestResult>
    <UnitTestResult executionId="a1f3656e-f7b4-4e72-a559-fdccf77c5183" testId="d22554e5-525e-5d9c-f2ee-f7ad962ac07f" testName="TestVisits" computerName="MERTSAKARYA" duration="00:00:00.3427717" startTime="2012-03-05T20:35:49.9245322+02:00" endTime="2012-03-05T20:35:50.2525431+02:00" testType="13cdc9d9-ddb5-4fa4-a97d-d965ccfc6d4b" outcome="Passed" testListId="8c84fa94-04c1-424b-9868-57a2d4851a1d" relativeResultsDirectory="a1f3656e-f7b4-4e72-a559-fdccf77c5183">
      <Output>
        <DebugTrace>Id: 16 | ts: System.Byte[] | ModifiedDate: 05.03.2012 18:35:50 | CreationsDate: 05.03.2012 18:35:50 | Guid: febbb7bd-9b3f-4129-8378-80458c8f1f1a | ProfileId: 1 | VisitorProfileId: 6
Id: 17 | ts: System.Byte[] | ModifiedDate: 05.03.2012 18:35:50 | CreationsDate: 05.03.2012 18:35:50 | Guid: 40f3a76f-b0f7-4be2-b694-a32d7c06bea6 | ProfileId: 3 | VisitorProfileId: 5
Id: 18 | ts: System.Byte[] | ModifiedDate: 05.03.2012 18:35:50 | CreationsDate: 05.03.2012 18:35:50 | Guid: 8d518b78-cc06-41bc-bf49-8f63c1130934 | ProfileId: 1 | VisitorProfileId: 5
Id: 19 | ts: System.Byte[] | ModifiedDate: 05.03.2012 18:35:50 | CreationsDate: 05.03.2012 18:35:50 | Guid: 38dd8d8d-8c43-4a2a-962e-4953caeac077 | ProfileId: 1 | VisitorProfileId: 5
Id: 20 | ts: System.Byte[] | ModifiedDate: 05.03.2012 18:35:50 | CreationsDate: 05.03.2012 18:35:50 | Guid: 8e9ec604-7c99-4b1d-87e0-78806eb0ce4a | ProfileId: 2 | VisitorProfileId: 4
Id: 21 | ts: System.Byte[] | ModifiedDate: 05.03.2012 18:35:50 | CreationsDate: 05.03.2012 18:35:50 | Guid: 323ecac0-c792-4d6e-887b-2681d3498195 | ProfileId: 3 | VisitorProfileId: 4
Id: 22 | ts: System.Byte[] | ModifiedDate: 05.03.2012 18:35:50 | CreationsDate: 05.03.2012 18:35:50 | Guid: 04f2cc7f-7783-42e5-a274-0ae2ccf16718 | ProfileId: 1 | VisitorProfileId: 4
Id: 23 | ts: System.Byte[] | ModifiedDate: 05.03.2012 18:35:50 | CreationsDate: 05.03.2012 18:35:50 | Guid: 88007837-f90f-4294-a473-8d4443b42e4c | ProfileId: 4 | VisitorProfileId: 5
Id: 4 | ts: System.Byte[] | ModifiedDate: 05.03.2012 18:34:53 | CreationsDate: 05.03.2012 18:34:53 | Guid: 409ed41c-134e-4eb9-bbfb-16b3b1811dcd | FriendlyName: girl_mertiko4 | UserId: 4 | State:  | Name:  | From: Turkey | City: Ankara4 | BodyBuild:  | EyeColor:  | HairColor:  | Smokes:  | Alcohol:  | Religion:  | Height: 170 | BirthYear: 0
Photos: [
	Id: 7 | ts: System.Byte[] | ModifiedDate: 05.03.2012 18:34:53 | CreationsDate: 05.03.2012 18:34:53 | Guid: fe90615a-ba2f-45dc-9d11-f78aebab823e | ProfileId: 4 | Description: [
Açıklama4
]
	Id: 8 | ts: System.Byte[] | ModifiedDate: 05.03.2012 18:34:53 | CreationsDate: 05.03.2012 18:34:53 | Guid: 7aa234cb-798d-48b3-ae8d-98991eb2c8de | ProfileId: 4 | Description: [
Açıklama24
]
	Id: 13 | ts: System.Byte[] | ModifiedDate: 05.03.2012 18:34:55 | CreationsDate: 05.03.2012 18:34:55 | Guid: 8406f21d-5442-4c3b-8309-7600826fa6a0 | ProfileId: 4 | Description: [
Ali
]
] | BreastSize: Large
</DebugTrace>
      </Output>
    </UnitTestResult>
    <UnitTestResult executionId="c50a5fa6-fa12-4095-8a76-31c42e91bb64" testId="15676237-f968-2375-d914-bdbeba90e511" testName="ShouldFindUser" computerName="MERTSAKARYA" duration="00:00:00.0744421" startTime="2012-03-05T20:35:50.2595438+02:00" endTime="2012-03-05T20:35:50.3639484+02:00" testType="13cdc9d9-ddb5-4fa4-a97d-d965ccfc6d4b" outcome="Passed" testListId="8c84fa94-04c1-424b-9868-57a2d4851a1d" relativeResultsDirectory="c50a5fa6-fa12-4095-8a76-31c42e91bb64">
      <Output>
        <DebugTrace>Found User:
 Id: 4 | ts: System.Byte[] | ModifiedDate: 05.03.2012 18:34:53 | CreationsDate: 05.03.2012 18:34:53 | Guid: 409ed41c-134e-4eb9-bbfb-16b3b1811dcd | Profile: Id: 4 | ts: System.Byte[] | ModifiedDate: 05.03.2012 18:34:53 | CreationsDate: 05.03.2012 18:34:53 | Guid: 409ed41c-134e-4eb9-bbfb-16b3b1811dcd | FriendlyName: girl_mertiko4 | UserId: 4 | State:  | Name:  | From: Turkey | City: Ankara4 | BodyBuild:  | EyeColor:  | HairColor:  | Smokes:  | Alcohol:  | Religion:  | Height: 170 | BirthYear: 0 | BreastSize: Large | Gender: Female | UserName: mertsakarya4 | Email: mertsakarya@gmail.com | Phone:  | Password: 690514
</DebugTrace>
      </Output>
    </UnitTestResult>
    <UnitTestResult executionId="eea66169-29de-49be-8e4f-e7c6df74cc8b" testId="c7c8a49b-11c0-a7a1-93dd-80aee5255f3d" testName="CreateNewPhoto" computerName="MERTSAKARYA" duration="00:00:02.8793073" startTime="2012-03-05T20:35:50.3639484+02:00" endTime="2012-03-05T20:35:53.2613768+02:00" testType="13cdc9d9-ddb5-4fa4-a97d-d965ccfc6d4b" outcome="Passed" testListId="8c84fa94-04c1-424b-9868-57a2d4851a1d" relativeResultsDirectory="eea66169-29de-49be-8e4f-e7c6df74cc8b">
      <Output>
        <DebugTrace>Id: 14 | ts: System.Byte[] | ModifiedDate: 05.03.2012 18:35:50 | CreationsDate: 05.03.2012 18:35:50 | Guid: a43e8730-703a-43ed-8022-ff33a6afc301 | ProfileId: 4 | Description: [
Veli
]
</DebugTrace>
      </Output>
    </UnitTestResult>
  </Results>
</TestRun>