<?xml version="1.0" encoding="UTF-8"?>
<TestRun id="70d665cd-d1b4-48ad-9e21-ae8f937151b7" name="mert.sakarya@MERTSAKARYA 2012-03-05 20:42:41" runUser="SAHIBINDEN\mert.sakarya" xmlns="http://microsoft.com/schemas/VisualStudio/TeamTest/2010">
  <TestSettings name="Local" id="68342950-b16e-4d12-b71a-95a7036c6fb6">
    <Description>These are default test settings for a local test run.</Description>
    <Deployment enabled="false" runDeploymentRoot="mert.sakarya_MERTSAKARYA 2012-03-05 20_42_41">
      <DeploymentItem filename="C:\Users\mert.sakarya\documents\visual studio 2010\Projects\CodeFirst\packages\EntityFramework.4.3.1\lib\net40\EntityFramework.dll" />
      <DeploymentItem filename="C:\Users\mert.sakarya\documents\visual studio 2010\Projects\CodeFirst\packages\SqlServerCompact.4.0.8852.1\lib\net40\System.Data.SqlServerCe.dll" />
      <DeploymentItem filename="C:\Users\mert.sakarya\documents\visual studio 2010\Projects\CodeFirst\MS.Katusha.Repository\bin\Debug\MS.Katusha.Repository.dll" />
      <DeploymentItem filename="C:\Users\mert.sakarya\documents\visual studio 2010\Projects\CodeFirst\packages\SqlServerCompact.4.0.8852.1\lib\net40\System.Data.SqlServerCe.Entity.dll" />
      <DeploymentItem filename="C:\Users\mert.sakarya\documents\visual studio 2010\Projects\CodeFirst\MS.Katusha.Domain\bin\Debug\MS.Katusha.Domain.dll" />
    </Deployment>
    <Execution>
      <TestTypeSpecific />
      <AgentRule name="Execution Agents">
      </AgentRule>
    </Execution>
  </TestSettings>
  <Times creation="2012-03-05T20:42:41.9153768+02:00" queuing="2012-03-05T20:42:43.8185890+02:00" start="2012-03-05T20:42:44.0057902+02:00" finish="2012-03-05T20:42:55.4406635+02:00" />
  <ResultSummary outcome="Error">
    <Counters total="9" executed="9" passed="8" error="0" failed="0" timeout="0" aborted="1" inconclusive="0" passedButRunAborted="0" notRunnable="0" notExecuted="0" disconnected="0" warning="0" completed="0" inProgress="0" pending="0" />
    <Output>
      <DebugTrace>Assembly Init
</DebugTrace>
    </Output>
    <RunInfos>
      <RunInfo computerName="MERTSAKARYA" outcome="Error" timestamp="2012-03-05T20:42:55.4406635+02:00">
        <Text>Test host process exited unexpectedly.</Text>
      </RunInfo>
    </RunInfos>
  </ResultSummary>
  <TestDefinitions>
    <UnitTest name="ShouldBeAbleToFindBoy" storage="c:\users\mert.sakarya\documents\visual studio 2010\projects\codefirst\ms.katusha.test\bin\debug\ms.katusha.test.dll" id="c110fe79-5d51-7c14-01d1-711d00a6e64f">
      <Execution id="932cabd0-ddc8-4f0f-9eb5-477ff48237b2" />
      <TestMethod codeBase="C:/Users/mert.sakarya/documents/visual studio 2010/Projects/CodeFirst/MS.Katusha.Test/bin/Debug/MS.Katusha.Test.DLL" adapterTypeName="Microsoft.VisualStudio.TestTools.TestTypes.Unit.UnitTestAdapter, Microsoft.VisualStudio.QualityTools.Tips.UnitTest.Adapter, Version=10.0.0.0, Culture=neutral, PublicKeyToken=b03f5f7f11d50a3a" className="MS.Katusha.Test.BoyRepositoryTest, MS.Katusha.Test, Version=1.0.0.0, Culture=neutral, PublicKeyToken=null" name="ShouldBeAbleToFindBoy" />
    </UnitTest>
    <UnitTest name="TestVisitAndConversation" storage="c:\users\mert.sakarya\documents\visual studio 2010\projects\codefirst\ms.katusha.test\bin\debug\ms.katusha.test.dll" id="612255e6-ac16-66c6-627d-e06d4332ae15">
      <Execution id="fe797175-70eb-4fb1-98a0-a50223de7ec6" />
      <TestMethod codeBase="C:/Users/mert.sakarya/documents/visual studio 2010/Projects/CodeFirst/MS.Katusha.Test/bin/Debug/MS.Katusha.Test.DLL" adapterTypeName="Microsoft.VisualStudio.TestTools.TestTypes.Unit.UnitTestAdapter, Microsoft.VisualStudio.QualityTools.Tips.UnitTest.Adapter, Version=10.0.0.0, Culture=neutral, PublicKeyToken=b03f5f7f11d50a3a" className="MS.Katusha.Test.BoyRepositoryTest, MS.Katusha.Test, Version=1.0.0.0, Culture=neutral, PublicKeyToken=null" name="TestVisitAndConversation" />
    </UnitTest>
    <UnitTest name="CreateNewPhoto" storage="c:\users\mert.sakarya\documents\visual studio 2010\projects\codefirst\ms.katusha.test\bin\debug\ms.katusha.test.dll" id="c7c8a49b-11c0-a7a1-93dd-80aee5255f3d">
      <Execution id="de1fe7fa-1f87-4ab8-b58f-da8c4a8820f8" />
      <TestMethod codeBase="C:/Users/mert.sakarya/documents/visual studio 2010/Projects/CodeFirst/MS.Katusha.Test/bin/Debug/MS.Katusha.Test.DLL" adapterTypeName="Microsoft.VisualStudio.TestTools.TestTypes.Unit.UnitTestAdapter, Microsoft.VisualStudio.QualityTools.Tips.UnitTest.Adapter, Version=10.0.0.0, Culture=neutral, PublicKeyToken=b03f5f7f11d50a3a" className="MS.Katusha.Test.BoyRepositoryTest, MS.Katusha.Test, Version=1.0.0.0, Culture=neutral, PublicKeyToken=null" name="CreateNewPhoto" />
    </UnitTest>
    <UnitTest name="UpdatePhoto" storage="c:\users\mert.sakarya\documents\visual studio 2010\projects\codefirst\ms.katusha.test\bin\debug\ms.katusha.test.dll" id="1ca39a1b-1f74-feca-cc96-b7aff9a9f07e">
      <Execution id="03a2b3ed-6814-4b38-a5a2-70bc13ff444c" />
      <TestMethod codeBase="C:/Users/mert.sakarya/documents/visual studio 2010/Projects/CodeFirst/MS.Katusha.Test/bin/Debug/MS.Katusha.Test.DLL" adapterTypeName="Microsoft.VisualStudio.TestTools.TestTypes.Unit.UnitTestAdapter, Microsoft.VisualStudio.QualityTools.Tips.UnitTest.Adapter, Version=10.0.0.0, Culture=neutral, PublicKeyToken=b03f5f7f11d50a3a" className="MS.Katusha.Test.BoyRepositoryTest, MS.Katusha.Test, Version=1.0.0.0, Culture=neutral, PublicKeyToken=null" name="UpdatePhoto" />
    </UnitTest>
    <UnitTest name="ShouldBeAbleToFindBoy" storage="c:\users\mert.sakarya\documents\visual studio 2010\projects\codefirst\ms.katusha.test\bin\debug\ms.katusha.test.dll" id="2c3b54dd-eda2-8575-6b29-4aef6babadf6">
      <Execution id="391c58d7-c016-4de8-953f-55633477635e" />
      <TestMethod codeBase="C:/Users/mert.sakarya/documents/visual studio 2010/Projects/CodeFirst/MS.Katusha.Test/bin/Debug/MS.Katusha.Test.DLL" adapterTypeName="Microsoft.VisualStudio.TestTools.TestTypes.Unit.UnitTestAdapter, Microsoft.VisualStudio.QualityTools.Tips.UnitTest.Adapter, Version=10.0.0.0, Culture=neutral, PublicKeyToken=b03f5f7f11d50a3a" className="MS.Katusha.Test.KatushaRepositoryTest, MS.Katusha.Test, Version=1.0.0.0, Culture=neutral, PublicKeyToken=null" name="ShouldBeAbleToFindBoy" />
    </UnitTest>
    <UnitTest name="ShouldFindUser" storage="c:\users\mert.sakarya\documents\visual studio 2010\projects\codefirst\ms.katusha.test\bin\debug\ms.katusha.test.dll" id="15676237-f968-2375-d914-bdbeba90e511">
      <Execution id="b44312c9-f906-44c7-b43b-a0d04ccf521f" />
      <TestMethod codeBase="C:/Users/mert.sakarya/documents/visual studio 2010/Projects/CodeFirst/MS.Katusha.Test/bin/Debug/MS.Katusha.Test.DLL" adapterTypeName="Microsoft.VisualStudio.TestTools.TestTypes.Unit.UnitTestAdapter, Microsoft.VisualStudio.QualityTools.Tips.UnitTest.Adapter, Version=10.0.0.0, Culture=neutral, PublicKeyToken=b03f5f7f11d50a3a" className="MS.Katusha.Test.BoyRepositoryTest, MS.Katusha.Test, Version=1.0.0.0, Culture=neutral, PublicKeyToken=null" name="ShouldFindUser" />
    </UnitTest>
    <UnitTest name="ShouldBeAbleToFindBoy2" storage="c:\users\mert.sakarya\documents\visual studio 2010\projects\codefirst\ms.katusha.test\bin\debug\ms.katusha.test.dll" id="329007e2-3baa-f261-caae-3580f430a309">
      <Execution id="73578fd4-ec2b-457a-8b79-69d1fd35f970" />
      <TestMethod codeBase="C:/Users/mert.sakarya/documents/visual studio 2010/Projects/CodeFirst/MS.Katusha.Test/bin/Debug/MS.Katusha.Test.DLL" adapterTypeName="Microsoft.VisualStudio.TestTools.TestTypes.Unit.UnitTestAdapter, Microsoft.VisualStudio.QualityTools.Tips.UnitTest.Adapter, Version=10.0.0.0, Culture=neutral, PublicKeyToken=b03f5f7f11d50a3a" className="MS.Katusha.Test.BoyRepositoryTest, MS.Katusha.Test, Version=1.0.0.0, Culture=neutral, PublicKeyToken=null" name="ShouldBeAbleToFindBoy2" />
    </UnitTest>
    <UnitTest name="ShouldBeAbleToFindAUser" storage="c:\users\mert.sakarya\documents\visual studio 2010\projects\codefirst\ms.katusha.test\bin\debug\ms.katusha.test.dll" id="877536f0-aab5-dc3d-50d4-130ded0dfe18">
      <Execution id="2f4d0c4e-7d5f-4040-ab45-5d65fdc48785" />
      <TestMethod codeBase="C:/Users/mert.sakarya/documents/visual studio 2010/Projects/CodeFirst/MS.Katusha.Test/bin/Debug/MS.Katusha.Test.DLL" adapterTypeName="Microsoft.VisualStudio.TestTools.TestTypes.Unit.UnitTestAdapter, Microsoft.VisualStudio.QualityTools.Tips.UnitTest.Adapter, Version=10.0.0.0, Culture=neutral, PublicKeyToken=b03f5f7f11d50a3a" className="MS.Katusha.Test.KatushaRepositoryTest, MS.Katusha.Test, Version=1.0.0.0, Culture=neutral, PublicKeyToken=null" name="ShouldBeAbleToFindAUser" />
    </UnitTest>
    <UnitTest name="TestVisits" storage="c:\users\mert.sakarya\documents\visual studio 2010\projects\codefirst\ms.katusha.test\bin\debug\ms.katusha.test.dll" id="d22554e5-525e-5d9c-f2ee-f7ad962ac07f">
      <Execution id="b450d502-dfe5-425d-868f-bf2d6ac32871" />
      <TestMethod codeBase="C:/Users/mert.sakarya/documents/visual studio 2010/Projects/CodeFirst/MS.Katusha.Test/bin/Debug/MS.Katusha.Test.DLL" adapterTypeName="Microsoft.VisualStudio.TestTools.TestTypes.Unit.UnitTestAdapter, Microsoft.VisualStudio.QualityTools.Tips.UnitTest.Adapter, Version=10.0.0.0, Culture=neutral, PublicKeyToken=b03f5f7f11d50a3a" className="MS.Katusha.Test.BoyRepositoryTest, MS.Katusha.Test, Version=1.0.0.0, Culture=neutral, PublicKeyToken=null" name="TestVisits" />
    </UnitTest>
  </TestDefinitions>
  <TestLists>
    <TestList name="Results Not in a List" id="8c84fa94-04c1-424b-9868-57a2d4851a1d" />
    <TestList name="All Loaded Results" id="19431567-8539-422a-85d7-44ee4e166bda" />
  </TestLists>
  <TestEntries>
    <TestEntry testId="2c3b54dd-eda2-8575-6b29-4aef6babadf6" executionId="391c58d7-c016-4de8-953f-55633477635e" testListId="8c84fa94-04c1-424b-9868-57a2d4851a1d" />
    <TestEntry testId="877536f0-aab5-dc3d-50d4-130ded0dfe18" executionId="2f4d0c4e-7d5f-4040-ab45-5d65fdc48785" testListId="8c84fa94-04c1-424b-9868-57a2d4851a1d" />
    <TestEntry testId="329007e2-3baa-f261-caae-3580f430a309" executionId="73578fd4-ec2b-457a-8b79-69d1fd35f970" testListId="8c84fa94-04c1-424b-9868-57a2d4851a1d" />
    <TestEntry testId="c110fe79-5d51-7c14-01d1-711d00a6e64f" executionId="932cabd0-ddc8-4f0f-9eb5-477ff48237b2" testListId="8c84fa94-04c1-424b-9868-57a2d4851a1d" />
    <TestEntry testId="612255e6-ac16-66c6-627d-e06d4332ae15" executionId="fe797175-70eb-4fb1-98a0-a50223de7ec6" testListId="8c84fa94-04c1-424b-9868-57a2d4851a1d" />
    <TestEntry testId="d22554e5-525e-5d9c-f2ee-f7ad962ac07f" executionId="b450d502-dfe5-425d-868f-bf2d6ac32871" testListId="8c84fa94-04c1-424b-9868-57a2d4851a1d" />
    <TestEntry testId="15676237-f968-2375-d914-bdbeba90e511" executionId="b44312c9-f906-44c7-b43b-a0d04ccf521f" testListId="8c84fa94-04c1-424b-9868-57a2d4851a1d" />
    <TestEntry testId="c7c8a49b-11c0-a7a1-93dd-80aee5255f3d" executionId="de1fe7fa-1f87-4ab8-b58f-da8c4a8820f8" testListId="8c84fa94-04c1-424b-9868-57a2d4851a1d" />
    <TestEntry testId="1ca39a1b-1f74-feca-cc96-b7aff9a9f07e" executionId="03a2b3ed-6814-4b38-a5a2-70bc13ff444c" testListId="8c84fa94-04c1-424b-9868-57a2d4851a1d" />
  </TestEntries>
  <Results>
    <UnitTestResult executionId="391c58d7-c016-4de8-953f-55633477635e" testId="2c3b54dd-eda2-8575-6b29-4aef6babadf6" testName="ShouldBeAbleToFindBoy" computerName="MERTSAKARYA" duration="00:00:01.9668372" startTime="2012-03-05T20:42:44.1773913+02:00" endTime="2012-03-05T20:42:48.0306160+02:00" testType="13cdc9d9-ddb5-4fa4-a97d-d965ccfc6d4b" outcome="Passed" testListId="8c84fa94-04c1-424b-9868-57a2d4851a1d" relativeResultsDirectory="391c58d7-c016-4de8-953f-55633477635e">
      <Output>
        <DebugTrace>Found 1 boy and 2 photos, out of 3 boys and 3 girls.
</DebugTrace>
      </Output>
    </UnitTestResult>
    <UnitTestResult executionId="2f4d0c4e-7d5f-4040-ab45-5d65fdc48785" testId="877536f0-aab5-dc3d-50d4-130ded0dfe18" testName="ShouldBeAbleToFindAUser" computerName="MERTSAKARYA" duration="00:00:00.3233824" startTime="2012-03-05T20:42:48.0306160+02:00" endTime="2012-03-05T20:42:48.3738182+02:00" testType="13cdc9d9-ddb5-4fa4-a97d-d965ccfc6d4b" outcome="Passed" testListId="8c84fa94-04c1-424b-9868-57a2d4851a1d" relativeResultsDirectory="2f4d0c4e-7d5f-4040-ab45-5d65fdc48785">
      <Output>
        <DebugTrace>Result 05.03.2013 18:34:53
</DebugTrace>
      </Output>
    </UnitTestResult>
    <UnitTestResult executionId="73578fd4-ec2b-457a-8b79-69d1fd35f970" testId="329007e2-3baa-f261-caae-3580f430a309" testName="ShouldBeAbleToFindBoy2" computerName="MERTSAKARYA" duration="00:00:00.1620541" startTime="2012-03-05T20:42:48.3738182+02:00" endTime="2012-03-05T20:42:48.5454193+02:00" testType="13cdc9d9-ddb5-4fa4-a97d-d965ccfc6d4b" outcome="Passed" testListId="8c84fa94-04c1-424b-9868-57a2d4851a1d" relativeResultsDirectory="73578fd4-ec2b-457a-8b79-69d1fd35f970">
      <Output>
        <DebugTrace>Found User:
 Id: 2 | ts: System.Byte[] | ModifiedDate: 05.03.2012 18:34:53 | CreationsDate: 05.03.2012 18:34:53 | Guid: f7097724-1960-454d-bf41-d6659980d46d | Profile: Id: 2 | ts: System.Byte[] | ModifiedDate: 05.03.2012 18:34:53 | CreationsDate: 05.03.2012 18:34:53 | Guid: f7097724-1960-454d-bf41-d6659980d46d | FriendlyName: mertiko2 | UserId: 2 | State:  | Name:  | From: Turkey | City: Istanbul2 | BodyBuild:  | EyeColor:  | HairColor:  | Smokes:  | Alcohol:  | Religion:  | Height: 170 | BirthYear: 0 | DickSize: Medium | DickThickness: Thick | Gender: Male | UserName: mertsakarya2 | Email: mertsakarya@gmail.com | Phone:  | Password: 690514
Found boy with 2 photos.
Found boy with 2 photos.
Found boy with 2 photos.
</DebugTrace>
      </Output>
    </UnitTestResult>
    <UnitTestResult executionId="932cabd0-ddc8-4f0f-9eb5-477ff48237b2" testId="c110fe79-5d51-7c14-01d1-711d00a6e64f" testName="ShouldBeAbleToFindBoy" computerName="MERTSAKARYA" duration="00:00:00.0269583" startTime="2012-03-05T20:42:48.5610194+02:00" endTime="2012-03-05T20:42:48.5922196+02:00" testType="13cdc9d9-ddb5-4fa4-a97d-d965ccfc6d4b" outcome="Passed" testListId="8c84fa94-04c1-424b-9868-57a2d4851a1d" relativeResultsDirectory="932cabd0-ddc8-4f0f-9eb5-477ff48237b2">
      <Output>
        <DebugTrace>Found 3 boys and 3 boys
</DebugTrace>
      </Output>
    </UnitTestResult>
    <UnitTestResult executionId="fe797175-70eb-4fb1-98a0-a50223de7ec6" testId="612255e6-ac16-66c6-627d-e06d4332ae15" testName="TestVisitAndConversation" computerName="MERTSAKARYA" duration="00:00:00.2887011" startTime="2012-03-05T20:42:48.5922196+02:00" endTime="2012-03-05T20:42:48.8886215+02:00" testType="13cdc9d9-ddb5-4fa4-a97d-d965ccfc6d4b" outcome="Passed" testListId="8c84fa94-04c1-424b-9868-57a2d4851a1d" relativeResultsDirectory="fe797175-70eb-4fb1-98a0-a50223de7ec6">
      <Output>
        <DebugTrace>Id: 29 | ts: System.Byte[] | ModifiedDate: 05.03.2012 18:42:48 | CreationsDate: 05.03.2012 18:42:48 | Guid: b9d5d270-7bb8-4e1c-8ba1-f7ebac72a09a | ProfileId: 1 | VisitorProfileId: 4
Id: 3 | ts: System.Byte[] | ModifiedDate: 05.03.2012 18:42:48 | CreationsDate: 05.03.2012 18:42:48 | Guid: 6a157417-820e-4ff7-8991-ae323a7d893f | From: 1 | To: 4 | ReadDate:  | Subject: Hi
MESSAGE: [

I would 
Like to meet you

]
Id: 3 | ts: System.Byte[] | ModifiedDate: 05.03.2012 18:42:48 | CreationsDate: 05.03.2012 18:42:48 | Guid: 6a157417-820e-4ff7-8991-ae323a7d893f | From: 1 | To: 4 | ReadDate:  | Subject: Hi
MESSAGE: [

I would 
Like to meet you

]
</DebugTrace>
      </Output>
    </UnitTestResult>
    <UnitTestResult executionId="b450d502-dfe5-425d-868f-bf2d6ac32871" testId="d22554e5-525e-5d9c-f2ee-f7ad962ac07f" testName="TestVisits" computerName="MERTSAKARYA" duration="00:00:00.3655082" startTime="2012-03-05T20:42:48.9042216+02:00" endTime="2012-03-05T20:42:49.2786240+02:00" testType="13cdc9d9-ddb5-4fa4-a97d-d965ccfc6d4b" outcome="Passed" testListId="8c84fa94-04c1-424b-9868-57a2d4851a1d" relativeResultsDirectory="b450d502-dfe5-425d-868f-bf2d6ac32871">
      <Output>
        <DebugTrace>Id: 30 | ts: System.Byte[] | ModifiedDate: 05.03.2012 18:42:48 | CreationsDate: 05.03.2012 18:42:48 | Guid: 84625fb1-f494-46f4-b304-e71f1129f53c | ProfileId: 1 | VisitorProfileId: 6
Id: 31 | ts: System.Byte[] | ModifiedDate: 05.03.2012 18:42:48 | CreationsDate: 05.03.2012 18:42:48 | Guid: d90d2d3e-0155-4d9c-a6a6-c398c57dcf0e | ProfileId: 3 | VisitorProfileId: 5
Id: 32 | ts: System.Byte[] | ModifiedDate: 05.03.2012 18:42:48 | CreationsDate: 05.03.2012 18:42:48 | Guid: e2f18a9e-c4a1-48da-ae89-d4ccb04c23bd | ProfileId: 1 | VisitorProfileId: 5
Id: 33 | ts: System.Byte[] | ModifiedDate: 05.03.2012 18:42:49 | CreationsDate: 05.03.2012 18:42:49 | Guid: 7878e1b7-1d8c-4192-92ae-3aaf7a75e581 | ProfileId: 1 | VisitorProfileId: 5
Id: 34 | ts: System.Byte[] | ModifiedDate: 05.03.2012 18:42:49 | CreationsDate: 05.03.2012 18:42:49 | Guid: 154fc1c7-9b1d-4f96-9e2f-e013909cfa2b | ProfileId: 2 | VisitorProfileId: 4
Id: 35 | ts: System.Byte[] | ModifiedDate: 05.03.2012 18:42:49 | CreationsDate: 05.03.2012 18:42:49 | Guid: f3adf057-3eb3-4bc9-b2e0-66de3f418409 | ProfileId: 3 | VisitorProfileId: 4
Id: 36 | ts: System.Byte[] | ModifiedDate: 05.03.2012 18:42:49 | CreationsDate: 05.03.2012 18:42:49 | Guid: 224c00e2-b082-47ab-ad17-e20876d2b2be | ProfileId: 1 | VisitorProfileId: 4
Id: 37 | ts: System.Byte[] | ModifiedDate: 05.03.2012 18:42:49 | CreationsDate: 05.03.2012 18:42:49 | Guid: 11a0fa2f-5f3d-4c88-aba6-6d0676c47844 | ProfileId: 4 | VisitorProfileId: 5
Id: 4 | ts: System.Byte[] | ModifiedDate: 05.03.2012 18:34:53 | CreationsDate: 05.03.2012 18:34:53 | Guid: 409ed41c-134e-4eb9-bbfb-16b3b1811dcd | FriendlyName: girl_mertiko4 | UserId: 4 | State:  | Name:  | From: Turkey | City: Ankara4 | BodyBuild:  | EyeColor:  | HairColor:  | Smokes:  | Alcohol:  | Religion:  | Height: 170 | BirthYear: 0
Photos: [
	Id: 7 | ts: System.Byte[] | ModifiedDate: 05.03.2012 18:34:53 | CreationsDate: 05.03.2012 18:34:53 | Guid: fe90615a-ba2f-45dc-9d11-f78aebab823e | ProfileId: 4 | Description: [
Açıklama4
]
	Id: 8 | ts: System.Byte[] | ModifiedDate: 05.03.2012 18:34:53 | CreationsDate: 05.03.2012 18:34:53 | Guid: 7aa234cb-798d-48b3-ae8d-98991eb2c8de | ProfileId: 4 | Description: [
Açıklama24
]
	Id: 13 | ts: System.Byte[] | ModifiedDate: 05.03.2012 18:34:55 | CreationsDate: 05.03.2012 18:34:55 | Guid: 8406f21d-5442-4c3b-8309-7600826fa6a0 | ProfileId: 4 | Description: [
Ali
]
	Id: 14 | ts: System.Byte[] | ModifiedDate: 05.03.2012 18:35:50 | CreationsDate: 05.03.2012 18:35:50 | Guid: a43e8730-703a-43ed-8022-ff33a6afc301 | ProfileId: 4 | Description: [
Veli
]
] | BreastSize: Large
</DebugTrace>
      </Output>
    </UnitTestResult>
    <UnitTestResult executionId="b44312c9-f906-44c7-b43b-a0d04ccf521f" testId="15676237-f968-2375-d914-bdbeba90e511" testName="ShouldFindUser" computerName="MERTSAKARYA" duration="00:00:00.0942016" startTime="2012-03-05T20:42:49.2942241+02:00" endTime="2012-03-05T20:42:49.4034248+02:00" testType="13cdc9d9-ddb5-4fa4-a97d-d965ccfc6d4b" outcome="Passed" testListId="8c84fa94-04c1-424b-9868-57a2d4851a1d" relativeResultsDirectory="b44312c9-f906-44c7-b43b-a0d04ccf521f">
      <Output>
        <DebugTrace>Found User:
 Id: 4 | ts: System.Byte[] | ModifiedDate: 05.03.2012 18:34:53 | CreationsDate: 05.03.2012 18:34:53 | Guid: 409ed41c-134e-4eb9-bbfb-16b3b1811dcd | Profile: Id: 4 | ts: System.Byte[] | ModifiedDate: 05.03.2012 18:34:53 | CreationsDate: 05.03.2012 18:34:53 | Guid: 409ed41c-134e-4eb9-bbfb-16b3b1811dcd | FriendlyName: girl_mertiko4 | UserId: 4 | State:  | Name:  | From: Turkey | City: Ankara4 | BodyBuild:  | EyeColor:  | HairColor:  | Smokes:  | Alcohol:  | Religion:  | Height: 170 | BirthYear: 0 | BreastSize: Large | Gender: Female | UserName: mertsakarya4 | Email: mertsakarya@gmail.com | Phone:  | Password: 690514
</DebugTrace>
      </Output>
    </UnitTestResult>
    <UnitTestResult executionId="de1fe7fa-1f87-4ab8-b58f-da8c4a8820f8" testId="c7c8a49b-11c0-a7a1-93dd-80aee5255f3d" testName="CreateNewPhoto" computerName="MERTSAKARYA" duration="00:00:00.0435570" startTime="2012-03-05T20:42:49.4034248+02:00" endTime="2012-03-05T20:42:49.4502251+02:00" testType="13cdc9d9-ddb5-4fa4-a97d-d965ccfc6d4b" outcome="Passed" testListId="8c84fa94-04c1-424b-9868-57a2d4851a1d" relativeResultsDirectory="de1fe7fa-1f87-4ab8-b58f-da8c4a8820f8">
      <Output>
        <DebugTrace>Id: 15 | ts: System.Byte[] | ModifiedDate: 05.03.2012 18:42:49 | CreationsDate: 05.03.2012 18:42:49 | Guid: cc4cbfe8-94cc-44fb-94c2-11ec558938b7 | ProfileId: 4 | Description: [
Veli
]
</DebugTrace>
      </Output>
    </UnitTestResult>
    <UnitTestResult executionId="03a2b3ed-6814-4b38-a5a2-70bc13ff444c" testId="1ca39a1b-1f74-feca-cc96-b7aff9a9f07e" testName="UpdatePhoto" computerName="MERTSAKARYA" duration="00:00:05.9748383" startTime="2012-03-05T20:42:49.4658252+02:00" endTime="2012-03-05T20:42:55.4406635+02:00" testType="13cdc9d9-ddb5-4fa4-a97d-d965ccfc6d4b" outcome="Aborted" testListId="8c84fa94-04c1-424b-9868-57a2d4851a1d" relativeResultsDirectory="03a2b3ed-6814-4b38-a5a2-70bc13ff444c">
    </UnitTestResult>
  </Results>
</TestRun>