<?xml version="1.0" encoding="UTF-8"?>
<TestRun id="a767b5ce-0520-4a97-aa10-2c5107b62f32" name="mert.sakarya@MERTSAKARYA 2012-03-05 20:29:31" runUser="SAHIBINDEN\mert.sakarya" xmlns="http://microsoft.com/schemas/VisualStudio/TeamTest/2010">
  <TestSettings name="Local" id="68342950-b16e-4d12-b71a-95a7036c6fb6">
    <Description>These are default test settings for a local test run.</Description>
    <Deployment enabled="false" runDeploymentRoot="mert.sakarya_MERTSAKARYA 2012-03-05 20_29_31">
      <DeploymentItem filename="C:\Users\mert.sakarya\documents\visual studio 2010\Projects\CodeFirst\packages\EntityFramework.4.3.1\lib\net40\EntityFramework.dll" />
      <DeploymentItem filename="C:\Users\mert.sakarya\documents\visual studio 2010\Projects\CodeFirst\packages\SqlServerCompact.4.0.8852.1\lib\net40\System.Data.SqlServerCe.dll" />
      <DeploymentItem filename="C:\Users\mert.sakarya\documents\visual studio 2010\Projects\CodeFirst\MS.Katusha.Repository\bin\Debug\MS.Katusha.Repository.dll" />
      <DeploymentItem filename="C:\Users\mert.sakarya\documents\visual studio 2010\Projects\CodeFirst\packages\SqlServerCompact.4.0.8852.1\lib\net40\System.Data.SqlServerCe.Entity.dll" />
      <DeploymentItem filename="C:\Users\mert.sakarya\documents\visual studio 2010\Projects\CodeFirst\MS.Katusha.Domain\bin\Debug\MS.Katusha.Domain.dll" />
    </Deployment>
    <Execution>
      <TestTypeSpecific />
      <AgentRule name="Execution Agents">
      </AgentRule>
    </Execution>
  </TestSettings>
  <Times creation="2012-03-05T20:29:31.3021233+02:00" queuing="2012-03-05T20:29:32.7373325+02:00" start="2012-03-05T20:29:32.9713340+02:00" finish="2012-03-05T20:30:32.0803830+02:00" />
  <ResultSummary outcome="Completed">
    <Counters total="7" executed="7" passed="7" error="0" failed="0" timeout="0" aborted="0" inconclusive="0" passedButRunAborted="0" notRunnable="0" notExecuted="0" disconnected="0" warning="0" completed="0" inProgress="0" pending="0" />
    <Output>
      <DebugTrace>Assembly Init
ClassCleanup
AssemblyCleanup
</DebugTrace>
    </Output>
  </ResultSummary>
  <TestDefinitions>
    <UnitTest name="ShouldBeAbleToFindBoy" storage="c:\users\mert.sakarya\documents\visual studio 2010\projects\codefirst\ms.katusha.test\bin\debug\ms.katusha.test.dll" id="c110fe79-5d51-7c14-01d1-711d00a6e64f">
      <Execution id="9a9b93f3-0375-43d8-b784-effbbb4a0e99" />
      <TestMethod codeBase="C:/Users/mert.sakarya/documents/visual studio 2010/Projects/CodeFirst/MS.Katusha.Test/bin/Debug/MS.Katusha.Test.DLL" adapterTypeName="Microsoft.VisualStudio.TestTools.TestTypes.Unit.UnitTestAdapter, Microsoft.VisualStudio.QualityTools.Tips.UnitTest.Adapter, Version=10.0.0.0, Culture=neutral, PublicKeyToken=b03f5f7f11d50a3a" className="MS.Katusha.Test.BoyRepositoryTest, MS.Katusha.Test, Version=1.0.0.0, Culture=neutral, PublicKeyToken=null" name="ShouldBeAbleToFindBoy" />
    </UnitTest>
    <UnitTest name="TestVisitAndConversation" storage="c:\users\mert.sakarya\documents\visual studio 2010\projects\codefirst\ms.katusha.test\bin\debug\ms.katusha.test.dll" id="612255e6-ac16-66c6-627d-e06d4332ae15">
      <Execution id="7e8c3bbe-f16a-436a-ba68-d1b8d255b49a" />
      <TestMethod codeBase="C:/Users/mert.sakarya/documents/visual studio 2010/Projects/CodeFirst/MS.Katusha.Test/bin/Debug/MS.Katusha.Test.DLL" adapterTypeName="Microsoft.VisualStudio.TestTools.TestTypes.Unit.UnitTestAdapter, Microsoft.VisualStudio.QualityTools.Tips.UnitTest.Adapter, Version=10.0.0.0, Culture=neutral, PublicKeyToken=b03f5f7f11d50a3a" className="MS.Katusha.Test.BoyRepositoryTest, MS.Katusha.Test, Version=1.0.0.0, Culture=neutral, PublicKeyToken=null" name="TestVisitAndConversation" />
    </UnitTest>
    <UnitTest name="ShouldBeAbleToFindBoy" storage="c:\users\mert.sakarya\documents\visual studio 2010\projects\codefirst\ms.katusha.test\bin\debug\ms.katusha.test.dll" id="2c3b54dd-eda2-8575-6b29-4aef6babadf6">
      <Execution id="421a9bea-826a-4319-ade0-3962f9247de8" />
      <TestMethod codeBase="C:/Users/mert.sakarya/documents/visual studio 2010/Projects/CodeFirst/MS.Katusha.Test/bin/Debug/MS.Katusha.Test.DLL" adapterTypeName="Microsoft.VisualStudio.TestTools.TestTypes.Unit.UnitTestAdapter, Microsoft.VisualStudio.QualityTools.Tips.UnitTest.Adapter, Version=10.0.0.0, Culture=neutral, PublicKeyToken=b03f5f7f11d50a3a" className="MS.Katusha.Test.KatushaRepositoryTest, MS.Katusha.Test, Version=1.0.0.0, Culture=neutral, PublicKeyToken=null" name="ShouldBeAbleToFindBoy" />
    </UnitTest>
    <UnitTest name="ShouldFindUser" storage="c:\users\mert.sakarya\documents\visual studio 2010\projects\codefirst\ms.katusha.test\bin\debug\ms.katusha.test.dll" id="15676237-f968-2375-d914-bdbeba90e511">
      <Execution id="f7bba741-b1b7-4254-a50e-ec7db43a8a61" />
      <TestMethod codeBase="C:/Users/mert.sakarya/documents/visual studio 2010/Projects/CodeFirst/MS.Katusha.Test/bin/Debug/MS.Katusha.Test.DLL" adapterTypeName="Microsoft.VisualStudio.TestTools.TestTypes.Unit.UnitTestAdapter, Microsoft.VisualStudio.QualityTools.Tips.UnitTest.Adapter, Version=10.0.0.0, Culture=neutral, PublicKeyToken=b03f5f7f11d50a3a" className="MS.Katusha.Test.BoyRepositoryTest, MS.Katusha.Test, Version=1.0.0.0, Culture=neutral, PublicKeyToken=null" name="ShouldFindUser" />
    </UnitTest>
    <UnitTest name="ShouldBeAbleToFindBoy2" storage="c:\users\mert.sakarya\documents\visual studio 2010\projects\codefirst\ms.katusha.test\bin\debug\ms.katusha.test.dll" id="329007e2-3baa-f261-caae-3580f430a309">
      <Execution id="e4be021b-6e01-499e-9e81-6a8584f798e6" />
      <TestMethod codeBase="C:/Users/mert.sakarya/documents/visual studio 2010/Projects/CodeFirst/MS.Katusha.Test/bin/Debug/MS.Katusha.Test.DLL" adapterTypeName="Microsoft.VisualStudio.TestTools.TestTypes.Unit.UnitTestAdapter, Microsoft.VisualStudio.QualityTools.Tips.UnitTest.Adapter, Version=10.0.0.0, Culture=neutral, PublicKeyToken=b03f5f7f11d50a3a" className="MS.Katusha.Test.BoyRepositoryTest, MS.Katusha.Test, Version=1.0.0.0, Culture=neutral, PublicKeyToken=null" name="ShouldBeAbleToFindBoy2" />
    </UnitTest>
    <UnitTest name="ShouldBeAbleToFindAUser" storage="c:\users\mert.sakarya\documents\visual studio 2010\projects\codefirst\ms.katusha.test\bin\debug\ms.katusha.test.dll" id="877536f0-aab5-dc3d-50d4-130ded0dfe18">
      <Execution id="f4a27a79-1c34-4b9f-a42a-c1356277d04e" />
      <TestMethod codeBase="C:/Users/mert.sakarya/documents/visual studio 2010/Projects/CodeFirst/MS.Katusha.Test/bin/Debug/MS.Katusha.Test.DLL" adapterTypeName="Microsoft.VisualStudio.TestTools.TestTypes.Unit.UnitTestAdapter, Microsoft.VisualStudio.QualityTools.Tips.UnitTest.Adapter, Version=10.0.0.0, Culture=neutral, PublicKeyToken=b03f5f7f11d50a3a" className="MS.Katusha.Test.KatushaRepositoryTest, MS.Katusha.Test, Version=1.0.0.0, Culture=neutral, PublicKeyToken=null" name="ShouldBeAbleToFindAUser" />
    </UnitTest>
    <UnitTest name="TestVisits" storage="c:\users\mert.sakarya\documents\visual studio 2010\projects\codefirst\ms.katusha.test\bin\debug\ms.katusha.test.dll" id="d22554e5-525e-5d9c-f2ee-f7ad962ac07f">
      <Execution id="ba141660-198e-4736-9bfb-c98ce20b5edc" />
      <TestMethod codeBase="C:/Users/mert.sakarya/documents/visual studio 2010/Projects/CodeFirst/MS.Katusha.Test/bin/Debug/MS.Katusha.Test.DLL" adapterTypeName="Microsoft.VisualStudio.TestTools.TestTypes.Unit.UnitTestAdapter, Microsoft.VisualStudio.QualityTools.Tips.UnitTest.Adapter, Version=10.0.0.0, Culture=neutral, PublicKeyToken=b03f5f7f11d50a3a" className="MS.Katusha.Test.BoyRepositoryTest, MS.Katusha.Test, Version=1.0.0.0, Culture=neutral, PublicKeyToken=null" name="TestVisits" />
    </UnitTest>
  </TestDefinitions>
  <TestLists>
    <TestList name="Results Not in a List" id="8c84fa94-04c1-424b-9868-57a2d4851a1d" />
    <TestList name="All Loaded Results" id="19431567-8539-422a-85d7-44ee4e166bda" />
  </TestLists>
  <TestEntries>
    <TestEntry testId="2c3b54dd-eda2-8575-6b29-4aef6babadf6" executionId="421a9bea-826a-4319-ade0-3962f9247de8" testListId="8c84fa94-04c1-424b-9868-57a2d4851a1d" />
    <TestEntry testId="877536f0-aab5-dc3d-50d4-130ded0dfe18" executionId="f4a27a79-1c34-4b9f-a42a-c1356277d04e" testListId="8c84fa94-04c1-424b-9868-57a2d4851a1d" />
    <TestEntry testId="329007e2-3baa-f261-caae-3580f430a309" executionId="e4be021b-6e01-499e-9e81-6a8584f798e6" testListId="8c84fa94-04c1-424b-9868-57a2d4851a1d" />
    <TestEntry testId="c110fe79-5d51-7c14-01d1-711d00a6e64f" executionId="9a9b93f3-0375-43d8-b784-effbbb4a0e99" testListId="8c84fa94-04c1-424b-9868-57a2d4851a1d" />
    <TestEntry testId="612255e6-ac16-66c6-627d-e06d4332ae15" executionId="7e8c3bbe-f16a-436a-ba68-d1b8d255b49a" testListId="8c84fa94-04c1-424b-9868-57a2d4851a1d" />
    <TestEntry testId="d22554e5-525e-5d9c-f2ee-f7ad962ac07f" executionId="ba141660-198e-4736-9bfb-c98ce20b5edc" testListId="8c84fa94-04c1-424b-9868-57a2d4851a1d" />
    <TestEntry testId="15676237-f968-2375-d914-bdbeba90e511" executionId="f7bba741-b1b7-4254-a50e-ec7db43a8a61" testListId="8c84fa94-04c1-424b-9868-57a2d4851a1d" />
  </TestEntries>
  <Results>
    <UnitTestResult executionId="421a9bea-826a-4319-ade0-3962f9247de8" testId="2c3b54dd-eda2-8575-6b29-4aef6babadf6" testName="ShouldBeAbleToFindBoy" computerName="MERTSAKARYA" duration="00:00:04.6182759" startTime="2012-03-05T20:29:33.1429351+02:00" endTime="2012-03-05T20:29:39.7417774+02:00" testType="13cdc9d9-ddb5-4fa4-a97d-d965ccfc6d4b" outcome="Passed" testListId="8c84fa94-04c1-424b-9868-57a2d4851a1d" relativeResultsDirectory="421a9bea-826a-4319-ade0-3962f9247de8">
      <Output>
        <DebugTrace>Id: 1 | ts: System.Byte[] | ModifiedDate: 05.03.2012 18:29:38 | CreationsDate: 05.03.2012 18:29:38 | Guid: 36e326af-7b81-42fd-acd3-a9b6ad666c2a | Profile: Id: 1 | ts: System.Byte[] | ModifiedDate: 05.03.2012 18:29:38 | CreationsDate: 05.03.2012 18:29:38 | Guid: 36e326af-7b81-42fd-acd3-a9b6ad666c2a | FriendlyName: mertiko1 | UserId: 1 | State: Id: 1 | ts: System.Byte[] | ModifiedDate: 05.03.2012 18:29:38 | CreationsDate: 05.03.2012 18:29:38[ProfileId: 1 | MembershipType: Normal | Status: Online | Existance: Active | LastOnline: 05.03.2012 18:28:38 | Expires: 05.03.2013 18:29:38] | Name:  | From: Turkey | City: Istanbul1 | BodyBuild:  | EyeColor:  | HairColor:  | Smokes:  | Alcohol:  | Religion:  | Height: 170 | BirthYear: 0
Searches: [
	Id: 1 | ts: System.Byte[] | ModifiedDate: 05.03.2012 18:29:38 | CreationsDate: 05.03.2012 18:29:38 | ProfileId: 1 | Search: LongTimeRelationship
	Id: 2 | ts: System.Byte[] | ModifiedDate: 05.03.2012 18:29:38 | CreationsDate: 05.03.2012 18:29:38 | ProfileId: 1 | Search: Friend
	Id: 3 | ts: System.Byte[] | ModifiedDate: 05.03.2012 18:29:38 | CreationsDate: 05.03.2012 18:29:38 | ProfileId: 1 | Search: OneNight
	Id: 4 | ts: System.Byte[] | ModifiedDate: 05.03.2012 18:29:38 | CreationsDate: 05.03.2012 18:29:38 | ProfileId: 1 | Search: Sex
]
Photos: [
	Id: 1 | ts: System.Byte[] | ModifiedDate: 05.03.2012 18:29:38 | CreationsDate: 05.03.2012 18:29:38 | Guid: fb5ea948-b058-4417-a01e-82332532ed85 | ProfileId: 1 | Description: [
Açıklama1
]
	Id: 2 | ts: System.Byte[] | ModifiedDate: 05.03.2012 18:29:38 | CreationsDate: 05.03.2012 18:29:38 | Guid: f613d9a5-cb9a-497b-a406-d5e54ded8ecc | ProfileId: 1 | Description: [
Açıklama21
]
]
CountriesToVisit: [
	Id: 1 | ts: System.Byte[] | ModifiedDate: 05.03.2012 18:29:38 | CreationsDate: 05.03.2012 18:29:38 | ProfileId: 1 | Country: Turkey
	Id: 2 | ts: System.Byte[] | ModifiedDate: 05.03.2012 18:29:38 | CreationsDate: 05.03.2012 18:29:38 | ProfileId: 1 | Country: Ukraine
]
LanguagesSpoken: [
	Id: 1 | ts: System.Byte[] | ModifiedDate: 05.03.2012 18:29:38 | CreationsDate: 05.03.2012 18:29:38 | ProfileId: 1 | Language: English
	Id: 2 | ts: System.Byte[] | ModifiedDate: 05.03.2012 18:29:38 | CreationsDate: 05.03.2012 18:29:38 | ProfileId: 1 | Language: Russian
	Id: 3 | ts: System.Byte[] | ModifiedDate: 05.03.2012 18:29:38 | CreationsDate: 05.03.2012 18:29:38 | ProfileId: 1 | Language: Turkish
] | DickSize: Medium | DickThickness: Thick | Gender: Male | UserName: mertsakarya1 | Email: mertsakarya@gmail.com | Phone:  | Password: 690514
Id: 2 | ts: System.Byte[] | ModifiedDate: 05.03.2012 18:29:38 | CreationsDate: 05.03.2012 18:29:38 | Guid: 31db4cf6-9e4a-4ed3-ab23-78d27103355d | Profile: Id: 2 | ts: System.Byte[] | ModifiedDate: 05.03.2012 18:29:38 | CreationsDate: 05.03.2012 18:29:38 | Guid: 31db4cf6-9e4a-4ed3-ab23-78d27103355d | FriendlyName: mertiko2 | UserId: 2 | State: Id: 2 | ts: System.Byte[] | ModifiedDate: 05.03.2012 18:29:39 | CreationsDate: 05.03.2012 18:29:39[ProfileId: 2 | MembershipType: Normal | Status: Online | Existance: Active | LastOnline: 05.03.2012 18:28:38 | Expires: 05.03.2013 18:29:38] | Name:  | From: Turkey | City: Istanbul2 | BodyBuild:  | EyeColor:  | HairColor:  | Smokes:  | Alcohol:  | Religion:  | Height: 170 | BirthYear: 0
Searches: [
	Id: 5 | ts: System.Byte[] | ModifiedDate: 05.03.2012 18:29:38 | CreationsDate: 05.03.2012 18:29:38 | ProfileId: 2 | Search: LongTimeRelationship
	Id: 6 | ts: System.Byte[] | ModifiedDate: 05.03.2012 18:29:38 | CreationsDate: 05.03.2012 18:29:38 | ProfileId: 2 | Search: Friend
	Id: 7 | ts: System.Byte[] | ModifiedDate: 05.03.2012 18:29:38 | CreationsDate: 05.03.2012 18:29:38 | ProfileId: 2 | Search: OneNight
	Id: 8 | ts: System.Byte[] | ModifiedDate: 05.03.2012 18:29:38 | CreationsDate: 05.03.2012 18:29:38 | ProfileId: 2 | Search: Sex
]
Photos: [
	Id: 3 | ts: System.Byte[] | ModifiedDate: 05.03.2012 18:29:38 | CreationsDate: 05.03.2012 18:29:38 | Guid: 7264bd7d-3eb6-4082-81a0-e7d8b50b621d | ProfileId: 2 | Description: [
Açıklama2
]
	Id: 4 | ts: System.Byte[] | ModifiedDate: 05.03.2012 18:29:38 | CreationsDate: 05.03.2012 18:29:38 | Guid: 2754f722-832e-441a-ab29-45b3b71973b8 | ProfileId: 2 | Description: [
Açıklama22
]
]
CountriesToVisit: [
	Id: 3 | ts: System.Byte[] | ModifiedDate: 05.03.2012 18:29:38 | CreationsDate: 05.03.2012 18:29:38 | ProfileId: 2 | Country: Turkey
	Id: 4 | ts: System.Byte[] | ModifiedDate: 05.03.2012 18:29:38 | CreationsDate: 05.03.2012 18:29:38 | ProfileId: 2 | Country: Ukraine
]
LanguagesSpoken: [
	Id: 4 | ts: System.Byte[] | ModifiedDate: 05.03.2012 18:29:38 | CreationsDate: 05.03.2012 18:29:38 | ProfileId: 2 | Language: English
	Id: 5 | ts: System.Byte[] | ModifiedDate: 05.03.2012 18:29:38 | CreationsDate: 05.03.2012 18:29:38 | ProfileId: 2 | Language: Russian
	Id: 6 | ts: System.Byte[] | ModifiedDate: 05.03.2012 18:29:38 | CreationsDate: 05.03.2012 18:29:38 | ProfileId: 2 | Language: Turkish
] | DickSize: Medium | DickThickness: Thick | Gender: Male | UserName: mertsakarya2 | Email: mertsakarya@gmail.com | Phone:  | Password: 690514
Id: 3 | ts: System.Byte[] | ModifiedDate: 05.03.2012 18:29:39 | CreationsDate: 05.03.2012 18:29:39 | Guid: 013c6956-2d95-4875-a3c9-ce021de6165b | Profile: Id: 3 | ts: System.Byte[] | ModifiedDate: 05.03.2012 18:29:39 | CreationsDate: 05.03.2012 18:29:39 | Guid: 013c6956-2d95-4875-a3c9-ce021de6165b | FriendlyName: mertiko3 | UserId: 3 | State: Id: 3 | ts: System.Byte[] | ModifiedDate: 05.03.2012 18:29:39 | CreationsDate: 05.03.2012 18:29:39[ProfileId: 3 | MembershipType: Normal | Status: Online | Existance: Active | LastOnline: 05.03.2012 18:28:39 | Expires: 05.03.2013 18:29:39] | Name:  | From: Turkey | City: Istanbul3 | BodyBuild:  | EyeColor:  | HairColor:  | Smokes:  | Alcohol:  | Religion:  | Height: 170 | BirthYear: 0
Searches: [
	Id: 9 | ts: System.Byte[] | ModifiedDate: 05.03.2012 18:29:39 | CreationsDate: 05.03.2012 18:29:39 | ProfileId: 3 | Search: LongTimeRelationship
	Id: 10 | ts: System.Byte[] | ModifiedDate: 05.03.2012 18:29:39 | CreationsDate: 05.03.2012 18:29:39 | ProfileId: 3 | Search: Friend
	Id: 11 | ts: System.Byte[] | ModifiedDate: 05.03.2012 18:29:39 | CreationsDate: 05.03.2012 18:29:39 | ProfileId: 3 | Search: OneNight
	Id: 12 | ts: System.Byte[] | ModifiedDate: 05.03.2012 18:29:39 | CreationsDate: 05.03.2012 18:29:39 | ProfileId: 3 | Search: Sex
]
Photos: [
	Id: 5 | ts: System.Byte[] | ModifiedDate: 05.03.2012 18:29:39 | CreationsDate: 05.03.2012 18:29:39 | Guid: 9d77cb65-a8ea-40cb-9929-b2b6948242c8 | ProfileId: 3 | Description: [
Açıklama3
]
	Id: 6 | ts: System.Byte[] | ModifiedDate: 05.03.2012 18:29:39 | CreationsDate: 05.03.2012 18:29:39 | Guid: d142888b-155f-4be8-b078-5bdf512f7c16 | ProfileId: 3 | Description: [
Açıklama23
]
]
CountriesToVisit: [
	Id: 5 | ts: System.Byte[] | ModifiedDate: 05.03.2012 18:29:39 | CreationsDate: 05.03.2012 18:29:39 | ProfileId: 3 | Country: Turkey
	Id: 6 | ts: System.Byte[] | ModifiedDate: 05.03.2012 18:29:39 | CreationsDate: 05.03.2012 18:29:39 | ProfileId: 3 | Country: Ukraine
]
LanguagesSpoken: [
	Id: 7 | ts: System.Byte[] | ModifiedDate: 05.03.2012 18:29:39 | CreationsDate: 05.03.2012 18:29:39 | ProfileId: 3 | Language: English
	Id: 8 | ts: System.Byte[] | ModifiedDate: 05.03.2012 18:29:39 | CreationsDate: 05.03.2012 18:29:39 | ProfileId: 3 | Language: Russian
	Id: 9 | ts: System.Byte[] | ModifiedDate: 05.03.2012 18:29:39 | CreationsDate: 05.03.2012 18:29:39 | ProfileId: 3 | Language: Turkish
] | DickSize: Medium | DickThickness: Thick | Gender: Male | UserName: mertsakarya3 | Email: mertsakarya@gmail.com | Phone:  | Password: 690514
Id: 4 | ts: System.Byte[] | ModifiedDate: 05.03.2012 18:29:39 | CreationsDate: 05.03.2012 18:29:39 | Guid: d04622aa-6150-4431-b43d-df26ad00daca | Profile: Id: 4 | ts: System.Byte[] | ModifiedDate: 05.03.2012 18:29:39 | CreationsDate: 05.03.2012 18:29:39 | Guid: d04622aa-6150-4431-b43d-df26ad00daca | FriendlyName: girl_mertiko4 | UserId: 4 | State: Id: 4 | ts: System.Byte[] | ModifiedDate: 05.03.2012 18:29:39 | CreationsDate: 05.03.2012 18:29:39[ProfileId: 4 | MembershipType: Normal | Status: Online | Existance: Active | LastOnline: 05.03.2012 18:28:39 | Expires: 05.03.2013 18:29:39] | Name:  | From: Turkey | City: Ankara4 | BodyBuild:  | EyeColor:  | HairColor:  | Smokes:  | Alcohol:  | Religion:  | Height: 170 | BirthYear: 0
Photos: [
	Id: 7 | ts: System.Byte[] | ModifiedDate: 05.03.2012 18:29:39 | CreationsDate: 05.03.2012 18:29:39 | Guid: 72508250-3f91-4735-825e-539b702bd17d | ProfileId: 4 | Description: [
Açıklama4
]
	Id: 8 | ts: System.Byte[] | ModifiedDate: 05.03.2012 18:29:39 | CreationsDate: 05.03.2012 18:29:39 | Guid: c39b80fc-c211-47c9-bffc-d9e0c4d7894b | ProfileId: 4 | Description: [
Açıklama24
]
]
CountriesToVisit: [
	Id: 7 | ts: System.Byte[] | ModifiedDate: 05.03.2012 18:29:39 | CreationsDate: 05.03.2012 18:29:39 | ProfileId: 4 | Country: Turkey
	Id: 8 | ts: System.Byte[] | ModifiedDate: 05.03.2012 18:29:39 | CreationsDate: 05.03.2012 18:29:39 | ProfileId: 4 | Country: Ukraine
]
LanguagesSpoken: [
	Id: 10 | ts: System.Byte[] | ModifiedDate: 05.03.2012 18:29:39 | CreationsDate: 05.03.2012 18:29:39 | ProfileId: 4 | Language: English
	Id: 11 | ts: System.Byte[] | ModifiedDate: 05.03.2012 18:29:39 | CreationsDate: 05.03.2012 18:29:39 | ProfileId: 4 | Language: Russian
	Id: 12 | ts: System.Byte[] | ModifiedDate: 05.03.2012 18:29:39 | CreationsDate: 05.03.2012 18:29:39 | ProfileId: 4 | Language: Turkish
] | BreastSize: Large | Gender: Female | UserName: mertsakarya4 | Email: mertsakarya@gmail.com | Phone:  | Password: 690514
Id: 5 | ts: System.Byte[] | ModifiedDate: 05.03.2012 18:29:39 | CreationsDate: 05.03.2012 18:29:39 | Guid: b3f7bd66-ebfa-4b31-a0f8-5049607c3cfe | Profile: Id: 5 | ts: System.Byte[] | ModifiedDate: 05.03.2012 18:29:39 | CreationsDate: 05.03.2012 18:29:39 | Guid: b3f7bd66-ebfa-4b31-a0f8-5049607c3cfe | FriendlyName: girl_mertiko5 | UserId: 5 | State: Id: 5 | ts: System.Byte[] | ModifiedDate: 05.03.2012 18:29:39 | CreationsDate: 05.03.2012 18:29:39[ProfileId: 5 | MembershipType: Normal | Status: Online | Existance: Active | LastOnline: 05.03.2012 18:28:39 | Expires: 05.03.2013 18:29:39] | Name:  | From: Turkey | City: Ankara5 | BodyBuild:  | EyeColor:  | HairColor:  | Smokes:  | Alcohol:  | Religion:  | Height: 170 | BirthYear: 0
Photos: [
	Id: 9 | ts: System.Byte[] | ModifiedDate: 05.03.2012 18:29:39 | CreationsDate: 05.03.2012 18:29:39 | Guid: 4f7de07e-9945-4d0d-99d1-925a75c193ce | ProfileId: 5 | Description: [
Açıklama5
]
	Id: 10 | ts: System.Byte[] | ModifiedDate: 05.03.2012 18:29:39 | CreationsDate: 05.03.2012 18:29:39 | Guid: 0dbd039e-d64a-42f5-9be3-7c3518fc598c | ProfileId: 5 | Description: [
Açıklama25
]
]
CountriesToVisit: [
	Id: 9 | ts: System.Byte[] | ModifiedDate: 05.03.2012 18:29:39 | CreationsDate: 05.03.2012 18:29:39 | ProfileId: 5 | Country: Turkey
	Id: 10 | ts: System.Byte[] | ModifiedDate: 05.03.2012 18:29:39 | CreationsDate: 05.03.2012 18:29:39 | ProfileId: 5 | Country: Ukraine
]
LanguagesSpoken: [
	Id: 13 | ts: System.Byte[] | ModifiedDate: 05.03.2012 18:29:39 | CreationsDate: 05.03.2012 18:29:39 | ProfileId: 5 | Language: English
	Id: 14 | ts: System.Byte[] | ModifiedDate: 05.03.2012 18:29:39 | CreationsDate: 05.03.2012 18:29:39 | ProfileId: 5 | Language: Russian
	Id: 15 | ts: System.Byte[] | ModifiedDate: 05.03.2012 18:29:39 | CreationsDate: 05.03.2012 18:29:39 | ProfileId: 5 | Language: Turkish
] | BreastSize: Large | Gender: Female | UserName: mertsakarya5 | Email: mertsakarya@gmail.com | Phone:  | Password: 690514
Id: 6 | ts: System.Byte[] | ModifiedDate: 05.03.2012 18:29:39 | CreationsDate: 05.03.2012 18:29:39 | Guid: 2a12cfee-0ef4-4805-beeb-e8e44e533019 | Profile: Id: 6 | ts: System.Byte[] | ModifiedDate: 05.03.2012 18:29:39 | CreationsDate: 05.03.2012 18:29:39 | Guid: 2a12cfee-0ef4-4805-beeb-e8e44e533019 | FriendlyName: girl_mertiko6 | UserId: 6 | State: Id: 6 | ts: System.Byte[] | ModifiedDate: 05.03.2012 18:29:39 | CreationsDate: 05.03.2012 18:29:39[ProfileId: 6 | MembershipType: Normal | Status: Online | Existance: Active | LastOnline: 05.03.2012 18:28:39 | Expires: 05.03.2013 18:29:39] | Name:  | From: Turkey | City: Ankara6 | BodyBuild:  | EyeColor:  | HairColor:  | Smokes:  | Alcohol:  | Religion:  | Height: 170 | BirthYear: 0
Photos: [
	Id: 11 | ts: System.Byte[] | ModifiedDate: 05.03.2012 18:29:39 | CreationsDate: 05.03.2012 18:29:39 | Guid: 8b224344-8e95-4ef3-bae1-59fbdf55a5c1 | ProfileId: 6 | Description: [
Açıklama6
]
	Id: 12 | ts: System.Byte[] | ModifiedDate: 05.03.2012 18:29:39 | CreationsDate: 05.03.2012 18:29:39 | Guid: e054a5a7-8a2f-4789-83e3-cc1a25e8ab62 | ProfileId: 6 | Description: [
Açıklama26
]
]
CountriesToVisit: [
	Id: 11 | ts: System.Byte[] | ModifiedDate: 05.03.2012 18:29:39 | CreationsDate: 05.03.2012 18:29:39 | ProfileId: 6 | Country: Turkey
	Id: 12 | ts: System.Byte[] | ModifiedDate: 05.03.2012 18:29:39 | CreationsDate: 05.03.2012 18:29:39 | ProfileId: 6 | Country: Ukraine
]
LanguagesSpoken: [
	Id: 16 | ts: System.Byte[] | ModifiedDate: 05.03.2012 18:29:39 | CreationsDate: 05.03.2012 18:29:39 | ProfileId: 6 | Language: English
	Id: 17 | ts: System.Byte[] | ModifiedDate: 05.03.2012 18:29:39 | CreationsDate: 05.03.2012 18:29:39 | ProfileId: 6 | Language: Russian
	Id: 18 | ts: System.Byte[] | ModifiedDate: 05.03.2012 18:29:39 | CreationsDate: 05.03.2012 18:29:39 | ProfileId: 6 | Language: Turkish
] | BreastSize: Large | Gender: Female | UserName: mertsakarya6 | Email: mertsakarya@gmail.com | Phone:  | Password: 690514
Created Sample Data
Found 1 boy and 2 photos, out of 3 boys and 3 girls.
</DebugTrace>
      </Output>
    </UnitTestResult>
    <UnitTestResult executionId="f4a27a79-1c34-4b9f-a42a-c1356277d04e" testId="877536f0-aab5-dc3d-50d4-130ded0dfe18" testName="ShouldBeAbleToFindAUser" computerName="MERTSAKARYA" duration="00:00:00.1315612" startTime="2012-03-05T20:29:39.7417774+02:00" endTime="2012-03-05T20:29:39.8821783+02:00" testType="13cdc9d9-ddb5-4fa4-a97d-d965ccfc6d4b" outcome="Passed" testListId="8c84fa94-04c1-424b-9868-57a2d4851a1d" relativeResultsDirectory="f4a27a79-1c34-4b9f-a42a-c1356277d04e">
      <Output>
        <DebugTrace>Result 05.03.2013 18:29:39
</DebugTrace>
      </Output>
    </UnitTestResult>
    <UnitTestResult executionId="e4be021b-6e01-499e-9e81-6a8584f798e6" testId="329007e2-3baa-f261-caae-3580f430a309" testName="ShouldBeAbleToFindBoy2" computerName="MERTSAKARYA" duration="00:00:00.1971181" startTime="2012-03-05T20:29:39.8977784+02:00" endTime="2012-03-05T20:29:40.1015798+02:00" testType="13cdc9d9-ddb5-4fa4-a97d-d965ccfc6d4b" outcome="Passed" testListId="8c84fa94-04c1-424b-9868-57a2d4851a1d" relativeResultsDirectory="e4be021b-6e01-499e-9e81-6a8584f798e6">
      <Output>
        <DebugTrace>Found User:
 Id: 2 | ts: System.Byte[] | ModifiedDate: 05.03.2012 18:29:38 | CreationsDate: 05.03.2012 18:29:38 | Guid: 31db4cf6-9e4a-4ed3-ab23-78d27103355d | Profile: Id: 2 | ts: System.Byte[] | ModifiedDate: 05.03.2012 18:29:38 | CreationsDate: 05.03.2012 18:29:38 | Guid: 31db4cf6-9e4a-4ed3-ab23-78d27103355d | FriendlyName: mertiko2 | UserId: 2 | State:  | Name:  | From: Turkey | City: Istanbul2 | BodyBuild:  | EyeColor:  | HairColor:  | Smokes:  | Alcohol:  | Religion:  | Height: 170 | BirthYear: 0 | DickSize: Medium | DickThickness: Thick | Gender: Male | UserName: mertsakarya2 | Email: mertsakarya@gmail.com | Phone:  | Password: 690514
Found boy with 2 photos.
Found boy with 2 photos.
Found boy with 2 photos.
</DebugTrace>
      </Output>
    </UnitTestResult>
    <UnitTestResult executionId="9a9b93f3-0375-43d8-b784-effbbb4a0e99" testId="c110fe79-5d51-7c14-01d1-711d00a6e64f" testName="ShouldBeAbleToFindBoy" computerName="MERTSAKARYA" duration="00:00:00.0292000" startTime="2012-03-05T20:29:40.1015798+02:00" endTime="2012-03-05T20:29:40.1327800+02:00" testType="13cdc9d9-ddb5-4fa4-a97d-d965ccfc6d4b" outcome="Passed" testListId="8c84fa94-04c1-424b-9868-57a2d4851a1d" relativeResultsDirectory="9a9b93f3-0375-43d8-b784-effbbb4a0e99">
      <Output>
        <DebugTrace>Found 3 boys and 3 boys
</DebugTrace>
      </Output>
    </UnitTestResult>
    <UnitTestResult executionId="7e8c3bbe-f16a-436a-ba68-d1b8d255b49a" testId="612255e6-ac16-66c6-627d-e06d4332ae15" testName="TestVisitAndConversation" computerName="MERTSAKARYA" duration="00:00:00.2086806" startTime="2012-03-05T20:29:40.1483801+02:00" endTime="2012-03-05T20:29:40.3667815+02:00" testType="13cdc9d9-ddb5-4fa4-a97d-d965ccfc6d4b" outcome="Passed" testListId="8c84fa94-04c1-424b-9868-57a2d4851a1d" relativeResultsDirectory="7e8c3bbe-f16a-436a-ba68-d1b8d255b49a">
      <Output>
        <DebugTrace>Id: 1 | ts: System.Byte[] | ModifiedDate: 05.03.2012 18:29:40 | CreationsDate: 05.03.2012 18:29:40 | Guid: 5db2e24a-f56c-454b-8452-2b2023555e9e | ProfileId: 1 | VisitorProfileId: 4
Id: 1 | ts: System.Byte[] | ModifiedDate: 05.03.2012 18:29:40 | CreationsDate: 05.03.2012 18:29:40 | Guid: ab41a556-13aa-49b8-9274-f11ef54e8221 | From: 1 | To: 4 | ReadDate:  | Subject: Hi
MESSAGE: [

I would 
Like to meet you

]
Id: 1 | ts: System.Byte[] | ModifiedDate: 05.03.2012 18:29:40 | CreationsDate: 05.03.2012 18:29:40 | Guid: ab41a556-13aa-49b8-9274-f11ef54e8221 | From: 1 | To: 4 | ReadDate:  | Subject: Hi
MESSAGE: [

I would 
Like to meet you

]
</DebugTrace>
      </Output>
    </UnitTestResult>
    <UnitTestResult executionId="ba141660-198e-4736-9bfb-c98ce20b5edc" testId="d22554e5-525e-5d9c-f2ee-f7ad962ac07f" testName="TestVisits" computerName="MERTSAKARYA" duration="00:00:00.4078971" startTime="2012-03-05T20:29:40.3979817+02:00" endTime="2012-03-05T20:29:40.8035843+02:00" testType="13cdc9d9-ddb5-4fa4-a97d-d965ccfc6d4b" outcome="Passed" testListId="8c84fa94-04c1-424b-9868-57a2d4851a1d" relativeResultsDirectory="ba141660-198e-4736-9bfb-c98ce20b5edc">
      <Output>
        <DebugTrace>Id: 2 | ts: System.Byte[] | ModifiedDate: 05.03.2012 18:29:40 | CreationsDate: 05.03.2012 18:29:40 | Guid: 50ad0b31-277a-4100-9ca0-057934c5de0e | ProfileId: 1 | VisitorProfileId: 6
Id: 3 | ts: System.Byte[] | ModifiedDate: 05.03.2012 18:29:40 | CreationsDate: 05.03.2012 18:29:40 | Guid: d42ccd13-51ad-4175-aba3-509ff393609c | ProfileId: 3 | VisitorProfileId: 5
Id: 4 | ts: System.Byte[] | ModifiedDate: 05.03.2012 18:29:40 | CreationsDate: 05.03.2012 18:29:40 | Guid: c1c36eff-2c52-4337-aa7d-54046bfe763c | ProfileId: 1 | VisitorProfileId: 5
Id: 5 | ts: System.Byte[] | ModifiedDate: 05.03.2012 18:29:40 | CreationsDate: 05.03.2012 18:29:40 | Guid: bb0ddf31-811f-4004-9e62-737088e8b1ba | ProfileId: 1 | VisitorProfileId: 5
Id: 6 | ts: System.Byte[] | ModifiedDate: 05.03.2012 18:29:40 | CreationsDate: 05.03.2012 18:29:40 | Guid: 83006775-8eb4-4b05-9ca1-3f0b342bfa39 | ProfileId: 2 | VisitorProfileId: 4
Id: 7 | ts: System.Byte[] | ModifiedDate: 05.03.2012 18:29:40 | CreationsDate: 05.03.2012 18:29:40 | Guid: 043a8366-63bc-44d8-8fae-d442ad0700e5 | ProfileId: 3 | VisitorProfileId: 4
Id: 8 | ts: System.Byte[] | ModifiedDate: 05.03.2012 18:29:40 | CreationsDate: 05.03.2012 18:29:40 | Guid: dfed7ad8-ba0f-4a6b-a8f0-aa1bd66f4d83 | ProfileId: 1 | VisitorProfileId: 4
Id: 9 | ts: System.Byte[] | ModifiedDate: 05.03.2012 18:29:40 | CreationsDate: 05.03.2012 18:29:40 | Guid: 4ba6549f-ce9c-4b1e-b3bd-ddd3fdc477a6 | ProfileId: 4 | VisitorProfileId: 5
Id: 4 | ts: System.Byte[] | ModifiedDate: 05.03.2012 18:29:39 | CreationsDate: 05.03.2012 18:29:39 | Guid: d04622aa-6150-4431-b43d-df26ad00daca | FriendlyName: girl_mertiko4 | UserId: 4 | State:  | Name:  | From: Turkey | City: Ankara4 | BodyBuild:  | EyeColor:  | HairColor:  | Smokes:  | Alcohol:  | Religion:  | Height: 170 | BirthYear: 0
Photos: [
	Id: 7 | ts: System.Byte[] | ModifiedDate: 05.03.2012 18:29:39 | CreationsDate: 05.03.2012 18:29:39 | Guid: 72508250-3f91-4735-825e-539b702bd17d | ProfileId: 4 | Description: [
Açıklama4
]
	Id: 8 | ts: System.Byte[] | ModifiedDate: 05.03.2012 18:29:39 | CreationsDate: 05.03.2012 18:29:39 | Guid: c39b80fc-c211-47c9-bffc-d9e0c4d7894b | ProfileId: 4 | Description: [
Açıklama24
]
] | BreastSize: Large
</DebugTrace>
      </Output>
    </UnitTestResult>
    <UnitTestResult executionId="f7bba741-b1b7-4254-a50e-ec7db43a8a61" testId="15676237-f968-2375-d914-bdbeba90e511" testName="ShouldFindUser" computerName="MERTSAKARYA" duration="00:00:51.1359736" startTime="2012-03-05T20:29:40.8035843+02:00" endTime="2012-03-05T20:30:31.9555822+02:00" testType="13cdc9d9-ddb5-4fa4-a97d-d965ccfc6d4b" outcome="Passed" testListId="8c84fa94-04c1-424b-9868-57a2d4851a1d" relativeResultsDirectory="f7bba741-b1b7-4254-a50e-ec7db43a8a61">
      <Output>
        <DebugTrace>Found User:
 Id: 4 | ts: System.Byte[] | ModifiedDate: 05.03.2012 18:29:39 | CreationsDate: 05.03.2012 18:29:39 | Guid: d04622aa-6150-4431-b43d-df26ad00daca | Profile: Id: 4 | ts: System.Byte[] | ModifiedDate: 05.03.2012 18:29:39 | CreationsDate: 05.03.2012 18:29:39 | Guid: d04622aa-6150-4431-b43d-df26ad00daca | FriendlyName: girl_mertiko4 | UserId: 4 | State:  | Name:  | From: Turkey | City: Ankara4 | BodyBuild:  | EyeColor:  | HairColor:  | Smokes:  | Alcohol:  | Religion:  | Height: 170 | BirthYear: 0 | BreastSize: Large | Gender: Female | UserName: mertsakarya4 | Email: mertsakarya@gmail.com | Phone:  | Password: 690514
</DebugTrace>
      </Output>
    </UnitTestResult>
  </Results>
</TestRun>