<?xml version="1.0" encoding="UTF-8"?>
<TestRun id="1bf6a20c-4b7e-44df-9738-1f0ef77b7b12" name="mert.sakarya@MERTSAKARYA 2012-03-05 20:25:06" runUser="SAHIBINDEN\mert.sakarya" xmlns="http://microsoft.com/schemas/VisualStudio/TeamTest/2010">
  <TestSettings name="Local" id="68342950-b16e-4d12-b71a-95a7036c6fb6">
    <Description>These are default test settings for a local test run.</Description>
    <Deployment enabled="false" runDeploymentRoot="mert.sakarya_MERTSAKARYA 2012-03-05 20_25_06">
      <DeploymentItem filename="C:\Users\mert.sakarya\documents\visual studio 2010\Projects\CodeFirst\packages\EntityFramework.4.3.1\lib\net40\EntityFramework.dll" />
      <DeploymentItem filename="C:\Users\mert.sakarya\documents\visual studio 2010\Projects\CodeFirst\packages\SqlServerCompact.4.0.8852.1\lib\net40\System.Data.SqlServerCe.dll" />
      <DeploymentItem filename="C:\Users\mert.sakarya\documents\visual studio 2010\Projects\CodeFirst\MS.Katusha.Repository\bin\Debug\MS.Katusha.Repository.dll" />
      <DeploymentItem filename="C:\Users\mert.sakarya\documents\visual studio 2010\Projects\CodeFirst\packages\SqlServerCompact.4.0.8852.1\lib\net40\System.Data.SqlServerCe.Entity.dll" />
      <DeploymentItem filename="C:\Users\mert.sakarya\documents\visual studio 2010\Projects\CodeFirst\MS.Katusha.Domain\bin\Debug\MS.Katusha.Domain.dll" />
    </Deployment>
    <Execution>
      <TestTypeSpecific />
      <AgentRule name="Execution Agents">
      </AgentRule>
    </Execution>
  </TestSettings>
  <Times creation="2012-03-05T20:25:06.2296320+02:00" queuing="2012-03-05T20:25:09.8956320+02:00" start="2012-03-05T20:25:10.0672320+02:00" finish="2012-03-05T20:25:19.7250320+02:00" />
  <ResultSummary outcome="Completed">
    <Counters total="6" executed="6" passed="6" error="0" failed="0" timeout="0" aborted="0" inconclusive="0" passedButRunAborted="0" notRunnable="0" notExecuted="0" disconnected="0" warning="0" completed="0" inProgress="0" pending="0" />
    <Output>
      <DebugTrace>Assembly Init
ClassCleanup
AssemblyCleanup
</DebugTrace>
    </Output>
  </ResultSummary>
  <TestDefinitions>
    <UnitTest name="ShouldBeAbleToFindBoy" storage="c:\users\mert.sakarya\documents\visual studio 2010\projects\codefirst\ms.katusha.test\bin\debug\ms.katusha.test.dll" id="c110fe79-5d51-7c14-01d1-711d00a6e64f">
      <Execution id="4eafd31a-5a42-4be6-8af9-948dbc9a748b" />
      <TestMethod codeBase="C:/Users/mert.sakarya/documents/visual studio 2010/Projects/CodeFirst/MS.Katusha.Test/bin/Debug/MS.Katusha.Test.DLL" adapterTypeName="Microsoft.VisualStudio.TestTools.TestTypes.Unit.UnitTestAdapter, Microsoft.VisualStudio.QualityTools.Tips.UnitTest.Adapter, Version=10.0.0.0, Culture=neutral, PublicKeyToken=b03f5f7f11d50a3a" className="MS.Katusha.Test.BoyRepositoryTest, MS.Katusha.Test, Version=1.0.0.0, Culture=neutral, PublicKeyToken=null" name="ShouldBeAbleToFindBoy" />
    </UnitTest>
    <UnitTest name="TestVisitAndConversation" storage="c:\users\mert.sakarya\documents\visual studio 2010\projects\codefirst\ms.katusha.test\bin\debug\ms.katusha.test.dll" id="612255e6-ac16-66c6-627d-e06d4332ae15">
      <Execution id="e1a15de1-5895-41ef-9eb4-e0c8a23e7a71" />
      <TestMethod codeBase="C:/Users/mert.sakarya/documents/visual studio 2010/Projects/CodeFirst/MS.Katusha.Test/bin/Debug/MS.Katusha.Test.DLL" adapterTypeName="Microsoft.VisualStudio.TestTools.TestTypes.Unit.UnitTestAdapter, Microsoft.VisualStudio.QualityTools.Tips.UnitTest.Adapter, Version=10.0.0.0, Culture=neutral, PublicKeyToken=b03f5f7f11d50a3a" className="MS.Katusha.Test.BoyRepositoryTest, MS.Katusha.Test, Version=1.0.0.0, Culture=neutral, PublicKeyToken=null" name="TestVisitAndConversation" />
    </UnitTest>
    <UnitTest name="ShouldBeAbleToFindBoy" storage="c:\users\mert.sakarya\documents\visual studio 2010\projects\codefirst\ms.katusha.test\bin\debug\ms.katusha.test.dll" id="2c3b54dd-eda2-8575-6b29-4aef6babadf6">
      <Execution id="5cd52c52-89f5-4438-a00c-7d79aedda92d" />
      <TestMethod codeBase="C:/Users/mert.sakarya/documents/visual studio 2010/Projects/CodeFirst/MS.Katusha.Test/bin/Debug/MS.Katusha.Test.DLL" adapterTypeName="Microsoft.VisualStudio.TestTools.TestTypes.Unit.UnitTestAdapter, Microsoft.VisualStudio.QualityTools.Tips.UnitTest.Adapter, Version=10.0.0.0, Culture=neutral, PublicKeyToken=b03f5f7f11d50a3a" className="MS.Katusha.Test.KatushaRepositoryTest, MS.Katusha.Test, Version=1.0.0.0, Culture=neutral, PublicKeyToken=null" name="ShouldBeAbleToFindBoy" />
    </UnitTest>
    <UnitTest name="ShouldBeAbleToFindBoy2" storage="c:\users\mert.sakarya\documents\visual studio 2010\projects\codefirst\ms.katusha.test\bin\debug\ms.katusha.test.dll" id="329007e2-3baa-f261-caae-3580f430a309">
      <Execution id="15093b7d-1ea1-4df5-a782-952b6642e310" />
      <TestMethod codeBase="C:/Users/mert.sakarya/documents/visual studio 2010/Projects/CodeFirst/MS.Katusha.Test/bin/Debug/MS.Katusha.Test.DLL" adapterTypeName="Microsoft.VisualStudio.TestTools.TestTypes.Unit.UnitTestAdapter, Microsoft.VisualStudio.QualityTools.Tips.UnitTest.Adapter, Version=10.0.0.0, Culture=neutral, PublicKeyToken=b03f5f7f11d50a3a" className="MS.Katusha.Test.BoyRepositoryTest, MS.Katusha.Test, Version=1.0.0.0, Culture=neutral, PublicKeyToken=null" name="ShouldBeAbleToFindBoy2" />
    </UnitTest>
    <UnitTest name="ShouldBeAbleToFindAUser" storage="c:\users\mert.sakarya\documents\visual studio 2010\projects\codefirst\ms.katusha.test\bin\debug\ms.katusha.test.dll" id="877536f0-aab5-dc3d-50d4-130ded0dfe18">
      <Execution id="0837fd9e-5782-4b44-a63a-35e09a403b03" />
      <TestMethod codeBase="C:/Users/mert.sakarya/documents/visual studio 2010/Projects/CodeFirst/MS.Katusha.Test/bin/Debug/MS.Katusha.Test.DLL" adapterTypeName="Microsoft.VisualStudio.TestTools.TestTypes.Unit.UnitTestAdapter, Microsoft.VisualStudio.QualityTools.Tips.UnitTest.Adapter, Version=10.0.0.0, Culture=neutral, PublicKeyToken=b03f5f7f11d50a3a" className="MS.Katusha.Test.KatushaRepositoryTest, MS.Katusha.Test, Version=1.0.0.0, Culture=neutral, PublicKeyToken=null" name="ShouldBeAbleToFindAUser" />
    </UnitTest>
    <UnitTest name="TestVisits" storage="c:\users\mert.sakarya\documents\visual studio 2010\projects\codefirst\ms.katusha.test\bin\debug\ms.katusha.test.dll" id="d22554e5-525e-5d9c-f2ee-f7ad962ac07f">
      <Execution id="60589350-de3f-4eca-b17b-771d988c7f68" />
      <TestMethod codeBase="C:/Users/mert.sakarya/documents/visual studio 2010/Projects/CodeFirst/MS.Katusha.Test/bin/Debug/MS.Katusha.Test.DLL" adapterTypeName="Microsoft.VisualStudio.TestTools.TestTypes.Unit.UnitTestAdapter, Microsoft.VisualStudio.QualityTools.Tips.UnitTest.Adapter, Version=10.0.0.0, Culture=neutral, PublicKeyToken=b03f5f7f11d50a3a" className="MS.Katusha.Test.BoyRepositoryTest, MS.Katusha.Test, Version=1.0.0.0, Culture=neutral, PublicKeyToken=null" name="TestVisits" />
    </UnitTest>
  </TestDefinitions>
  <TestLists>
    <TestList name="Results Not in a List" id="8c84fa94-04c1-424b-9868-57a2d4851a1d" />
    <TestList name="All Loaded Results" id="19431567-8539-422a-85d7-44ee4e166bda" />
  </TestLists>
  <TestEntries>
    <TestEntry testId="2c3b54dd-eda2-8575-6b29-4aef6babadf6" executionId="5cd52c52-89f5-4438-a00c-7d79aedda92d" testListId="8c84fa94-04c1-424b-9868-57a2d4851a1d" />
    <TestEntry testId="877536f0-aab5-dc3d-50d4-130ded0dfe18" executionId="0837fd9e-5782-4b44-a63a-35e09a403b03" testListId="8c84fa94-04c1-424b-9868-57a2d4851a1d" />
    <TestEntry testId="329007e2-3baa-f261-caae-3580f430a309" executionId="15093b7d-1ea1-4df5-a782-952b6642e310" testListId="8c84fa94-04c1-424b-9868-57a2d4851a1d" />
    <TestEntry testId="c110fe79-5d51-7c14-01d1-711d00a6e64f" executionId="4eafd31a-5a42-4be6-8af9-948dbc9a748b" testListId="8c84fa94-04c1-424b-9868-57a2d4851a1d" />
    <TestEntry testId="612255e6-ac16-66c6-627d-e06d4332ae15" executionId="e1a15de1-5895-41ef-9eb4-e0c8a23e7a71" testListId="8c84fa94-04c1-424b-9868-57a2d4851a1d" />
    <TestEntry testId="d22554e5-525e-5d9c-f2ee-f7ad962ac07f" executionId="60589350-de3f-4eca-b17b-771d988c7f68" testListId="8c84fa94-04c1-424b-9868-57a2d4851a1d" />
  </TestEntries>
  <Results>
    <UnitTestResult executionId="5cd52c52-89f5-4438-a00c-7d79aedda92d" testId="2c3b54dd-eda2-8575-6b29-4aef6babadf6" testName="ShouldBeAbleToFindBoy" computerName="MERTSAKARYA" duration="00:00:01.8345282" startTime="2012-03-05T20:25:10.2232320+02:00" endTime="2012-03-05T20:25:13.9828320+02:00" testType="13cdc9d9-ddb5-4fa4-a97d-d965ccfc6d4b" outcome="Passed" testListId="8c84fa94-04c1-424b-9868-57a2d4851a1d" relativeResultsDirectory="5cd52c52-89f5-4438-a00c-7d79aedda92d">
      <Output>
        <DebugTrace>Found 1 boy and 2 photos, out of 3 boys and 3 girls.
</DebugTrace>
      </Output>
    </UnitTestResult>
    <UnitTestResult executionId="0837fd9e-5782-4b44-a63a-35e09a403b03" testId="877536f0-aab5-dc3d-50d4-130ded0dfe18" testName="ShouldBeAbleToFindAUser" computerName="MERTSAKARYA" duration="00:00:00.3008530" startTime="2012-03-05T20:25:13.9984320+02:00" endTime="2012-03-05T20:25:14.3104320+02:00" testType="13cdc9d9-ddb5-4fa4-a97d-d965ccfc6d4b" outcome="Passed" testListId="8c84fa94-04c1-424b-9868-57a2d4851a1d" relativeResultsDirectory="0837fd9e-5782-4b44-a63a-35e09a403b03">
      <Output>
        <DebugTrace>Result 05.03.2013 17:48:57
</DebugTrace>
      </Output>
    </UnitTestResult>
    <UnitTestResult executionId="15093b7d-1ea1-4df5-a782-952b6642e310" testId="329007e2-3baa-f261-caae-3580f430a309" testName="ShouldBeAbleToFindBoy2" computerName="MERTSAKARYA" duration="00:00:00.2851534" startTime="2012-03-05T20:25:14.4040320+02:00" endTime="2012-03-05T20:25:14.7004320+02:00" testType="13cdc9d9-ddb5-4fa4-a97d-d965ccfc6d4b" outcome="Passed" testListId="8c84fa94-04c1-424b-9868-57a2d4851a1d" relativeResultsDirectory="15093b7d-1ea1-4df5-a782-952b6642e310">
      <Output>
        <DebugTrace>Found User:
 Id: 2 | ts: System.Byte[] | ModifiedDate: 05.03.2012 17:48:57 | CreationsDate: 05.03.2012 17:48:57 | Guid: 40712f86-6898-4036-b23b-f9c1c2d4fe50 | Profile: Id: 2 | ts: System.Byte[] | ModifiedDate: 05.03.2012 17:48:57 | CreationsDate: 05.03.2012 17:48:57 | Guid: 40712f86-6898-4036-b23b-f9c1c2d4fe50 | FriendlyName: mertiko2 | UserId: 2 | State:  | Name:  | From: Turkey | City: Istanbul2 | BodyBuild:  | EyeColor:  | HairColor:  | Smokes:  | Alcohol:  | Religion:  | Height: 170 | BirthYear: 0 | DickSize: Medium | DickThickness: Thick | Gender: Male | UserName: mertsakarya2 | Email: mertsakarya@gmail.com | Phone:  | Password: 690514
Found boy with 2 photos.
Found boy with 2 photos.
Found boy with 2 photos.
</DebugTrace>
      </Output>
    </UnitTestResult>
    <UnitTestResult executionId="4eafd31a-5a42-4be6-8af9-948dbc9a748b" testId="c110fe79-5d51-7c14-01d1-711d00a6e64f" testName="ShouldBeAbleToFindBoy" computerName="MERTSAKARYA" duration="00:00:00.0285538" startTime="2012-03-05T20:25:14.7004320+02:00" endTime="2012-03-05T20:25:14.7472320+02:00" testType="13cdc9d9-ddb5-4fa4-a97d-d965ccfc6d4b" outcome="Passed" testListId="8c84fa94-04c1-424b-9868-57a2d4851a1d" relativeResultsDirectory="4eafd31a-5a42-4be6-8af9-948dbc9a748b">
      <Output>
        <DebugTrace>Found 3 boys and 3 boys
</DebugTrace>
      </Output>
    </UnitTestResult>
    <UnitTestResult executionId="e1a15de1-5895-41ef-9eb4-e0c8a23e7a71" testId="612255e6-ac16-66c6-627d-e06d4332ae15" testName="TestVisitAndConversation" computerName="MERTSAKARYA" duration="00:00:00.3235423" startTime="2012-03-05T20:25:14.7472320+02:00" endTime="2012-03-05T20:25:15.0748320+02:00" testType="13cdc9d9-ddb5-4fa4-a97d-d965ccfc6d4b" outcome="Passed" testListId="8c84fa94-04c1-424b-9868-57a2d4851a1d" relativeResultsDirectory="e1a15de1-5895-41ef-9eb4-e0c8a23e7a71">
      <Output>
        <DebugTrace>Id: 57 | ts: System.Byte[] | ModifiedDate: 05.03.2012 18:25:14 | CreationsDate: 05.03.2012 18:25:14 | Guid: 83f4ce62-b942-427b-a9a6-730d36471ebb | ProfileId: 1 | VisitorProfileId: 4
Id: 5 | ts: System.Byte[] | ModifiedDate: 05.03.2012 18:25:14 | CreationsDate: 05.03.2012 18:25:14 | Guid: 8459bee2-b752-44b5-8a4f-3188e3bf6c84 | From: 1 | To: 4 | ReadDate:  | Subject: Hi
MESSAGE: [

I would 
Like to meet you

]
Id: 5 | ts: System.Byte[] | ModifiedDate: 05.03.2012 18:25:14 | CreationsDate: 05.03.2012 18:25:14 | Guid: 8459bee2-b752-44b5-8a4f-3188e3bf6c84 | From: 1 | To: 4 | ReadDate:  | Subject: Hi
MESSAGE: [

I would 
Like to meet you

]
</DebugTrace>
      </Output>
    </UnitTestResult>
    <UnitTestResult executionId="60589350-de3f-4eca-b17b-771d988c7f68" testId="d22554e5-525e-5d9c-f2ee-f7ad962ac07f" testName="TestVisits" computerName="MERTSAKARYA" duration="00:00:04.5517705" startTime="2012-03-05T20:25:15.0748320+02:00" endTime="2012-03-05T20:25:19.6314320+02:00" testType="13cdc9d9-ddb5-4fa4-a97d-d965ccfc6d4b" outcome="Passed" testListId="8c84fa94-04c1-424b-9868-57a2d4851a1d" relativeResultsDirectory="60589350-de3f-4eca-b17b-771d988c7f68">
      <Output>
        <DebugTrace>Id: 58 | ts: System.Byte[] | ModifiedDate: 05.03.2012 18:25:15 | CreationsDate: 05.03.2012 18:25:15 | Guid: 85357fb7-86ee-41be-ac18-c9533d3d1a19 | ProfileId: 1 | VisitorProfileId: 6
Id: 59 | ts: System.Byte[] | ModifiedDate: 05.03.2012 18:25:15 | CreationsDate: 05.03.2012 18:25:15 | Guid: fbb887a2-4728-4f43-ac0d-bc9e83b14ca5 | ProfileId: 3 | VisitorProfileId: 5
Id: 60 | ts: System.Byte[] | ModifiedDate: 05.03.2012 18:25:15 | CreationsDate: 05.03.2012 18:25:15 | Guid: be944331-73ad-4fa2-8294-82426dfdf142 | ProfileId: 1 | VisitorProfileId: 5
Id: 61 | ts: System.Byte[] | ModifiedDate: 05.03.2012 18:25:15 | CreationsDate: 05.03.2012 18:25:15 | Guid: 2a88cc7d-c9ec-426b-86ce-e85150fbb460 | ProfileId: 1 | VisitorProfileId: 5
Id: 62 | ts: System.Byte[] | ModifiedDate: 05.03.2012 18:25:15 | CreationsDate: 05.03.2012 18:25:15 | Guid: 4a0ba805-5738-4da3-8d5e-e6bc72db8547 | ProfileId: 2 | VisitorProfileId: 4
Id: 63 | ts: System.Byte[] | ModifiedDate: 05.03.2012 18:25:15 | CreationsDate: 05.03.2012 18:25:15 | Guid: e24042c9-5362-41ff-aab3-13e6fbaed847 | ProfileId: 3 | VisitorProfileId: 4
Id: 64 | ts: System.Byte[] | ModifiedDate: 05.03.2012 18:25:15 | CreationsDate: 05.03.2012 18:25:15 | Guid: e67426cf-4e45-45d0-9433-70384140d72d | ProfileId: 1 | VisitorProfileId: 4
Id: 65 | ts: System.Byte[] | ModifiedDate: 05.03.2012 18:25:15 | CreationsDate: 05.03.2012 18:25:15 | Guid: 554744f5-8c56-468e-8ac9-346b388cde51 | ProfileId: 4 | VisitorProfileId: 5
Id: 4 | ts: System.Byte[] | ModifiedDate: 05.03.2012 17:48:57 | CreationsDate: 05.03.2012 17:48:57 | Guid: 30f03d92-7761-4c10-abdf-1907664dd808 | FriendlyName: girl_mertiko4 | UserId: 4 | State:  | Name:  | From: Turkey | City: Ankara4 | BodyBuild:  | EyeColor:  | HairColor:  | Smokes:  | Alcohol:  | Religion:  | Height: 170 | BirthYear: 0
Photos: [
	Id: 7 | ts: System.Byte[] | ModifiedDate: 05.03.2012 17:48:57 | CreationsDate: 05.03.2012 17:48:57 | Guid: 4f51d8dd-42e9-4e27-a278-ccac684d077f | ProfileId: 4 | Description: [
Açıklama4
]
	Id: 8 | ts: System.Byte[] | ModifiedDate: 05.03.2012 17:48:57 | CreationsDate: 05.03.2012 17:48:57 | Guid: 23248ba1-6dff-4ad4-9d9d-5ab8ad303758 | ProfileId: 4 | Description: [
Açıklama24
]
] | BreastSize: Large
</DebugTrace>
      </Output>
    </UnitTestResult>
  </Results>
</TestRun>