<?xml version="1.0" encoding="UTF-8"?>
<TestRun id="4fd4dbbc-f5aa-420f-985e-5d574093906d" name="mert.sakarya@MERTSAKARYA 2012-03-05 19:53:53" runUser="SAHIBINDEN\mert.sakarya" xmlns="http://microsoft.com/schemas/VisualStudio/TeamTest/2010">
  <TestSettings name="Local" id="68342950-b16e-4d12-b71a-95a7036c6fb6">
    <Description>These are default test settings for a local test run.</Description>
    <Deployment enabled="false" runDeploymentRoot="mert.sakarya_MERTSAKARYA 2012-03-05 19_53_53">
      <DeploymentItem filename="C:\Users\mert.sakarya\documents\visual studio 2010\Projects\CodeFirst\packages\EntityFramework.4.3.1\lib\net40\EntityFramework.dll" />
      <DeploymentItem filename="C:\Users\mert.sakarya\documents\visual studio 2010\Projects\CodeFirst\packages\SqlServerCompact.4.0.8852.1\lib\net40\System.Data.SqlServerCe.dll" />
      <DeploymentItem filename="C:\Users\mert.sakarya\documents\visual studio 2010\Projects\CodeFirst\MS.Katusha.Repository\bin\Debug\MS.Katusha.Repository.dll" />
      <DeploymentItem filename="C:\Users\mert.sakarya\documents\visual studio 2010\Projects\CodeFirst\packages\SqlServerCompact.4.0.8852.1\lib\net40\System.Data.SqlServerCe.Entity.dll" />
      <DeploymentItem filename="C:\Users\mert.sakarya\documents\visual studio 2010\Projects\CodeFirst\MS.Katusha.Domain\bin\Debug\MS.Katusha.Domain.dll" />
    </Deployment>
    <Execution>
      <TestTypeSpecific />
      <AgentRule name="Execution Agents">
      </AgentRule>
    </Execution>
  </TestSettings>
  <Times creation="2012-03-05T19:53:53.4313131+02:00" queuing="2012-03-05T19:53:55.1474847+02:00" start="2012-03-05T19:53:55.4645164+02:00" finish="2012-03-05T19:54:47.3628955+02:00" />
  <ResultSummary outcome="Completed">
    <Counters total="6" executed="6" passed="6" error="0" failed="0" timeout="0" aborted="0" inconclusive="0" passedButRunAborted="0" notRunnable="0" notExecuted="0" disconnected="0" warning="0" completed="0" inProgress="0" pending="0" />
    <Output>
      <DebugTrace>Assembly Init
ClassCleanup
AssemblyCleanup
</DebugTrace>
    </Output>
  </ResultSummary>
  <TestDefinitions>
    <UnitTest name="ShouldBeAbleToFindBoy" storage="c:\users\mert.sakarya\documents\visual studio 2010\projects\codefirst\ms.katusha.test\bin\debug\ms.katusha.test.dll" id="c110fe79-5d51-7c14-01d1-711d00a6e64f">
      <Execution id="f0826c0b-ef11-440c-bb20-75f306e91c5e" />
      <TestMethod codeBase="C:/Users/mert.sakarya/documents/visual studio 2010/Projects/CodeFirst/MS.Katusha.Test/bin/Debug/MS.Katusha.Test.DLL" adapterTypeName="Microsoft.VisualStudio.TestTools.TestTypes.Unit.UnitTestAdapter, Microsoft.VisualStudio.QualityTools.Tips.UnitTest.Adapter, Version=10.0.0.0, Culture=neutral, PublicKeyToken=b03f5f7f11d50a3a" className="MS.Katusha.Test.BoyRepositoryTest, MS.Katusha.Test, Version=1.0.0.0, Culture=neutral, PublicKeyToken=null" name="ShouldBeAbleToFindBoy" />
    </UnitTest>
    <UnitTest name="TestVisitAndConversation" storage="c:\users\mert.sakarya\documents\visual studio 2010\projects\codefirst\ms.katusha.test\bin\debug\ms.katusha.test.dll" id="612255e6-ac16-66c6-627d-e06d4332ae15">
      <Execution id="85e8d7b8-7596-475a-b3c2-a9644e755623" />
      <TestMethod codeBase="C:/Users/mert.sakarya/documents/visual studio 2010/Projects/CodeFirst/MS.Katusha.Test/bin/Debug/MS.Katusha.Test.DLL" adapterTypeName="Microsoft.VisualStudio.TestTools.TestTypes.Unit.UnitTestAdapter, Microsoft.VisualStudio.QualityTools.Tips.UnitTest.Adapter, Version=10.0.0.0, Culture=neutral, PublicKeyToken=b03f5f7f11d50a3a" className="MS.Katusha.Test.BoyRepositoryTest, MS.Katusha.Test, Version=1.0.0.0, Culture=neutral, PublicKeyToken=null" name="TestVisitAndConversation" />
    </UnitTest>
    <UnitTest name="ShouldBeAbleToFindBoy" storage="c:\users\mert.sakarya\documents\visual studio 2010\projects\codefirst\ms.katusha.test\bin\debug\ms.katusha.test.dll" id="2c3b54dd-eda2-8575-6b29-4aef6babadf6">
      <Execution id="ae8726e0-e09a-4cd2-bce9-b6054391218a" />
      <TestMethod codeBase="C:/Users/mert.sakarya/documents/visual studio 2010/Projects/CodeFirst/MS.Katusha.Test/bin/Debug/MS.Katusha.Test.DLL" adapterTypeName="Microsoft.VisualStudio.TestTools.TestTypes.Unit.UnitTestAdapter, Microsoft.VisualStudio.QualityTools.Tips.UnitTest.Adapter, Version=10.0.0.0, Culture=neutral, PublicKeyToken=b03f5f7f11d50a3a" className="MS.Katusha.Test.KatushaRepositoryTest, MS.Katusha.Test, Version=1.0.0.0, Culture=neutral, PublicKeyToken=null" name="ShouldBeAbleToFindBoy" />
    </UnitTest>
    <UnitTest name="ShouldBeAbleToFindBoy2" storage="c:\users\mert.sakarya\documents\visual studio 2010\projects\codefirst\ms.katusha.test\bin\debug\ms.katusha.test.dll" id="329007e2-3baa-f261-caae-3580f430a309">
      <Execution id="b7ce02f8-4362-4eca-8c76-8c2194a969df" />
      <TestMethod codeBase="C:/Users/mert.sakarya/documents/visual studio 2010/Projects/CodeFirst/MS.Katusha.Test/bin/Debug/MS.Katusha.Test.DLL" adapterTypeName="Microsoft.VisualStudio.TestTools.TestTypes.Unit.UnitTestAdapter, Microsoft.VisualStudio.QualityTools.Tips.UnitTest.Adapter, Version=10.0.0.0, Culture=neutral, PublicKeyToken=b03f5f7f11d50a3a" className="MS.Katusha.Test.BoyRepositoryTest, MS.Katusha.Test, Version=1.0.0.0, Culture=neutral, PublicKeyToken=null" name="ShouldBeAbleToFindBoy2" />
    </UnitTest>
    <UnitTest name="ShouldBeAbleToFindAUser" storage="c:\users\mert.sakarya\documents\visual studio 2010\projects\codefirst\ms.katusha.test\bin\debug\ms.katusha.test.dll" id="877536f0-aab5-dc3d-50d4-130ded0dfe18">
      <Execution id="d6c2c08d-24b5-4435-ba5c-3af298c5d23d" />
      <TestMethod codeBase="C:/Users/mert.sakarya/documents/visual studio 2010/Projects/CodeFirst/MS.Katusha.Test/bin/Debug/MS.Katusha.Test.DLL" adapterTypeName="Microsoft.VisualStudio.TestTools.TestTypes.Unit.UnitTestAdapter, Microsoft.VisualStudio.QualityTools.Tips.UnitTest.Adapter, Version=10.0.0.0, Culture=neutral, PublicKeyToken=b03f5f7f11d50a3a" className="MS.Katusha.Test.KatushaRepositoryTest, MS.Katusha.Test, Version=1.0.0.0, Culture=neutral, PublicKeyToken=null" name="ShouldBeAbleToFindAUser" />
    </UnitTest>
    <UnitTest name="TestVisits" storage="c:\users\mert.sakarya\documents\visual studio 2010\projects\codefirst\ms.katusha.test\bin\debug\ms.katusha.test.dll" id="d22554e5-525e-5d9c-f2ee-f7ad962ac07f">
      <Execution id="70498077-2add-4b7d-a1e6-65507caa0e67" />
      <TestMethod codeBase="C:/Users/mert.sakarya/documents/visual studio 2010/Projects/CodeFirst/MS.Katusha.Test/bin/Debug/MS.Katusha.Test.DLL" adapterTypeName="Microsoft.VisualStudio.TestTools.TestTypes.Unit.UnitTestAdapter, Microsoft.VisualStudio.QualityTools.Tips.UnitTest.Adapter, Version=10.0.0.0, Culture=neutral, PublicKeyToken=b03f5f7f11d50a3a" className="MS.Katusha.Test.BoyRepositoryTest, MS.Katusha.Test, Version=1.0.0.0, Culture=neutral, PublicKeyToken=null" name="TestVisits" />
    </UnitTest>
  </TestDefinitions>
  <TestLists>
    <TestList name="Results Not in a List" id="8c84fa94-04c1-424b-9868-57a2d4851a1d" />
    <TestList name="All Loaded Results" id="19431567-8539-422a-85d7-44ee4e166bda" />
  </TestLists>
  <TestEntries>
    <TestEntry testId="2c3b54dd-eda2-8575-6b29-4aef6babadf6" executionId="ae8726e0-e09a-4cd2-bce9-b6054391218a" testListId="8c84fa94-04c1-424b-9868-57a2d4851a1d" />
    <TestEntry testId="877536f0-aab5-dc3d-50d4-130ded0dfe18" executionId="d6c2c08d-24b5-4435-ba5c-3af298c5d23d" testListId="8c84fa94-04c1-424b-9868-57a2d4851a1d" />
    <TestEntry testId="329007e2-3baa-f261-caae-3580f430a309" executionId="b7ce02f8-4362-4eca-8c76-8c2194a969df" testListId="8c84fa94-04c1-424b-9868-57a2d4851a1d" />
    <TestEntry testId="c110fe79-5d51-7c14-01d1-711d00a6e64f" executionId="f0826c0b-ef11-440c-bb20-75f306e91c5e" testListId="8c84fa94-04c1-424b-9868-57a2d4851a1d" />
    <TestEntry testId="612255e6-ac16-66c6-627d-e06d4332ae15" executionId="85e8d7b8-7596-475a-b3c2-a9644e755623" testListId="8c84fa94-04c1-424b-9868-57a2d4851a1d" />
    <TestEntry testId="d22554e5-525e-5d9c-f2ee-f7ad962ac07f" executionId="70498077-2add-4b7d-a1e6-65507caa0e67" testListId="8c84fa94-04c1-424b-9868-57a2d4851a1d" />
  </TestEntries>
  <Results>
    <UnitTestResult executionId="ae8726e0-e09a-4cd2-bce9-b6054391218a" testId="2c3b54dd-eda2-8575-6b29-4aef6babadf6" testName="ShouldBeAbleToFindBoy" computerName="MERTSAKARYA" duration="00:00:02.1572011" startTime="2012-03-05T19:53:55.6995399+02:00" endTime="2012-03-05T19:54:00.1039803+02:00" testType="13cdc9d9-ddb5-4fa4-a97d-d965ccfc6d4b" outcome="Passed" testListId="8c84fa94-04c1-424b-9868-57a2d4851a1d" relativeResultsDirectory="ae8726e0-e09a-4cd2-bce9-b6054391218a">
      <Output>
        <DebugTrace>Found 1 boy and 2 photos, out of 3 boys and 3 girls.
</DebugTrace>
      </Output>
    </UnitTestResult>
    <UnitTestResult executionId="d6c2c08d-24b5-4435-ba5c-3af298c5d23d" testId="877536f0-aab5-dc3d-50d4-130ded0dfe18" testName="ShouldBeAbleToFindAUser" computerName="MERTSAKARYA" duration="00:00:00.2541507" startTime="2012-03-05T19:54:00.1119811+02:00" endTime="2012-03-05T19:54:00.4020101+02:00" testType="13cdc9d9-ddb5-4fa4-a97d-d965ccfc6d4b" outcome="Passed" testListId="8c84fa94-04c1-424b-9868-57a2d4851a1d" relativeResultsDirectory="d6c2c08d-24b5-4435-ba5c-3af298c5d23d">
      <Output>
        <DebugTrace>Result 05.03.2013 17:48:57
</DebugTrace>
      </Output>
    </UnitTestResult>
    <UnitTestResult executionId="b7ce02f8-4362-4eca-8c76-8c2194a969df" testId="329007e2-3baa-f261-caae-3580f430a309" testName="ShouldBeAbleToFindBoy2" computerName="MERTSAKARYA" duration="00:00:00.1573723" startTime="2012-03-05T19:54:00.4300129+02:00" endTime="2012-03-05T19:54:00.5950294+02:00" testType="13cdc9d9-ddb5-4fa4-a97d-d965ccfc6d4b" outcome="Passed" testListId="8c84fa94-04c1-424b-9868-57a2d4851a1d" relativeResultsDirectory="b7ce02f8-4362-4eca-8c76-8c2194a969df">
      <Output>
        <DebugTrace>Found User:
 Id: 2 | ts: System.Byte[] | ModifiedDate: 05.03.2012 17:48:57 | CreationsDate: 05.03.2012 17:48:57 | Guid: 40712f86-6898-4036-b23b-f9c1c2d4fe50 | Profile: Id: 2 | ts: System.Byte[] | ModifiedDate: 05.03.2012 17:48:57 | CreationsDate: 05.03.2012 17:48:57 | Guid: 40712f86-6898-4036-b23b-f9c1c2d4fe50 | FriendlyName: mertiko2 | UserId: 2 | State:  | Name:  | From: Turkey | City: Istanbul2 | BodyBuild:  | EyeColor:  | HairColor:  | Smokes:  | Alcohol:  | Religion:  | Height: 170 | BirthYear: 0 | DickSize: Medium | DickThickness: Thick | Gender: Male | UserName: mertsakarya2 | Email: mertsakarya@gmail.com | Phone:  | Password: 690514
Found boy with 2 photos.
Found boy with 2 photos.
Found boy with 2 photos.
</DebugTrace>
      </Output>
    </UnitTestResult>
    <UnitTestResult executionId="f0826c0b-ef11-440c-bb20-75f306e91c5e" testId="c110fe79-5d51-7c14-01d1-711d00a6e64f" testName="ShouldBeAbleToFindBoy" computerName="MERTSAKARYA" duration="00:00:00.0277295" startTime="2012-03-05T19:54:00.6030302+02:00" endTime="2012-03-05T19:54:00.6370336+02:00" testType="13cdc9d9-ddb5-4fa4-a97d-d965ccfc6d4b" outcome="Passed" testListId="8c84fa94-04c1-424b-9868-57a2d4851a1d" relativeResultsDirectory="f0826c0b-ef11-440c-bb20-75f306e91c5e">
      <Output>
        <DebugTrace>Found 3 boys and 3 boys
</DebugTrace>
      </Output>
    </UnitTestResult>
    <UnitTestResult executionId="85e8d7b8-7596-475a-b3c2-a9644e755623" testId="612255e6-ac16-66c6-627d-e06d4332ae15" testName="TestVisitAndConversation" computerName="MERTSAKARYA" duration="00:00:00.3557274" startTime="2012-03-05T19:54:00.6440343+02:00" endTime="2012-03-05T19:54:01.0060705+02:00" testType="13cdc9d9-ddb5-4fa4-a97d-d965ccfc6d4b" outcome="Passed" testListId="8c84fa94-04c1-424b-9868-57a2d4851a1d" relativeResultsDirectory="85e8d7b8-7596-475a-b3c2-a9644e755623">
      <Output>
        <DebugTrace>Id: 43 | ts: System.Byte[] | ModifiedDate: 05.03.2012 17:54:00 | CreationsDate: 05.03.2012 17:54:00 | Guid: 4b9c7fa9-05e4-4908-9240-970f3b1324a1 | ProfileId: 1 | VisitorProfileId: 4
Id: 4 | ts: System.Byte[] | ModifiedDate: 05.03.2012 17:54:00 | CreationsDate: 05.03.2012 17:54:00 | Guid: b0bac00c-70b8-48c3-ad5c-fd43b7c671f7 | From: 1 | To: 4 | ReadDate:  | Subject: Hi
MESSAGE: [

I would 
Like to meet you

]
Id: 4 | ts: System.Byte[] | ModifiedDate: 05.03.2012 17:54:00 | CreationsDate: 05.03.2012 17:54:00 | Guid: b0bac00c-70b8-48c3-ad5c-fd43b7c671f7 | From: 1 | To: 4 | ReadDate:  | Subject: Hi
MESSAGE: [

I would 
Like to meet you

]
</DebugTrace>
      </Output>
    </UnitTestResult>
    <UnitTestResult executionId="70498077-2add-4b7d-a1e6-65507caa0e67" testId="d22554e5-525e-5d9c-f2ee-f7ad962ac07f" testName="TestVisits" computerName="MERTSAKARYA" duration="00:00:46.2317569" startTime="2012-03-05T19:54:01.0220721+02:00" endTime="2012-03-05T19:54:47.2618854+02:00" testType="13cdc9d9-ddb5-4fa4-a97d-d965ccfc6d4b" outcome="Passed" testListId="8c84fa94-04c1-424b-9868-57a2d4851a1d" relativeResultsDirectory="70498077-2add-4b7d-a1e6-65507caa0e67">
      <Output>
        <DebugTrace>Id: 44 | ts: System.Byte[] | ModifiedDate: 05.03.2012 17:54:01 | CreationsDate: 05.03.2012 17:54:01 | Guid: ef1a4bdb-d793-4f23-a545-cc331eeb34f6 | ProfileId: 1 | VisitorProfileId: 6
Id: 45 | ts: System.Byte[] | ModifiedDate: 05.03.2012 17:54:01 | CreationsDate: 05.03.2012 17:54:01 | Guid: c0f09282-241a-4fcc-97b9-9b570a64d652 | ProfileId: 3 | VisitorProfileId: 5
Id: 46 | ts: System.Byte[] | ModifiedDate: 05.03.2012 17:54:01 | CreationsDate: 05.03.2012 17:54:01 | Guid: 39ae76b4-852f-4259-b6b6-4277dd226b87 | ProfileId: 1 | VisitorProfileId: 5
Id: 47 | ts: System.Byte[] | ModifiedDate: 05.03.2012 17:54:01 | CreationsDate: 05.03.2012 17:54:01 | Guid: a6afad85-f292-4d58-be30-7750224f5128 | ProfileId: 1 | VisitorProfileId: 5
Id: 48 | ts: System.Byte[] | ModifiedDate: 05.03.2012 17:54:01 | CreationsDate: 05.03.2012 17:54:01 | Guid: 663ad20b-c07b-4af1-af75-f1fa3f1ac305 | ProfileId: 2 | VisitorProfileId: 4
Id: 49 | ts: System.Byte[] | ModifiedDate: 05.03.2012 17:54:01 | CreationsDate: 05.03.2012 17:54:01 | Guid: 54194e7c-8c85-4de4-af2d-fee2f0cae22f | ProfileId: 3 | VisitorProfileId: 4
Id: 50 | ts: System.Byte[] | ModifiedDate: 05.03.2012 17:54:01 | CreationsDate: 05.03.2012 17:54:01 | Guid: 1135e984-a4aa-4c22-aefb-d179496a408a | ProfileId: 1 | VisitorProfileId: 4
Id: 51 | ts: System.Byte[] | ModifiedDate: 05.03.2012 17:54:01 | CreationsDate: 05.03.2012 17:54:01 | Guid: a464386d-8538-43d0-b560-4b827244a374 | ProfileId: 4 | VisitorProfileId: 5
Id: 4 | ts: System.Byte[] | ModifiedDate: 05.03.2012 17:48:57 | CreationsDate: 05.03.2012 17:48:57 | Guid: 30f03d92-7761-4c10-abdf-1907664dd808 | FriendlyName: girl_mertiko4 | UserId: 4 | State:  | Name:  | From: Turkey | City: Ankara4 | BodyBuild:  | EyeColor:  | HairColor:  | Smokes:  | Alcohol:  | Religion:  | Height: 170 | BirthYear: 0
Photos: [
	Id: 7 | ts: System.Byte[] | ModifiedDate: 05.03.2012 17:48:57 | CreationsDate: 05.03.2012 17:48:57 | Guid: 4f51d8dd-42e9-4e27-a278-ccac684d077f | ProfileId: 4 | Description: [
Açıklama4
]
	Id: 8 | ts: System.Byte[] | ModifiedDate: 05.03.2012 17:48:57 | CreationsDate: 05.03.2012 17:48:57 | Guid: 23248ba1-6dff-4ad4-9d9d-5ab8ad303758 | ProfileId: 4 | Description: [
Açıklama24
]
] | BreastSize: Large
</DebugTrace>
      </Output>
    </UnitTestResult>
  </Results>
</TestRun>